✔ a new structural condition interrupts a current real ActorVisual launch and cannot revive it (4.948625ms)
✔ strategic activation respects structural low power while enemy charge privacy stays generic (0.389416ms)
✔ actual aircraft poses retain current owned empty payload through parked, service, damage and final-shot cues (5.50075ms)
✔ payload appearance checks current viewer, current owner and current private data every time (0.766167ms)
✔ all departure/recovery aliases keep canonical frame clocks and altitude when payload changes (3.563ms)
✔ missing empty variants stay explicit incomplete art without changing authoritative state (0.231625ms)
✔ a decoding atlas cannot retain stale payload pixels across empty or viewer boundaries (0.93825ms)
✔ all four owned launchers retain disclosed empty payload through mobile and transition states (7.241875ms)
✔ IR first and last shots use separate real cue clocks and current post-shot charges (2.334375ms)
✔ partial pose aliases preserve progress and current action epoch when knowledge changes (0.348375ms)
✔ current ownership and private knowledge gate every mobile, ready and firing variant (0.807583ms)
✔ packing, undeployment and structural interruptions discard launcher shot cues (0.965ms)
✔ missing variants are an explicit incomplete-art diagnostic and unrelated actors remain unchanged (0.253416ms)
✔ pending real atlas pages cannot keep stale payload or an expired departing missile (0.905458ms)
✔ final interceptor launch uses an empty rack only for disclosed owned charges (1.578083ms)
✔ owned structural battery art preserves priority and known charge count with legacy fallback (0.635083ms)
✔ cosmetic squad casualties follow only disclosed health and restore with healing (0.122041ms)
✔ authoritative support and channel names select their authored work animation (0.110042ms)
✔ deployment, packing and damage cannot disappear behind ordinary idle art (0.103166ms)
✔ boarding receiver context opens only authored doors and blocked unloading keeps them open (0.295167ms)
✔ building animations follow known power and service facts without disclosing enemy assignments (0.760916ms)
ℹ tests 21
ℹ suites 0
ℹ pass 21
ℹ fail 0
ℹ cancelled 0
ℹ skipped 0
ℹ todo 0
ℹ duration_ms 398.471833
