=== RUN   TestAuthoredCaptureGunnerReassignment
--- PASS: TestAuthoredCaptureGunnerReassignment (0.00s)
=== RUN   TestAuthoredCaptureRepairerReassignment
--- PASS: TestAuthoredCaptureRepairerReassignment (0.00s)
=== RUN   TestAuthoredCaptureVisibleSiteObservedInfantry
    authored_capture_visible_site_test.go:102: visible alternative {39500 86500} authoritative advisory {Player:1 Sequence:0 Index:0 Accepted:true Code:indeterminate Tick:1612}
    authored_capture_visible_site_test.go:102: visible alternative {43500 86500} authoritative advisory {Player:1 Sequence:0 Index:0 Accepted:true Code:indeterminate Tick:1612}
    authored_capture_visible_site_test.go:102: visible alternative {37500 88500} authoritative advisory {Player:1 Sequence:0 Index:0 Accepted:true Code:indeterminate Tick:1612}
    authored_capture_visible_site_test.go:102: visible alternative {41500 84500} authoritative advisory {Player:1 Sequence:0 Index:0 Accepted:true Code:indeterminate Tick:1612}
    authored_capture_visible_site_test.go:102: visible alternative {45500 92500} authoritative advisory {Player:1 Sequence:0 Index:0 Accepted:true Code:indeterminate Tick:1612}
    authored_capture_visible_site_test.go:102: visible alternative {37500 84500} authoritative advisory {Player:1 Sequence:0 Index:0 Accepted:true Code:indeterminate Tick:1612}
    authored_capture_visible_site_test.go:102: visible alternative {45500 84500} authoritative advisory {Player:1 Sequence:0 Index:0 Accepted:true Code:indeterminate Tick:1612}
    authored_capture_visible_site_test.go:102: visible alternative {41500 94500} authoritative advisory {Player:1 Sequence:0 Index:0 Accepted:true Code:indeterminate Tick:1612}
    authored_capture_visible_site_test.go:102: visible alternative {35500 88500} authoritative advisory {Player:1 Sequence:0 Index:0 Accepted:true Code:indeterminate Tick:1612}
    authored_capture_visible_site_test.go:102: visible alternative {41500 82500} authoritative advisory {Player:1 Sequence:0 Index:0 Accepted:true Code:indeterminate Tick:1612}
    authored_capture_visible_site_test.go:102: visible alternative {47500 94500} authoritative advisory {Player:1 Sequence:0 Index:0 Accepted:true Code:indeterminate Tick:1612}
--- PASS: TestAuthoredCaptureVisibleSiteObservedInfantry (0.22s)
=== RUN   TestAuthoredCaptureConstructionReserve
--- PASS: TestAuthoredCaptureConstructionReserve (0.03s)
PASS
