1790680892721	geckodriver	INFO	Listening on 127.0.0.1:4445
1790680892871	mozrunner::runner	INFO	Running command: MOZ_CRASHREPORTER="1" MOZ_CRASHREPORTER_NO_REPORT="1" MOZ_CRASHREPORTER_SHUTDOWN="1" "/Users/mohammedkalouti ... "--marionette" "-foreground" "-no-remote" "-profile" "/var/folders/n4/43n_jxh10gg3s770b_8jbzb80000gn/T/rust_mozprofileHkLFbQ"
1790680896766	Marionette	INFO	Marionette enabled
2026-09-29 11:21:37.014 Firefox GPU Helper[82266:25655177] Failure on line 688 in function id scheduleApplicationNotification(LSNotificationCode, NSWorkspaceNotificationCenter *): noErr == _LSModifyNotification(notificationID, 1, &code, 0, NULL, NULL, NULL)
2026-09-29 11:21:37.088 Firefox GPU Helper[82266:25655177] Error received in message reply handler: Connection invalid
2026-09-29 11:21:37.088 Firefox GPU Helper[82266:25655214] Connection Invalid error for service com.apple.hiservices-xpcservice.
[WARN  rkv::backend::impl_safe::environment] `load_ratio()` is irrelevant for this storage backend.
1790680897449	Marionette	INFO	Listening on port 56604
Read port: 56604
UNSUPPORTED (log once): POSSIBLE ISSUE: unit 1 GLD_TEXTURE_INDEX_2D is unloadable and bound to sampler type (Float) - using zero texture because texture unloadable
[WARN  webrender::device::gl] Missing optimized shader source for ps_quad_gradient_DITHERING
console.error: "Experiment desktop-release-rollout-show-relay-to-all-browsers-next-sign-up-modal-cta has unknown featureId: email-autocomplete-relay"
console.error: "Experiment visual-card-updates has unknown featureId: newtabRefinedCardsLayout"
console.error: "Experiment enable-nimbus-unenrollment-synchronization has unknown featureId: nimbusStore"
console.error: "Experiment private-window-visual-refresh-design-change-only has unknown featureId: feltPrivacy"
JavaScript warning: http://127.0.0.1:56599/assets/index-CXclTSnc.js, line 11: WebGL context was lost.
JavaScript warning: , line 0: WebGL warning: texImage: Alpha-premult and y-flip are deprecated for non-DOM-Element uploads.
JavaScript warning: , line 0: WebGL warning: drawElementsInstanced: Tex image TEXTURE_2D level 0 is incurring lazy initialization.
[WARN  rkv::backend::impl_safe::environment] `load_ratio()` is irrelevant for this storage backend.
console.error: "Experiment desktop-release-rollout-show-relay-to-all-browsers-next-sign-up-modal-cta has unknown featureId: email-autocomplete-relay"
console.error: "Experiment visual-card-updates has unknown featureId: newtabRefinedCardsLayout"
console.error: "Experiment enable-nimbus-unenrollment-synchronization has unknown featureId: nimbusStore"
console.error: "Experiment private-window-visual-refresh-design-change-only has unknown featureId: feltPrivacy"
JavaScript warning: http://127.0.0.1:56599/assets/index-CXclTSnc.js, line 16: WebGL context was lost.
JavaScript warning: , line 0: WebGL warning: texImage: Alpha-premult and y-flip are deprecated for non-DOM-Element uploads.
JavaScript warning: , line 0: WebGL warning: drawElementsInstanced: Tex image TEXTURE_2D level 0 is incurring lazy initialization.
JavaScript warning: http://127.0.0.1:56599/assets/index-CXclTSnc.js, line 16: WebGL context was lost.
JavaScript warning: , line 0: WebGL warning: texImage: Alpha-premult and y-flip are deprecated for non-DOM-Element uploads.
JavaScript warning: , line 0: WebGL warning: drawElementsInstanced: Tex image TEXTURE_2D level 0 is incurring lazy initialization.
JavaScript warning: http://127.0.0.1:56599/assets/index-CXclTSnc.js, line 16: WebGL context was lost.
1790680948329	Marionette	INFO	Stopped listening on port 56604
JavaScript error: resource://gre/modules/PrivateBrowsingUtils.sys.mjs, line 50: TypeError: can't access property "QueryInterface", aWindow.docShell is null
1790680948660	webdriver::server	INFO	Shutting down
