✔ a new structural condition interrupts a current real ActorVisual launch and cannot revive it (6.251209ms)
✔ strategic activation respects structural low power while enemy charge privacy stays generic (0.390666ms)
✔ actual aircraft poses retain current owned empty payload through parked, service, damage and final-shot cues (5.996334ms)
✔ payload appearance checks current viewer, current owner and current private data every time (0.327708ms)
✔ all departure/recovery aliases keep canonical frame clocks and altitude when payload changes (0.380958ms)
✔ missing empty variants stay explicit incomplete art without changing authoritative state (0.146625ms)
✔ a decoding atlas cannot retain stale payload pixels across empty or viewer boundaries (1.258542ms)
✔ all four owned launchers retain disclosed empty payload through mobile and transition states (11.345459ms)
✔ IR first and last shots use separate real cue clocks and current post-shot charges (0.789875ms)
✔ partial pose aliases preserve progress and current action epoch when knowledge changes (0.474125ms)
✔ current ownership and private knowledge gate every mobile, ready and firing variant (0.510917ms)
✔ packing, undeployment and structural interruptions discard launcher shot cues (0.668833ms)
✔ missing variants are an explicit incomplete-art diagnostic and unrelated actors remain unchanged (0.204291ms)
✔ pending real atlas pages cannot keep stale payload or an expired departing missile (0.961666ms)
✔ final interceptor launch uses an empty rack only for disclosed owned charges (1.71875ms)
✔ owned structural battery art preserves priority and known charge count with legacy fallback (0.512959ms)
✔ cosmetic squad casualties follow only disclosed health and restore with healing (0.091041ms)
✔ authoritative support and channel names select their authored work animation (0.11725ms)
✔ deployment, packing and damage cannot disappear behind ordinary idle art (0.107292ms)
✔ boarding receiver context opens only authored doors and blocked unloading keeps them open (0.167834ms)
✔ building animations follow known power and service facts without disclosing enemy assignments (0.39375ms)
ℹ tests 21
ℹ suites 0
ℹ pass 21
ℹ fail 0
ℹ cancelled 0
ℹ skipped 0
ℹ todo 0
ℹ duration_ms 319.991458
