✔ guest solo needs no profile; remembered local profiles restore without appearing in state or game backups (51.90375ms)
✔ 401 becomes a recoverable sign-in state and removes only the rejected token (8.796333ms)
✔ offline restore retains remembered credentials and a later successful service request recovers (7.918125ms)
✔ tokens are host scoped and stale logout cannot erase a newer remembered profile (5.120542ms)
✔ session-only sign-in clears the prior remembered credential and logout preserves gameplay files (4.534125ms)
✔ credential vault CAS rejects cross-tab replacement without exposing tokens in error details (2.6ms)
✔ credential revisions survive logout/recreation, rejecting stale writes and stale cleanup of the same token (4.065333ms)
✔ schema-one credentials migrate without token loss and seed the next revision after removal (3.045209ms)
✔ stale session logout cannot remove the same token restored into a newer credential generation (3.635459ms)
✔ explicit private sign-in keys restore only their exact host and verified profile; never public state or backups (7.459625ms)
✔ sign-in key parsing rejects malformed, oversized and unsupported files without exposing token in errors (3.879834ms)
✔ profile changes during asynchronous key reads reject before adopting the old exported account (7.000917ms)
✔ a new structural condition interrupts a current real ActorVisual launch and cannot revive it (3.1745ms)
✔ strategic activation respects structural low power while enemy charge privacy stays generic (0.149208ms)
✔ actor effect deadlines use exact Go ticks including indefinite aura and expire without cooldown guesses (2.775417ms)
✔ only the owner receives magazine, ambush, service and emergency countdown information (0.226917ms)
✔ runtime without new metadata never starts an invented emergency timer or active buff (0.8195ms)
✔ a retained Return order does not label a landed aircraft as still returning (0.292792ms)
✔ known public effects remain visible on foreign authorized actors without private economy (0.280167ms)
✔ channel progress and countdown come from Go state, and cancellation removes them (0.214209ms)
✔ charges use the actual Go catalog while ABM count does not invent a capacity (0.22125ms)
✔ unknown/malformed/internal effects and contained or destroyed actors have no labels (0.221333ms)
✔ air production service wait is an owner-only unavailable badge, not a guessed capacity count (0.3165ms)
✔ only the active Return order describes current return flight (0.298667ms)
✔ current owned inactive home distinguishes paused service from low power and unknown home data (0.332959ms)
✔ grounded emergency no-home warning remains distinct from takeoff deadline and airborne endurance (0.345417ms)
✔ only explicit recoverable advisor failures become nonblocking feedback (0.518792ms)
✔ background timeout never opens global error dialog; stale production is disabled and later Go advice restores it (1.079541ms)
✔ recovery preserves newer unrelated notices and unrelated failures still reach global error path (0.223125ms)
✔ a late failure for an obsolete selection does not change controls or notices (0.339083ms)
✔ explicit order advice failure sends nothing and never automatically resubmits the command (1.047458ms)
✔ LAN advice uses only slot auth, preserves orders and exposes uncertainty (28.447167ms)
✔ advice rejects wrong player, unexpected IDs, tick and result acceptance (2.469125ms)
✔ one advice request is pending and stale selection discards its response (0.687958ms)
✔ advice respects request bounds and propagates rate error without retries (0.932542ms)
✔ production menu status remains independent, bounded and authorized (1.601334ms)
✔ ready offline environment prefetches selection-wide affordances then separates alternatives from final orders (22.783333ms)
✔ ready environment guards session changes during affordance prefetch and batch validation (0.43175ms)
✔ online environment shares a paced request budget and uses independent candidate mode before sequential final check (521.8995ms)
✔ canceling a paced advice update prevents a second network request (0.76375ms)
✔ advice pacing starts after dispatch even when request setup is delayed (1.193125ms)
✔ actual aircraft poses retain current owned empty payload through parked, service, damage and final-shot cues (11.641791ms)
✔ payload appearance checks current viewer, current owner and current private data every time (0.674417ms)
✔ all departure/recovery aliases keep canonical frame clocks and altitude when payload changes (0.770625ms)
✔ missing empty variants stay explicit incomplete art without changing authoritative state (0.284042ms)
✔ a decoding atlas cannot retain stale payload pixels across empty or viewer boundaries (0.870333ms)
✔ atlas mask preserves faint body opacity across byte and row boundaries (1.46525ms)
✔ normal tolerance reaches nearby body but never pixels belonging to a neighboring atlas frame (0.145542ms)
✔ empty body page remains unselectable and malformed decoded dimensions are rejected (0.502125ms)
✔ all twelve ambient effects come from current disclosed state or an exact transition (1.562833ms)
✔ movement and building work stop on actual stagnation; paused tick preserves phases and transitions once (0.265625ms)
✔ baseline, replacement, perspective, rewind and long gaps suppress historical bursts and depletion (0.286834ms)
✔ lost, dead, contained, recovered and replaced actors cannot retain their looping cosmetics (0.833792ms)
✔ depletion requires consecutive visible matching fields, never zero on first sight or a hidden transition (0.444542ms)
✔ event scopes, high water, future timestamps, bounded expiry and unknown aircraft crashes fail closed (0.391792ms)
✔ wreck smoke needs the identified immediately prior ground vehicle and ends on visibility loss (0.241208ms)
✔ ambient attachments track displayed actor height and interpolation; motion reductions keep a static frame (2.296917ms)
✔ rotor wash stays on ground and requires a disclosed low visual altitude (5.074792ms)
✔ combat keeps priority in the shared bounded pool and reset releases every ambient node (8.148667ms)
✔ seek publishes the replacement frame within 100ms before its paused clock and reply (2.388959ms)
✔ each reset while replacement is pending preserves the final authorized frame (0.289375ms)
✔ pause flushes the last throttled frame even without a replacement or finished outcome (0.374875ms)
✔ load/session replacement publishes its first frame immediately and clears the old owner (0.18925ms)
✔ same-tick perspective replacement publishes the new authorized owner immediately (0.174875ms)
✔ steady play retains the HUD throttle while every snapshot reaches the renderer (0.726666ms)
✔ menu and a buffering replacement never flush the previous session snapshot on pause (0.207333ms)
✔ already paused frames and a terminal outcome publish without waiting for another tick (0.216833ms)
✔ simultaneous art initialization and sheet requests share one verified generation (37.852166ms)
✔ a changed host cannot supply new sprite metadata beneath a retained art index (13.432125ms)
✔ failed index replacement keeps prior art; valid idle replacement moves metadata and identity together (9.187583ms)
✔ content reload canceled at its idle boundary cannot publish a new generation (5.723125ms)
✔ dispose aborts pending initialization and prevents late generation publication (1.335167ms)
✔ generation adapter keeps bytes exact and excludes private, cross-origin and non-GET requests (5.513458ms)
✔ index capture preserves exact whitespace and rejects oversized/incompatible data (2.8875ms)
✔ every Go roster and faction building maps exactly to the approved art inventory (3.188208ms)
✔ captured air producers and safehouses keep their original physical art (0.0865ms)
✔ actor identity refreshes generic faction art on capture and is stable after restore (0.090375ms)
✔ object skins follow explicit Go classes without inventing faction or objective identity (0.339709ms)
✔ actual cameo consumer uses full advertised building portrait and build keys independently (3.788125ms)
✔ actual build cameo falls back to its independently advertised portrait, and units retain legacy keys (0.50325ms)
✔ an advertised illustration load failure retains the existing missing-art result without unadvertised retries (0.377917ms)
✔ resolver prefers exact advertised keys independently and never guesses absent UI (0.316709ms)
✔ resolver rejects path traversal and URL syntax even when the malformed key is advertised (0.578625ms)
✔ captures exact index/manifest and verifies online bytes before JSON/decode (34.132917ms)
✔ retained A reads only A cache after B activation; explicit removal is fail closed (5.328708ms)
✔ cold new generation needs no worker or network; legacy reconnect must match exact index (5.825833ms)
✔ copied index, canonical manifest identity and private/unknown path exclusion (8.542084ms)
✔ manifest/index mismatch, duplicates, reserved URLs and corrupt cache metadata fail before payload (3.79175ms)
✔ truncated/oversized/corrupt payloads and canceled streams do not return bytes (4.937375ms)
✔ leased object URLs are verified, keyed, reference-counted, bounded and disposed (5.340083ms)
✔ bounded metadata, declared file sizes and redirected origins are rejected (4.137375ms)
✔ normal startup fan-out queues FIFO and all reads finish within the active bound (6.163042ms)
✔ queued cancellation and dispose never start waiting network; queue length is bounded (5.113417ms)
✔ aggregate declared active bytes stop a second large reader without allocating it (1.401ms)
✔ installer stores canonical manifest before READY; metadata failure/cancel keeps old usable cache (14.025583ms)
✔ legacy reinstall creates a verified successor; mutation of caller manifest cannot alter the transaction (3.479708ms)
✔ standard verifies selected world pages plus actual 2x portrait/build pairs, without unused 2x world pages (24.577084ms)
✔ high quality uses 2x world pages; the missing-high fallback matches the renderer (4.8965ms)
✔ a portrait also satisfies build fallback; missing portrait conservatively verifies every 2x beauty/team page (6.158333ms)
✔ a high-quality cameo fallback shares already verified metadata and images (0.840167ms)
✔ per-launch concurrent URL dedup counts bytes and decode only once; later launches reverify (1.369125ms)
✔ image verification is sequential and closes each bitmap before the next decode (0.610917ms)
✔ completed native EOF clears its deadline and detaches parent abort while preserving subsequent launch cancellation (0.970292ms)
✔ in-flight parent cancellation keeps its exact reason and clears the deadline (0.502875ms)
✔ in-flight 15s deadline remains a real TimeoutError and detaches parent listener (0.239083ms)
✔ download deadline is cleared at EOF before an asynchronous image decode finishes (0.31975ms)
✔ failure cleanup cannot be replaced by a later timeout or parent abort while reader cancellation settles (0.358542ms)
✔ a queued already-canceled call performs no fetch (0.111375ms)
✔ fetch/header failures and native body errors preserve cause and clean the deadline (0.232417ms)
✔ parent cancellation during image decoding closes the bitmap and is never relabeled as a corrupt image (0.198167ms)
✔ bad HTTP, empty body, malformed JSON and image decode failures remain failures (0.431917ms)
✔ encoded per-file/total limits still fail, stop the reader, and are counted once (0.313167ms)
✔ the file ceiling is bounded, sealed-roster-derived, and cannot be raised by a caller (0.205583ms)
✔ a valid 4550-file graph exceeds the old ceiling and verifies within the new bound (153.4495ms)
✔ path traversal, malformed or partial atlases, and conflicting image dimensions are rejected (2.404167ms)
✔ decoded atlas bounds and explicit UI pair dimensions must agree (0.72925ms)
✔ full advertised building UI keys replace unused high-world fallback pages (0.660416ms)
✔ preflight resolves portrait and build keys independently and keeps missing-portrait world fallback (1.860166ms)
✔ newly reachable advertised building UI missing from disk fails preflight rather than taking an unadvertised fallback (0.61225ms)
✔ audio manifest rejects unsafe URLs, malformed bounds and partial codec fallbacks (2.935042ms)
✔ audio byte read bounds hold without length headers (20.191459ms)
✔ warning bundles and selection cooldowns are location specific and resettable (0.100291ms)
✔ director consumes only new permitted events; rewind/reconnect/new perspective never burst old sound (2.237334ms)
✔ selection and command acknowledgment require owned actors or actual receipt; lost vision is not death (0.55825ms)
✔ owner economy, teammate and public endgame transitions produce captions without inventing hidden readiness (0.484458ms)
✔ service-loss audio warns only when the current living owned aircraft has no replacement home (2.674209ms)
✔ service-loss warning does not repeat across duplicate IDs, reset, rewind or foreign perspective (0.350917ms)
✔ autosaves follow simulation ticks, save checkpoints once, and begin a new schedule on load (0.754042ms)
✔ failed checkpoint retries with simulation backoff and quota errors wait for explicit recovery (1.359917ms)
✔ replay and online notifications never save; closing or replacing a session discards a captured old snapshot (0.162334ms)
✔ concurrent tick notifications coalesce and never overlap writes (0.163292ms)
✔ status callbacks may observe new ticks without reentrant captures and failed writes retain their exact snapshot (0.483458ms)
✔ defeat countdowns follow the actual perspective and simulation tick, never the wall clock (1.505458ms)
✔ recovery, defeat, finished outcomes and absent/invalid deadlines clear warnings (0.225708ms)
✔ memory captions preserve the observation timestamp across later ticks and reject future or malformed times (0.141667ms)
✔ build power estimate includes both capacity and demand without altering current economy (0.116834ms)
✔ continuous sound selects nearest three current screen actors, with quiet bed and no fog memory (11.043917ms)
✔ stationary, dead, landed and embarked actors have no engine, jets use bounded passes (0.407917ms)
✔ impact material requires an identified authorized entity, never a nearest-target guess (0.167834ms)
✔ map ambience derives solely from public map presentation (0.332708ms)
✔ enemy strategic alert uses only public threshold transition and never initial/seek catchup or ally charge (1.510916ms)
✔ endurance event alone supplies exact loss reason and suppresses generic duplicate independent of array order (0.610916ms)
✔ impact event material can use only current or immediately previous permitted target (0.353042ms)
✔ battlefield attachment follows explicit pause and detachment without retaining renderer callbacks (0.519541ms)
✔ verified pack responses drop transport and Vary headers without changing bytes or content type (25.089583ms)
✔ campaign order unlocks on any difficulty and keeps version-specific medals separate (31.310542ms)
✔ missing story predecessor remains locked while prior completed missions can be replayed (4.055708ms)
✔ live solo victory records authoritative mission version and completed optional objectives exactly once (4.930375ms)
✔ replay, practice, unfinished, defeat and changing sessions never award progression (3.007584ms)
✔ online completion requires committed matching commander result, excludes observers and remains host-scoped (4.399084ms)
✔ first run requires explicit settings, preserves conflicting choices and returns a launch intent only (5.834333ms)
✔ future first-run settings remain untouched and do not silently enable sound (6.911958ms)
✔ muzzle uses the exact displayed fallback frame, alias, part offset and heading while a page loads (10.521708ms)
✔ shot weapon and resolved armor survive source loss, conversion and landed aircraft (2.047083ms)
✔ legacy absence and malformed metadata remain distinct and never claim a miss (0.669042ms)
✔ positive hit facts cannot recover a removed, contained, dead or undisclosed target (0.356208ms)
✔ area and strategic metadata never manufacture victim identity (0.104958ms)
✔ cover feedback requires explicit positive small-arm mitigation on infantry (0.140625ms)
✔ trace may not bridge a hidden pocket or extrapolate off the known map (0.522541ms)
✔ accessibility variants take priority over decorative quality (0.07775ms)
✔ axial flash direction follows dimetric displayed headings, including independent turret directions (0.138791ms)
✔ projectile direction needs real successive movement and never a guessed first sample or target (5.123375ms)
✔ rotated frame bounds keep large offscreen-origin smoke and cull genuinely absent ink (0.148375ms)
✔ confirmed hits and cover select exact art IDs; ambiguity never becomes miss or blocked (2.158791ms)
✔ interception is a warning-point outcome distinct from a launch or decoy (0.301917ms)
✔ scope, future events, stale cues and unsupported kinds fail closed (0.338792ms)
✔ timeline deduplicates aggregates, freezes paused tick, expires and ignores future watermark (1.155458ms)
✔ first load, replacement, perspective, rewind and long gaps establish empty baselines (0.908459ms)
✔ lost hit anchors disappear immediately, without manufacturing death or hidden locations (0.27675ms)
✔ trails retain only successive authorized samples and reset on loss, reuse or replacement (0.48025ms)
✔ full legal actor-scale burst preserves all essential cues independently of decoration budgets (2.669666ms)
✔ destruction specializes only the identified preceding permitted actor, with bounded authored clip clocks (3.293ms)
✔ death classification cannot use hidden history, foreign ownership, containers or a redacted impact (0.547125ms)
✔ combat audio uses the emitted weapon after source conversion, death or disappearance (1.34775ms)
✔ combat audio consumes positive resolution armor, including landed aircraft, without current type guessing (0.336583ms)
✔ known unknown/area/invalid metadata cannot recover material from current or previous victim (0.304542ms)
✔ only absent metadata retains older runtime audio behavior (0.194416ms)
✔ explicit decoy/interception events remain separate, deduplicate IDs and never guess a defender or failed shot (2.174292ms)
✔ director ignores future combat cues and consumes a valid later delivery only once (0.376833ms)
✔ fixed batteries and mobile Aegis warn on owned charge depletion, not ammo or foreign counts (0.585625ms)
✔ repeated connected observer polls preserve new audio; real reconnect establishes a fresh baseline (0.4415ms)
✔ rebase retains targeted Return semantics while ordinary Return remains queueable (3.97875ms)
✔ context aircraft choose rebase only through Go capability and target approval (2.210583ms)
✔ explicit intents reject hostile ownership and hidden/memory targets before invoking gameplay preview (0.719625ms)
✔ large movement selections split safely while semantic abilities never repeat implicitly (3.192292ms)
✔ mixed selection previews preserve exact failures and require explicit opt-in for partial commands (0.733792ms)
✔ contextual mixed forces capture or attack legally without making support or air-only units chase ground targets (2.177667ms)
✔ context commands use owned private data for unload and preserve producer-per-order semantics (0.995583ms)
✔ queue and packet limits are explicit and never silently truncate or modify intentions (0.785125ms)
✔ unavailable previews are labeled unverified and preview callbacks cannot mutate outbound order data (0.651292ms)
✔ multi-point ability identity stays locked and selection changes invalidate pending previews (3.594917ms)
✔ explicit command batches use one sequential preview and retain joint affordability failures (0.475708ms)
✔ context prefetch batches 65 units, skips unused fallbacks, and sequentially rechecks combined orders (8.219709ms)
✔ publicly impossible contextual candidates fall back, then final shared assignment failures stay rejected (0.776792ms)
✔ candidate and final batch waits both discard stale selection without sending or mutating intentions (0.46175ms)
✔ library passes exact detached map/mission bytes through Go adapters before preparing launch (21.71325ms)
✔ strict index rejects traversal, private URLs, duplicates, unknown fields and missing dependencies (2.3765ms)
✔ integrity or Go validation failure preserves source and never reports ready or launches substitute data (2.419791ms)
✔ failed refresh retains last valid registry; explicit retry succeeds and original index remains exportable (3.46625ms)
✔ mismatched authoritative metadata rejects the file and leaves caller buffers unchanged (3.239042ms)
✔ stream overflow is canceled, canceled work is discarded and changing the index invalidates in-flight validation (3.333542ms)
✔ empty installed index is explicit missing content, while private/executable pack manifests are rejected (0.674417ms)
✔ lost vision removes entity and replaces private state without mutating the prior frame (1.144708ms)
✔ protobuf retains large seed and currency values and new control/status fields (1.73925ms)
✔ display conversion and reconnect sequence retain boundaries (0.112458ms)
✔ SHA-256 fallback matches published empty, abc, multiblock and million-a vectors (38.832708ms)
✔ SHA-256 handles every padding boundary, sliced views, high bytes, and arbitrary binary blocks (60.84425ms)
✔ fallback snapshots input and yields during large-file hashing without accepting later mutations (79.086667ms)
✔ insecure-origin capability fallback uses CSPRNG UUIDv4 and never weak randomness (1.239041ms)
✔ editor handle stays 32 CSS pixels on square/rectangular resized grids and keeps exact anchor (5.379208ms)
✔ editor loads immutable first beauty frames, paints fixed icons and releases only owned sheets (2.787292ms)
✔ missing marker art and failed draw retain the callers vector fallback (0.176333ms)
✔ leaving during editor atlas loading cannot publish a stale frame and still releases resources (0.120041ms)
✔ a grouped paint/object/mission edit is one reversible transaction with detached snapshots (13.478917ms)
✔ failed transactions are atomic; no-op and escaped edits cannot corrupt undo history (9.27125ms)
✔ undo history is bounded; editing after undo removes the abandoned redo branch (11.929334ms)
✔ resizing preserves surviving cells and objects for explicit repair; snapping is geometry only (10.766625ms)
✔ Go validation errors remain precise and prevent export and practice launch (29.004667ms)
✔ validation that races an edit is stale and can never authorize a launch (1.583291ms)
✔ editor exports verify checksums, preserve supported mission/presentation, and keep background edits dirty (14.934ms)
✔ map and mission practice launches are validated, cannot mutate editor state, and retain the draft on return (10.029125ms)
✔ mission edits reject executable/non-JSON values and prototype paths without changing the document (3.442041ms)
✔ draft persistence is CAS protected and preserves exact portable documents (28.730041ms)
✔ a microtask edit after Go validation resolves cannot be substituted into a validated export (7.968834ms)
✔ a failed summary write aborts the entire draft save and keeps the dirty document available (6.282708ms)
✔ supported optional map arrays normalize without losing metadata, and mission corruption is detected on draft import (11.553167ms)
✔ draft deletion retains revisions across reopen so stale tabs cannot overwrite or delete recreated drafts (16.374208ms)
✔ schema-one draft migration preserves content and starts the tombstone above the old revision (8.858541ms)
✔ FX schema is immutable, supports shared variants and rejects invalid paths/frames/references (4.4775ms)
✔ FX PNG inspection rejects corruption, truncation, appended bytes and unsupported dimensions (2.262583ms)
✔ FX metadata loads once, pages load on demand, shared variants reuse frames, release owns all textures (21.37475ms)
✔ FX wrong bytes fail before decode and explicit retry recovers, without silent replacement (3.38725ms)
✔ FX strict residency budget includes pending decode and evicts only old pages under pressure (2.795333ms)
✔ FX late texture decode cannot resurrect a released session (1.478292ms)
✔ FX decoded image dimension mismatch is released and index integrity mismatch rejects init (2.14925ms)
✔ FX release during metadata fetch prevents late sheet installation (0.905375ms)
✔ FX optional absence preserves old art index; complete exact dependency graph is advertised (38.066792ms)
✔ FX partial/corrupt/unknown/symlink packs fail instead of advertising completion (30.330166ms)
✔ FX symlinked root and traversal metadata cannot escape the installed build (16.543666ms)
✔ FX dev middleware serves checked exact bytes only and rejects traversal/unlisted/corrupt pages (58.863542ms)
✔ FX actual build hook packages referenced files with exact base-pack hashes; tampering rejects repack (49.016791ms)
✔ Copper Junction pilot binds unchanged map bytes and exactly ten mirrored public entries (10.647792ms)
✔ optional scenery is exact-byte verified after the public map passes Go validation (25.2115ms)
✔ a reused map ID/version cannot authorize scenery for different terrain, objects or starts (7.476833ms)
✔ corrupt optional bytes remain exportable and mismatched source bindings are rejected (3.649458ms)
✔ environment descriptors reject unsafe paths, unknown fields and excessive declared sizes (1.280792ms)
✔ cancellation and index replacement cannot install an in-flight scenery response (1.701167ms)
✔ environment decoder binds exact map bytes, rejects unsupported data and freezes detached output (3.900792ms)
✔ skins cannot invent object classes, missing actors, duplicates, factions or state (3.976625ms)
✔ solid props need the complete impassable safety area and opaque masses need real sight blocking (2.604791ms)
✔ scrub cannot invent cover, overlap dressing or float across mixed-height support (1.230708ms)
✔ bridge variants keep every internal road lane open in all four orientations (1.332ms)
✔ public dressing follows exploration and skin rubble still requires Go disclosure (7.436834ms)
✔ Go maps with a null empty resource slice still disclose later shipment cargo (9.949666ms)
✔ public explored locations never invent initial cargo or station ownership (0.161625ms)
✔ only disclosed field and station facts update presentation memory; hidden changes do not (0.220375ms)
✔ dynamic shipment cargo follows real fields and coalesces old depleted shipments without timers (0.151792ms)
✔ rubble requires explicit selected-player disclosure and disappears exactly on rewind or perspective change (0.206375ms)
✔ object art uses explicit legal classes and actual health/destruction independently of neutral enabled status (0.25025ms)
✔ aircraft empty payload and orbit art use only owner-private facts; observed service is public (0.720667ms)
✔ launcher ready art never derives another player’s exact charges (0.136458ms)
✔ initial and reset flight states are stable; transitions only follow observed landing changes (0.537083ms)
✔ interrupted flight and crash remain continuous and settle on terrain without gameplay delay (0.133625ms)
✔ selection uses owned live entities and never treats remembered or enemy entities as commandable (2.52425ms)
✔ box and same-type screen selection preserve shift add/remove semantics without selecting fog memory (8.252542ms)
✔ control groups prune removed/captured units, retain embarked members and center only on deliberate double tap (0.374625ms)
✔ selection tokens change with composition, perspective and session but not with ordinary movement (0.174083ms)
✔ escape and actionable alerts return camera/menu intentions without changing selection (0.110125ms)
✔ native keyboard activation is not consumed as chat or alert navigation (1.923167ms)
✔ default and classic controls have no shortcut conflicts, including queued commands and groups (2.983959ms)
✔ remapping is transactional and detects overlaps introduced by the queue modifier (0.98525ms)
✔ accessible modifier toggles preserve normal shortcuts and clear cleanly on focus loss (0.196667ms)
✔ text entry, composition, disabled surfaces and already consumed events suppress battlefield shortcuts (0.134041ms)
✔ standard and classic pointer presets return correct selection, targeting and queued command intentions (0.833375ms)
✔ map context transmits only explicit admission and verifies declared map hash before exposing map (14.176167ms)
✔ map moderator submits both displayed revisions and preserves reported evidence when author changes concurrently (2.351125ms)
✔ minimap paints an already paused snapshot immediately after attachment (1.545875ms)
✔ paused camera pan, zoom and resize repaint with a bounded cadence (0.166375ms)
✔ mission and actual resize invalidation survive the paint throttle (0.175417ms)
✔ detach releases its resize observer and stops later camera painting (0.149ms)
✔ stale cleanup cannot detach a newer attachment of the same canvas (0.158459ms)
✔ an attachment before the first authorized snapshot paints when it arrives (0.125416ms)
✔ radar keeps battlefield projection across maps and accessibility panel sizes (0.924458ms)
✔ late failed FX load cannot disclose a prior perspective through missing-art diagnostics (2.3475ms)
✔ actor fallback and payload diagnostics are derived from current visible actors (0.146875ms)
✔ original-force labels merge only selected faction and reject ambiguous or incompatible metadata (3.902667ms)
✔ marked forces contain only living currently-owned originals; carried members are counted without selecting their carrier (0.373875ms)
✔ authored objective markers resolve public regions and disappear only after authoritative completion (1.44875ms)
✔ mission marker loading rejects wrong versions, duplicate IDs, invalid regions and hidden/failure objectives (0.299375ms)
✔ operator credential remains memory-only, reviews use displayed revision and locking drops all evidence (15.605542ms)
✔ operator never sends credential to LAN or deceptively named hosts; malformed tokens stay local (1.045083ms)
✔ locking during a pending privileged request discards its response and does not resurrect operator state (2.594959ms)
✔ stale review keeps concrete evidence and requires explicit reload; writes are never retried automatically (2.330166ms)
✔ revoked operator credential clears previously loaded private evidence on server denial (1.488041ms)
✔ network guest can reach host without a profile; profile credentials stay out of public controller state (58.215709ms)
✔ ready proves matching Go version and actual asset loading; failure never sends ready flags (13.71125ms)
✔ configuration mutation during assets preflight uses captured revision and requires renewed readiness (4.695416ms)
✔ start installs real slot connection and validated host map, while slot token never enters observable state (1.942916ms)
✔ expired profile authentication produces recoverable local sign-in without deleting saves (10.021709ms)
✔ product sync requires explicit per-item decisions and preserves exact engine bytes through migration (23.258792ms)
✔ completed lobby recovers durable result for an eliminated socket without replaying commands (5.469ms)
✔ chat reads every retained page, displays new messages beyond the first 100 and removes newly filtered history (6.913083ms)
✔ expired profile can create a replacement identity without inheriting old lobby membership or deleting files (7.52575ms)
✔ profile replacement without a lobby clears private reports, host copies and prior notices immediately (3.798459ms)
✔ credential expiry removes report evidence from public state even without a lobby (2.467416ms)
✔ workshop preparation never uploads implicitly; explicit private write uses reviewed revision and stale writes preserve preview (7.645625ms)
✔ leaving an active online session stops automatic re-entry while explicit reconnect remains available (4.4125ms)
✔ missing retained lobby recovers only an exact durable result and never rejoins a frozen participant (3.254875ms)
✔ missing lobby without a committed record stays unresolved and transient history failures can retry (13.38775ms)
✔ recorded history is available without a lobby and is cleared on profile change (3.415042ms)
✔ delayed observer installs no early world state, authenticates only through header and rejects every command/clock mutation (245.126791ms)
✔ observer rejects wrong perspective, metadata, player command receipts and changed delay before publishing (2.387042ms)
✔ observer reconnect preserves last permitted snapshot and rejects a rewind or terminal authorization loss (1.451125ms)
✔ disposing while a response is in flight cannot publish a stale observer frame or restart polling (0.471ms)
✔ transient background observer failure retries without repeated command-error dialogs and clears the status on recovery (605.968792ms)
✔ disposing during buffered response decoding leaves the feed closed (21.6615ms)
✔ completed content upgrades remain coherent offline; corrupt staging cannot activate or delete old packs (49.523875ms)
✔ elimination terminal preserves final permitted frame and stops reconnect without generic runtime error (372.702459ms)
✔ owner operation preview preserves all three exact Go routes and deadlines without retaining response aliases (0.883959ms)
✔ operation preview rejects mismatched intent, duplicate plans, invalid coordinates/times and independent disclosure (1.199666ms)
✔ LAN preview exposes plans only through validated sequential advice and never turns estimates into certainty (29.703542ms)
✔ strike review waits for advice, binds immutable targets, cancels stale responses and confirms only once (0.327ms)
✔ older runtimes and rejected previews cannot confirm a strike (0.149833ms)
✔ rejected ground feedback copies only a finite explicit local order position (1.318125ms)
✔ ordinary planned command receives exactly one current owner rejection marker and preserves the authoritative queue (2.860666ms)
✔ accepted, foreign, reset and disconnected receipts never paint stale rejection positions (1.050125ms)
✔ rejected marker stays bounded, static and expires without altering snapshots or looking up entities (0.77175ms)
✔ out-of-order batch receipts each acknowledge once without dropping earlier entries (0.235541ms)
✔ owner ranges keep exact Go values and only actual public assignments, detached from wire (3.009459ms)
✔ old runtimes, allies, enemies, embarked and destroyed actors never acquire guessed ranges (0.164875ms)
✔ assignment links require matching live public warning and unexpired exact ID (0.264625ms)
✔ zero perception is explicit, malformed metadata fails closed and paused/full time stays absent (0.128ms)
✔ selection of a ready defense requires exact Go readiness consistent with its tick and charges (0.077542ms)
✔ construction ghost waits for body beauty, keeps physical @2x scale, and suppresses unmatched turret paint (8.341ms)
✔ cleared, switched and disposed proposals reject late art admission (6.700542ms)
✔ final interceptor launch uses an empty rack only for disclosed owned charges (1.56775ms)
✔ owned structural battery art preserves priority and known charge count with legacy fallback (0.733042ms)
✔ cosmetic squad casualties follow only disclosed health and restore with healing (0.174584ms)
✔ authoritative support and channel names select their authored work animation (0.150042ms)
✔ deployment, packing and damage cannot disappear behind ordinary idle art (0.11875ms)
✔ boarding receiver context opens only authored doors and blocked unloading keeps them open (0.181916ms)
✔ building animations follow known power and service facts without disclosing enemy assignments (0.419917ms)
✔ offline discontinuity arrives before replacement snapshots, but ordinary ticks do not reset effects (2.032917ms)
✔ production navigation keeps the chosen facility while combat selection changes (1.380125ms)
✔ producer focus discards dead, carried, removed and foreign sources without inferring availability (0.1655ms)
✔ sidebar advice never leaks production actions into selected troops or mutates Go advice (0.0795ms)
✔ campaign completion is idempotent across tabs and replay playback never updates progression (17.052667ms)
✔ future progress schema and invalid completion remain untouched (2.678625ms)
✔ damaged progress records cannot turn counters into invalid values (2.202625ms)
✔ practice results cannot update campaign progress even when mislabeled as live by a caller (1.156375ms)
✔ point-target reach preserves distance from circular and rectangular firing footprints (2.872833ms)
✔ range modes never substitute public base sight/detection for absent owner disclosure (0.317833ms)
✔ recorded result reads only authenticated result metadata and preserves original payload bytes (0.791583ms)
✔ frozen result cue requires matching committed result and never replaces live or observer state (0.16025ms)
✔ reports send participant context only and propagate quota without retrying (22.275834ms)
✔ own report paging encodes cursors and history retains the exact result payload (0.471208ms)
✔ conflict preview displays both timestamps and mission progress, with unchanged large integer engine bytes (32.268083ms)
✔ guest migration previews exact stable copy targets and unsupported local-only items before explicit choices (16.129542ms)
✔ any local or remote revision change after preview blocks all writes before execution (12.1325ms)
✔ copying remote data to a manual local target preserves exact bytes and requires human commander choices (5.602208ms)
✔ cancellation after a completed copy stops remaining copies and never rolls back by deleting files (14.700792ms)
✔ an uncertain network write is reported honestly and never retried automatically (4.050125ms)
✔ preview tampering cannot redirect targets or authorize another account (5.176542ms)
✔ incompatible saves remain intact and can only be skipped or mapped to a separate destination (4.398ms)
✔ settings previews expose missing host timestamps and use both local and host revision checks (6.049292ms)
✔ a source edit during upload remains local and the receipt identifies that the reviewed snapshot was copied (8.927041ms)
✔ host CAS still protects a change that occurs after preflight, and pre-start cancellation writes nothing (9.990125ms)
✔ destination names are part of the reviewed copy mapping and obey actual host byte limits (7.418083ms)
✔ delete/recreate before preflight is detected even if the revision number repeats (6.510667ms)
✔ campaign preview compares actual mission records and timestamps; explicit replacement preserves authoritative results elsewhere (5.9705ms)
✔ campaign remote changes and CAS races preserve both revisions; uncertain writes are not retried (6.342416ms)
✔ campaign upload preserves a concurrently updated local ledger and never crosses account context (5.477583ms)
✔ future or malformed campaign ledger remains preserved and cannot overwrite a supported copy (4.328167ms)
✔ metadata-only archive selection supports more than64 files and downloads selected files only (4.953083ms)
✔ inventory selected revision changes reject before downloading, and account changes invalidate selection (5.870084ms)
✔ unknown host sizes reserve64MiB and aggregate byte bound applies before selected payload downloads (4.935917ms)
✔ real source heights support the actual service center/grid, highest plane and zero-height ground distinctly (0.98325ms)
✔ retained physical footprint and sim-local axes determine support, not the converted faction capacity (0.384ms)
✔ edge/vertex sampling is inclusive for either winding but outside collinear extensions remain ground (0.936708ms)
✔ invalid or invented support metadata cannot supply a blanket lift (0.811083ms)
✔ an eliminated online commander has a frozen badge regardless of stale pause, without changing the permitted snapshot (1.524459ms)
✔ observer, paused and replay labels retain priority; only a real finished snapshot labels the battlefield ended (0.218333ms)
✔ terminal and disconnected menus never display old teammate, latency or shared-pause data as current (0.321625ms)
✔ failed replacement retains live match, successful replacement disposes it once (2.23425ms)
✔ a slower canceled launch cannot overwrite the latest session (0.284292ms)
✔ replay skips autosave, has read-only save/restart controls, and releases worker on menu (0.295208ms)
✔ manual save cannot write a newly selected session under an old request (0.253083ms)
✔ new restart session has a new autosave identity and remains paused until UI resumes (0.311292ms)
✔ observer replacement is read-only, may buffer without a snapshot, and never creates autosaves (0.37875ms)
✔ only the exact currently disclosed owned sale suppresses its cleanup destruction (0.631417ms)
✔ owned sale retains sell audio without explosion or building-lost announcement; combat death remains (1.585209ms)
✔ sale cleanup cannot cause actor death feedback or camera shake (0.224083ms)
✔ authored reverse aliases retain progress and map all layers/hardpoints to exact source poses (1.646875ms)
✔ concurrent save edits have exactly one winner and preserve the conflict (12.731333ms)
✔ three autosaves rotate atomically without consuming manual saves (12.890667ms)
✔ export/import preserves exact large integer bytes and previews existing records (3.87625ms)
✔ settings use a separate revision and failed validation leaves saves untouched (1.480541ms)
✔ backup restores saves/settings/progress/replays together with explicit decisions and exact bytes (10.624916ms)
✔ backup conflict aborts every selected write and keeps both versions available (5.541334ms)
✔ failed backup write rolls back earlier writes and never discards the source (4.264417ms)
✔ unsupported backup and mixed incompatible save preserve exact originals for later recovery (3.386542ms)
✔ preview mutations cannot bypass validation or overwrite a revision not reviewed (6.847292ms)
✔ replay validation is bounded, integrity checked, CAS protected, and corrupt files remain exportable (3.086375ms)
✔ schema upgrade preserves version-one saves and future databases are never downgraded (9.43ms)
✔ settings reject malformed JSON, byte limits and invalid revisions without replacing existing data (10.591125ms)
✔ an unreadable backup can be kept byte for byte without replacing current records (3.142709ms)
✔ deleted save and replay IDs never reuse revisions across tabs and reopen (6.990084ms)
✔ atomic backup CAS rejects delete/recreate races; backup restore and autosave respect tombstones (5.901583ms)
✔ legacy revisions migrate to durable high-water marks without rewriting their bytes (2.395875ms)
✔ revision exhaustion fails safely and never wraps an existing save (2.869542ms)
✔ campaign backup validation preserves malformed story originals without replacing a supported local ledger (4.110375ms)
✔ browser backup streams cursor records without retaining all raw archive payloads (51.548375ms)
✔ world-space rings preserve exact radius at every sample, including large zones (3.220917ms)
✔ caption semantics retain pending launch versus impact and round up the last live tick (0.137667ms)
✔ coincident and nearby salvo captions remain separate without moving their target points (1.650792ms)
✔ command symbols distinguish target, ground, queued guard, patrol and return intent (0.114333ms)
✔ restored ping baseline survives selection refresh; new pings expire and remain bounded (0.264542ms)
✔ all 28 catalog weapons retain exact splash; known artillery and tactical radii are world units (1.632542ms)
✔ hidden warning coordinates do not become projectile bodies or launch routes; unknown strategic radii stay explicit (0.268125ms)
✔ operation semantics distinguish actual impact, pending launch, observed arrival and raid exits (0.383375ms)
✔ zones use exact authorized radius/start/until including preparation, expiry and rewind (0.337ms)
✔ endgame structure pulses remain minimap-only and defeat deadlines come from player summaries (0.131625ms)
✔ own order intentions never turn target-only defaults or stale memory into routes (0.454ms)
✔ return uses only current owned home intent; rally sentinel and foreign private state are not displayed (0.211708ms)
✔ range references use actual max_range and retained footprint, never silently become hit eligibility (0.158833ms)
✔ semantic event cues retain uncertainty, attacker-owned interception, and authorized scopes (0.14075ms)
✔ pure snapshots rebuild without sharing mutable geometry, clocks, playback state or quality budgets (0.197959ms)
✔ cosmetic projectile choices reference manifest effects without inventing installed art or interceptor trajectories (4.2765ms)
✔ optional instance splash overrides catalog and explicit body visibility preserves presence semantics (0.298042ms)
✔ operation splash is authoritative only for blast warnings; missing or invalid radii never get invented (0.259333ms)
✔ open ground never displays the cover or rubble material, across broad material transitions (10.797958ms)
✔ water, shore and beach remain distinct without changing gameplay terrain (3.403708ms)
✔ low scree only dresses open neighbors of real rock and never changes their rules (3.008458ms)
✔ flat surface preserves the original isometric projection and exact roundtrips, including partial chunks (36.90925ms)
✔ all passable road/open/ramp height joins share exact geometry and are traversable in all four directions (5.255ms)
✔ disconnected diagonal walkable sectors do not average across impassable tiles (0.329417ms)
✔ raised plateau centers and conservative map bounds include the full four-level lift (0.951ms)
✔ face picking selects the actual near cliff surface and returns its blocked owner rather than lower ground (0.294125ms)
✔ arbitrary valid height maps have exact projected intersections and no duplicate edge ownership (13.116166ms)
✔ fog geometry always uses conservative owner disclosure and does not mutate visible arrays (0.191375ms)
✔ mixed-height structure support has an exact clipped perimeter and never mutates terrain or invents placement validity (0.398208ms)
✔ surface is an immutable public-map snapshot and rejects unsupported heights (0.481333ms)
✔ two boarders deduplicate exact explicit receiver (1.928458ms)
✔ one interrupted boarder does not hide the remaining boarder (0.243208ms)
✔ all interrupted boarders immediately clear doors (0.203667ms)
✔ completion or expired channel does not linger (0.189792ms)
✔ moving approach orders alone do not open doors (0.190708ms)
✔ missing receiver remains unknown despite nearby airlift (0.132166ms)
✔ foreign receiver is not inferred or opened (0.141625ms)
✔ foreign passenger with artificial private data is ignored (0.129875ms)
✔ no private order means unknown even with public board state (0.123875ms)
✔ queued target does not replace active head order (0.225042ms)
✔ destroyed receiver closes independently of old order (0.12875ms)
✔ disabled receiver closes independently of old order (0.103709ms)
✔ neutral garrison requires exact disclosed target (0.123875ms)
✔ multiple receivers sorted independent of snapshot order (0.118459ms)
✔ reconnect/replay snapshot without active boarders clears context (0.118917ms)
✔ tutorial gesture memory merges tab updates, survives restart, isolates mission versions and never grants campaign progress (12.126ms)
✔ incompatible tutorial memory stays preserved (0.649792ms)
✔ transport input lessons persist independently of authoritative world objectives (1.958167ms)
ℹ tests 460
ℹ suites 0
ℹ pass 460
ℹ fail 0
ℹ cancelled 0
ℹ skipped 0
ℹ todo 0
ℹ duration_ms 1927.757541
