FC_REMAINING_GROUND_PREFLIGHT_OK unit.IR.aa
FC_REMAINING_GROUND_PREFLIGHT_OK unit.IR.apc
FC_REMAINING_GROUND_PREFLIGHT_OK unit.IR.artillery
FC_REMAINING_GROUND_PREFLIGHT_OK unit.IR.car
FC_REMAINING_GROUND_PREFLIGHT_OK unit.IR.repair
FC_REMAINING_GROUND_PREFLIGHT_OK unit.IR.tank
FC_REMAINING_GROUND_PREFLIGHT_OK unit.SA.aa
FC_REMAINING_GROUND_PREFLIGHT_OK unit.SA.apc
FC_REMAINING_GROUND_PREFLIGHT_OK unit.SA.artillery
FC_REMAINING_GROUND_PREFLIGHT_OK unit.SA.car
FC_REMAINING_GROUND_PREFLIGHT_OK unit.SA.repair
FC_REMAINING_GROUND_PREFLIGHT_OK unit.SY.aa
FC_REMAINING_GROUND_PREFLIGHT_OK unit.SY.artillery
FC_REMAINING_GROUND_PREFLIGHT_OK unit.SY.buggy
FC_REMAINING_GROUND_PREFLIGHT_OK unit.SY.repair
FC_REMAINING_GROUND_PREFLIGHT_OK unit.SY.tank
FC_REMAINING_GROUND_PREFLIGHT_OK unit.US.aa
FC_REMAINING_GROUND_PREFLIGHT_OK unit.US.apc
FC_REMAINING_GROUND_PREFLIGHT_OK unit.US.artillery
FC_REMAINING_GROUND_PREFLIGHT_OK unit.US.car
FC_REMAINING_GROUND_PREFLIGHT_OK unit.US.repair
