=== RUN   TestAuthoredSkirmishAcceptance
=== RUN   TestAuthoredSkirmishAcceptance/pair-US-IR
    authored_skirmish_acceptance_test.go:292: pair-US-IR minute1 actors14
    authored_skirmish_acceptance_test.go:292: pair-US-IR minute2 actors23
    authored_skirmish_acceptance_test.go:292: pair-US-IR minute3 actors31
    authored_skirmish_acceptance_test.go:292: pair-US-IR minute4 actors39
    authored_skirmish_acceptance_test.go:292: pair-US-IR minute5 actors44
    authored_skirmish_acceptance_test.go:292: pair-US-IR minute6 actors42
    authored_skirmish_acceptance_test.go:292: pair-US-IR minute7 actors45
    authored_skirmish_acceptance_test.go:292: pair-US-IR minute8 actors44
    authored_skirmish_acceptance_test.go:292: pair-US-IR minute9 actors40
    authored_skirmish_acceptance_test.go:292: pair-US-IR minute10 actors43
    authored_skirmish_acceptance_test.go:292: pair-US-IR minute11 actors46
    authored_skirmish_acceptance_test.go:292: pair-US-IR minute12 actors50
    authored_skirmish_acceptance_test.go:292: pair-US-IR minute13 actors52
    authored_skirmish_acceptance_test.go:292: pair-US-IR minute14 actors50
    authored_skirmish_acceptance_test.go:292: pair-US-IR minute15 actors48
    authored_skirmish_acceptance_test.go:292: pair-US-IR minute16 actors50
    authored_skirmish_acceptance_test.go:292: pair-US-IR minute17 actors50
    authored_skirmish_acceptance_test.go:371: pair-US-IR map=copper-junction tick=21107 outcome={Finished:true Draw:false WinningTeam:1 Reason:elimination Tick:21107} hash=645882f62870169470577780e18dbf8f78784d84bd293d388e3a0f1a54314e4f fullReplay=true issues=[]
=== RUN   TestAuthoredSkirmishAcceptance/pair-US-SY
    authored_skirmish_acceptance_test.go:292: pair-US-SY minute1 actors14
    authored_skirmish_acceptance_test.go:292: pair-US-SY minute2 actors21
    authored_skirmish_acceptance_test.go:292: pair-US-SY minute3 actors27
    authored_skirmish_acceptance_test.go:292: pair-US-SY minute4 actors36
    authored_skirmish_acceptance_test.go:292: pair-US-SY minute5 actors40
    authored_skirmish_acceptance_test.go:292: pair-US-SY minute6 actors42
    authored_skirmish_acceptance_test.go:292: pair-US-SY minute7 actors41
    authored_skirmish_acceptance_test.go:292: pair-US-SY minute8 actors41
    authored_skirmish_acceptance_test.go:292: pair-US-SY minute9 actors46
    authored_skirmish_acceptance_test.go:292: pair-US-SY minute10 actors48
    authored_skirmish_acceptance_test.go:292: pair-US-SY minute11 actors50
    authored_skirmish_acceptance_test.go:292: pair-US-SY minute12 actors50
    authored_skirmish_acceptance_test.go:371: pair-US-SY map=relay-heights tick=14706 outcome={Finished:true Draw:false WinningTeam:1 Reason:elimination Tick:14706} hash=0492565cf6d59a4141fae99941dded70cb0c0f9ef87685385361a2b4cd51c014 fullReplay=true issues=[]
=== RUN   TestAuthoredSkirmishAcceptance/pair-US-SA
    authored_skirmish_acceptance_test.go:292: pair-US-SA minute1 actors14
    authored_skirmish_acceptance_test.go:292: pair-US-SA minute2 actors20
    authored_skirmish_acceptance_test.go:292: pair-US-SA minute3 actors26
    authored_skirmish_acceptance_test.go:292: pair-US-SA minute4 actors34
    authored_skirmish_acceptance_test.go:292: pair-US-SA minute5 actors41
    authored_skirmish_acceptance_test.go:292: pair-US-SA minute6 actors43
    authored_skirmish_acceptance_test.go:292: pair-US-SA minute7 actors46
    authored_skirmish_acceptance_test.go:292: pair-US-SA minute8 actors49
    authored_skirmish_acceptance_test.go:292: pair-US-SA minute9 actors46
    authored_skirmish_acceptance_test.go:292: pair-US-SA minute10 actors44
    authored_skirmish_acceptance_test.go:292: pair-US-SA minute11 actors43
    authored_skirmish_acceptance_test.go:371: pair-US-SA map=dry-river tick=13670 outcome={Finished:true Draw:false WinningTeam:2 Reason:elimination Tick:13670} hash=7f07a11c6cb580f71cd3ebebd289651bc9658590040db35975746e7ba0164a55 fullReplay=true issues=[]
=== RUN   TestAuthoredSkirmishAcceptance/pair-IR-SY
    authored_skirmish_acceptance_test.go:292: pair-IR-SY minute1 actors20
    authored_skirmish_acceptance_test.go:292: pair-IR-SY minute2 actors32
    authored_skirmish_acceptance_test.go:292: pair-IR-SY minute3 actors40
    authored_skirmish_acceptance_test.go:292: pair-IR-SY minute4 actors50
    authored_skirmish_acceptance_test.go:292: pair-IR-SY minute5 actors50
    authored_skirmish_acceptance_test.go:292: pair-IR-SY minute6 actors55
    authored_skirmish_acceptance_test.go:292: pair-IR-SY minute7 actors61
    authored_skirmish_acceptance_test.go:292: pair-IR-SY minute8 actors60
    authored_skirmish_acceptance_test.go:292: pair-IR-SY minute9 actors61
    authored_skirmish_acceptance_test.go:292: pair-IR-SY minute10 actors66
    authored_skirmish_acceptance_test.go:292: pair-IR-SY minute11 actors63
    authored_skirmish_acceptance_test.go:292: pair-IR-SY minute12 actors63
    authored_skirmish_acceptance_test.go:292: pair-IR-SY minute13 actors58
    authored_skirmish_acceptance_test.go:292: pair-IR-SY minute14 actors59
    authored_skirmish_acceptance_test.go:371: pair-IR-SY map=industrial-valley tick=16819 outcome={Finished:true Draw:false WinningTeam:2 Reason:elimination Tick:16819} hash=20a53917b5ad99789543e44cd67beb8cf0ff4d1b2f4a2f1726d2be7084bbaf25 fullReplay=true issues=[]
=== RUN   TestAuthoredSkirmishAcceptance/pair-IR-SA
    authored_skirmish_acceptance_test.go:292: pair-IR-SA minute1 actors12
    authored_skirmish_acceptance_test.go:292: pair-IR-SA minute2 actors20
    authored_skirmish_acceptance_test.go:292: pair-IR-SA minute3 actors26
    authored_skirmish_acceptance_test.go:292: pair-IR-SA minute4 actors35
    authored_skirmish_acceptance_test.go:292: pair-IR-SA minute5 actors42
    authored_skirmish_acceptance_test.go:292: pair-IR-SA minute6 actors44
    authored_skirmish_acceptance_test.go:292: pair-IR-SA minute7 actors45
    authored_skirmish_acceptance_test.go:292: pair-IR-SA minute8 actors49
    authored_skirmish_acceptance_test.go:292: pair-IR-SA minute9 actors47
    authored_skirmish_acceptance_test.go:292: pair-IR-SA minute10 actors39
    authored_skirmish_acceptance_test.go:292: pair-IR-SA minute11 actors31
    authored_skirmish_acceptance_test.go:292: pair-IR-SA minute12 actors33
    authored_skirmish_acceptance_test.go:292: pair-IR-SA minute13 actors33
    authored_skirmish_acceptance_test.go:371: pair-IR-SA map=border-depots tick=15988 outcome={Finished:true Draw:false WinningTeam:1 Reason:elimination Tick:15988} hash=7c80e4a0618ef7388c54656045437c60d01349bdeac851d3c5954d70b077f1fb fullReplay=true issues=[]
=== RUN   TestAuthoredSkirmishAcceptance/pair-SY-SA
    authored_skirmish_acceptance_test.go:292: pair-SY-SA minute1 actors38
    authored_skirmish_acceptance_test.go:292: pair-SY-SA minute2 actors46
    authored_skirmish_acceptance_test.go:292: pair-SY-SA minute3 actors53
    authored_skirmish_acceptance_test.go:292: pair-SY-SA minute4 actors63
    authored_skirmish_acceptance_test.go:292: pair-SY-SA minute5 actors71
    authored_skirmish_acceptance_test.go:292: pair-SY-SA minute6 actors70
    authored_skirmish_acceptance_test.go:292: pair-SY-SA minute7 actors72
    authored_skirmish_acceptance_test.go:292: pair-SY-SA minute8 actors73
    authored_skirmish_acceptance_test.go:292: pair-SY-SA minute9 actors75
    authored_skirmish_acceptance_test.go:292: pair-SY-SA minute10 actors70
    authored_skirmish_acceptance_test.go:292: pair-SY-SA minute11 actors69
    authored_skirmish_acceptance_test.go:292: pair-SY-SA minute12 actors65
    authored_skirmish_acceptance_test.go:292: pair-SY-SA minute13 actors63
    authored_skirmish_acceptance_test.go:292: pair-SY-SA minute14 actors67
    authored_skirmish_acceptance_test.go:292: pair-SY-SA minute15 actors67
    authored_skirmish_acceptance_test.go:292: pair-SY-SA minute16 actors69
    authored_skirmish_acceptance_test.go:371: pair-SY-SA map=port-outskirts tick=19720 outcome={Finished:true Draw:false WinningTeam:2 Reason:elimination Tick:19720} hash=2816f8c2551aca481d486e827a03c2b0625673e6b1e42c9fee39cc81d6cc368e fullReplay=true issues=[]
=== RUN   TestAuthoredSkirmishAcceptance/mirror-US
    authored_skirmish_acceptance_test.go:292: mirror-US minute1 actors14
    authored_skirmish_acceptance_test.go:292: mirror-US minute2 actors23
    authored_skirmish_acceptance_test.go:292: mirror-US minute3 actors29
    authored_skirmish_acceptance_test.go:292: mirror-US minute4 actors37
    authored_skirmish_acceptance_test.go:292: mirror-US minute5 actors39
    authored_skirmish_acceptance_test.go:292: mirror-US minute6 actors40
    authored_skirmish_acceptance_test.go:292: mirror-US minute7 actors36
    authored_skirmish_acceptance_test.go:292: mirror-US minute8 actors32
    authored_skirmish_acceptance_test.go:292: mirror-US minute9 actors36
    authored_skirmish_acceptance_test.go:292: mirror-US minute10 actors37
    authored_skirmish_acceptance_test.go:371: mirror-US map=copper-junction tick=12639 outcome={Finished:true Draw:false WinningTeam:2 Reason:elimination Tick:12639} hash=987e6d2f50837820ad43aabc3c89b777efd15c5b841187090e93f5ecbff464b1 fullReplay=true issues=[]
=== RUN   TestAuthoredSkirmishAcceptance/mirror-IR
    authored_skirmish_acceptance_test.go:292: mirror-IR minute1 actors14
    authored_skirmish_acceptance_test.go:292: mirror-IR minute2 actors20
    authored_skirmish_acceptance_test.go:292: mirror-IR minute3 actors27
    authored_skirmish_acceptance_test.go:292: mirror-IR minute4 actors36
    authored_skirmish_acceptance_test.go:292: mirror-IR minute5 actors46
    authored_skirmish_acceptance_test.go:292: mirror-IR minute6 actors41
    authored_skirmish_acceptance_test.go:292: mirror-IR minute7 actors46
    authored_skirmish_acceptance_test.go:292: mirror-IR minute8 actors49
    authored_skirmish_acceptance_test.go:292: mirror-IR minute9 actors50
    authored_skirmish_acceptance_test.go:292: mirror-IR minute10 actors55
    authored_skirmish_acceptance_test.go:292: mirror-IR minute11 actors57
    authored_skirmish_acceptance_test.go:292: mirror-IR minute12 actors53
    authored_skirmish_acceptance_test.go:292: mirror-IR minute13 actors53
    authored_skirmish_acceptance_test.go:292: mirror-IR minute14 actors56
    authored_skirmish_acceptance_test.go:292: mirror-IR minute15 actors56
    authored_skirmish_acceptance_test.go:292: mirror-IR minute16 actors56
    authored_skirmish_acceptance_test.go:292: mirror-IR minute17 actors55
    authored_skirmish_acceptance_test.go:292: mirror-IR minute18 actors57
    authored_skirmish_acceptance_test.go:292: mirror-IR minute19 actors56
    authored_skirmish_acceptance_test.go:292: mirror-IR minute20 actors56
    authored_skirmish_acceptance_test.go:292: mirror-IR minute21 actors58
    authored_skirmish_acceptance_test.go:292: mirror-IR minute22 actors57
    authored_skirmish_acceptance_test.go:371: mirror-IR map=relay-heights tick=27507 outcome={Finished:true Draw:false WinningTeam:1 Reason:elimination Tick:27507} hash=d885b64d575a3dc344e7ce7557a075085faaa83387e892340c988d2d06eed620 fullReplay=true issues=[]
=== RUN   TestAuthoredSkirmishAcceptance/mirror-SY
    authored_skirmish_acceptance_test.go:292: mirror-SY minute1 actors14
    authored_skirmish_acceptance_test.go:292: mirror-SY minute2 actors21
    authored_skirmish_acceptance_test.go:292: mirror-SY minute3 actors26
    authored_skirmish_acceptance_test.go:292: mirror-SY minute4 actors37
    authored_skirmish_acceptance_test.go:292: mirror-SY minute5 actors40
    authored_skirmish_acceptance_test.go:292: mirror-SY minute6 actors44
    authored_skirmish_acceptance_test.go:292: mirror-SY minute7 actors45
    authored_skirmish_acceptance_test.go:292: mirror-SY minute8 actors51
    authored_skirmish_acceptance_test.go:292: mirror-SY minute9 actors55
    authored_skirmish_acceptance_test.go:292: mirror-SY minute10 actors49
    authored_skirmish_acceptance_test.go:292: mirror-SY minute11 actors56
    authored_skirmish_acceptance_test.go:292: mirror-SY minute12 actors56
    authored_skirmish_acceptance_test.go:292: mirror-SY minute13 actors56
    authored_skirmish_acceptance_test.go:292: mirror-SY minute14 actors58
    authored_skirmish_acceptance_test.go:292: mirror-SY minute15 actors63
    authored_skirmish_acceptance_test.go:371: mirror-SY map=dry-river tick=18783 outcome={Finished:true Draw:false WinningTeam:1 Reason:elimination Tick:18783} hash=470e574b9f4d6dd3f1b03c41105a4e893768a31139a967db525be9306c146cea fullReplay=true issues=[]
=== RUN   TestAuthoredSkirmishAcceptance/mirror-SA
    authored_skirmish_acceptance_test.go:292: mirror-SA minute1 actors12
    authored_skirmish_acceptance_test.go:292: mirror-SA minute2 actors20
    authored_skirmish_acceptance_test.go:292: mirror-SA minute3 actors26
    authored_skirmish_acceptance_test.go:292: mirror-SA minute4 actors35
    authored_skirmish_acceptance_test.go:292: mirror-SA minute5 actors42
    authored_skirmish_acceptance_test.go:292: mirror-SA minute6 actors47
    authored_skirmish_acceptance_test.go:292: mirror-SA minute7 actors47
    authored_skirmish_acceptance_test.go:292: mirror-SA minute8 actors43
    authored_skirmish_acceptance_test.go:292: mirror-SA minute9 actors41
    authored_skirmish_acceptance_test.go:292: mirror-SA minute10 actors42
    authored_skirmish_acceptance_test.go:292: mirror-SA minute11 actors44
    authored_skirmish_acceptance_test.go:292: mirror-SA minute12 actors47
    authored_skirmish_acceptance_test.go:292: mirror-SA minute13 actors50
    authored_skirmish_acceptance_test.go:292: mirror-SA minute14 actors50
    authored_skirmish_acceptance_test.go:371: mirror-SA map=border-depots tick=17875 outcome={Finished:true Draw:false WinningTeam:1 Reason:elimination Tick:17875} hash=3328d6b71267d3db560d734fd03ae3855558eccfcfd3eb3ba15c6f3dfbc75744 fullReplay=true issues=[]
=== RUN   TestAuthoredSkirmishAcceptance/three-ffa
    authored_skirmish_acceptance_test.go:292: three-ffa minute1 actors26
    authored_skirmish_acceptance_test.go:292: three-ffa minute2 actors40
    authored_skirmish_acceptance_test.go:292: three-ffa minute3 actors52
    authored_skirmish_acceptance_test.go:292: three-ffa minute4 actors65
    authored_skirmish_acceptance_test.go:292: three-ffa minute5 actors64
    authored_skirmish_acceptance_test.go:292: three-ffa minute6 actors70
    authored_skirmish_acceptance_test.go:292: three-ffa minute7 actors76
    authored_skirmish_acceptance_test.go:292: three-ffa minute8 actors78
    authored_skirmish_acceptance_test.go:292: three-ffa minute9 actors74
    authored_skirmish_acceptance_test.go:292: three-ffa minute10 actors84
    authored_skirmish_acceptance_test.go:292: three-ffa minute11 actors88
    authored_skirmish_acceptance_test.go:292: three-ffa minute12 actors87
    authored_skirmish_acceptance_test.go:292: three-ffa minute13 actors76
    authored_skirmish_acceptance_test.go:292: three-ffa minute14 actors74
    authored_skirmish_acceptance_test.go:292: three-ffa minute15 actors75
    authored_skirmish_acceptance_test.go:292: three-ffa minute16 actors72
    authored_skirmish_acceptance_test.go:292: three-ffa minute17 actors70
    authored_skirmish_acceptance_test.go:371: three-ffa map=industrial-valley tick=21503 outcome={Finished:true Draw:false WinningTeam:1 Reason:elimination Tick:21503} hash=f9c91b274f0fd197e084ff6875c8cb6316b19079d1aa29338989088c398fd73c fullReplay=true issues=[]
=== RUN   TestAuthoredSkirmishAcceptance/four-ffa
    authored_skirmish_acceptance_test.go:292: four-ffa minute1 actors22
    authored_skirmish_acceptance_test.go:292: four-ffa minute2 actors38
    authored_skirmish_acceptance_test.go:292: four-ffa minute3 actors50
    authored_skirmish_acceptance_test.go:292: four-ffa minute4 actors69
    authored_skirmish_acceptance_test.go:292: four-ffa minute5 actors69
    authored_skirmish_acceptance_test.go:292: four-ffa minute6 actors63
    authored_skirmish_acceptance_test.go:292: four-ffa minute7 actors64
    authored_skirmish_acceptance_test.go:292: four-ffa minute8 actors71
    authored_skirmish_acceptance_test.go:292: four-ffa minute9 actors72
    authored_skirmish_acceptance_test.go:292: four-ffa minute10 actors68
    authored_skirmish_acceptance_test.go:292: four-ffa minute11 actors57
    authored_skirmish_acceptance_test.go:292: four-ffa minute12 actors65
    authored_skirmish_acceptance_test.go:292: four-ffa minute13 actors66
    authored_skirmish_acceptance_test.go:292: four-ffa minute14 actors70
    authored_skirmish_acceptance_test.go:292: four-ffa minute15 actors68
    authored_skirmish_acceptance_test.go:292: four-ffa minute16 actors62
    authored_skirmish_acceptance_test.go:292: four-ffa minute17 actors57
    authored_skirmish_acceptance_test.go:292: four-ffa minute18 actors55
    authored_skirmish_acceptance_test.go:292: four-ffa minute19 actors45
    authored_skirmish_acceptance_test.go:292: four-ffa minute20 actors39
    authored_skirmish_acceptance_test.go:292: four-ffa minute21 actors38
    authored_skirmish_acceptance_test.go:292: four-ffa minute22 actors34
    authored_skirmish_acceptance_test.go:292: four-ffa minute23 actors30
    authored_skirmish_acceptance_test.go:292: four-ffa minute24 actors28
    authored_skirmish_acceptance_test.go:292: four-ffa minute25 actors26
    authored_skirmish_acceptance_test.go:292: four-ffa minute26 actors27
    authored_skirmish_acceptance_test.go:292: four-ffa minute27 actors28
    authored_skirmish_acceptance_test.go:292: four-ffa minute28 actors26
    authored_skirmish_acceptance_test.go:292: four-ffa minute29 actors23
    authored_skirmish_acceptance_test.go:292: four-ffa minute30 actors22
    authored_skirmish_acceptance_test.go:371: four-ffa map=border-depots tick=36898 outcome={Finished:true Draw:false WinningTeam:1 Reason:elimination Tick:36898} hash=4d280236eee7624c638d75dde9ddd2d16565a8b3d3c9cb2e467af6672b3adf49 fullReplay=true issues=[]
=== RUN   TestAuthoredSkirmishAcceptance/four-team
    authored_skirmish_acceptance_test.go:292: four-team minute1 actors48
    authored_skirmish_acceptance_test.go:292: four-team minute2 actors65
    authored_skirmish_acceptance_test.go:292: four-team minute3 actors78
    authored_skirmish_acceptance_test.go:292: four-team minute4 actors97
    authored_skirmish_acceptance_test.go:292: four-team minute5 actors102
    authored_skirmish_acceptance_test.go:292: four-team minute6 actors99
    authored_skirmish_acceptance_test.go:292: four-team minute7 actors104
    authored_skirmish_acceptance_test.go:292: four-team minute8 actors108
    authored_skirmish_acceptance_test.go:292: four-team minute9 actors110
    authored_skirmish_acceptance_test.go:292: four-team minute10 actors118
    authored_skirmish_acceptance_test.go:292: four-team minute11 actors110
    authored_skirmish_acceptance_test.go:371: four-team map=port-outskirts tick=14202 outcome={Finished:true Draw:false WinningTeam:1 Reason:elimination Tick:14202} hash=711fcb27e3c7351969e599169d47745812a835eb6d0239f3d81bff9ab1e4ef0e fullReplay=true issues=[]
--- PASS: TestAuthoredSkirmishAcceptance (275.65s)
    --- PASS: TestAuthoredSkirmishAcceptance/pair-US-IR (12.56s)
    --- PASS: TestAuthoredSkirmishAcceptance/pair-US-SY (10.98s)
    --- PASS: TestAuthoredSkirmishAcceptance/pair-US-SA (6.95s)
    --- PASS: TestAuthoredSkirmishAcceptance/pair-IR-SY (18.33s)
    --- PASS: TestAuthoredSkirmishAcceptance/pair-IR-SA (13.45s)
    --- PASS: TestAuthoredSkirmishAcceptance/pair-SY-SA (16.36s)
    --- PASS: TestAuthoredSkirmishAcceptance/mirror-US (5.96s)
    --- PASS: TestAuthoredSkirmishAcceptance/mirror-IR (43.75s)
    --- PASS: TestAuthoredSkirmishAcceptance/mirror-SY (13.10s)
    --- PASS: TestAuthoredSkirmishAcceptance/mirror-SA (13.97s)
    --- PASS: TestAuthoredSkirmishAcceptance/three-ffa (32.23s)
    --- PASS: TestAuthoredSkirmishAcceptance/four-ffa (46.80s)
    --- PASS: TestAuthoredSkirmishAcceptance/four-team (41.21s)
PASS
ok  	frontlinecommand/pkg/sim	275.989s
