=== RUN   TestCombatFeedbackCodecActualAuthorizedOutputs
--- PASS: TestCombatFeedbackCodecActualAuthorizedOutputs (0.02s)
=== RUN   TestOwnerCasualtyActualCodec
--- PASS: TestOwnerCasualtyActualCodec (0.01s)
=== RUN   TestOwnerRangesActualCodec
=== RUN   TestOwnerRangesActualCodec/ranges-assigned.start.save.json
=== RUN   TestOwnerRangesActualCodec/ranges-constructing.start.save.json
=== RUN   TestOwnerRangesActualCodec/ranges-disabled.start.save.json
=== RUN   TestOwnerRangesActualCodec/ranges-fixed-low-shield.start.save.json
=== RUN   TestOwnerRangesActualCodec/ranges-fixed-low.start.save.json
=== RUN   TestOwnerRangesActualCodec/ranges-fixed-shield.start.save.json
=== RUN   TestOwnerRangesActualCodec/ranges-fixed.start.save.json
=== RUN   TestOwnerRangesActualCodec/ranges-full.start.save.json
=== RUN   TestOwnerRangesActualCodec/ranges-mobile-low.start.save.json
=== RUN   TestOwnerRangesActualCodec/ranges-mobile-upgrade-shield.start.save.json
=== RUN   TestOwnerRangesActualCodec/ranges-mobile-upgrade.start.save.json
=== RUN   TestOwnerRangesActualCodec/ranges-mobile.start.save.json
=== RUN   TestOwnerRangesActualCodec/ranges-packed.start.save.json
=== RUN   TestOwnerRangesActualCodec/ranges-partial.start.save.json
=== RUN   TestOwnerRangesActualCodec/ranges-power-off.start.save.json
--- PASS: TestOwnerRangesActualCodec (0.17s)
    --- PASS: TestOwnerRangesActualCodec/ranges-assigned.start.save.json (0.01s)
    --- PASS: TestOwnerRangesActualCodec/ranges-constructing.start.save.json (0.01s)
    --- PASS: TestOwnerRangesActualCodec/ranges-disabled.start.save.json (0.01s)
    --- PASS: TestOwnerRangesActualCodec/ranges-fixed-low-shield.start.save.json (0.01s)
    --- PASS: TestOwnerRangesActualCodec/ranges-fixed-low.start.save.json (0.01s)
    --- PASS: TestOwnerRangesActualCodec/ranges-fixed-shield.start.save.json (0.01s)
    --- PASS: TestOwnerRangesActualCodec/ranges-fixed.start.save.json (0.01s)
    --- PASS: TestOwnerRangesActualCodec/ranges-full.start.save.json (0.01s)
    --- PASS: TestOwnerRangesActualCodec/ranges-mobile-low.start.save.json (0.01s)
    --- PASS: TestOwnerRangesActualCodec/ranges-mobile-upgrade-shield.start.save.json (0.01s)
    --- PASS: TestOwnerRangesActualCodec/ranges-mobile-upgrade.start.save.json (0.01s)
    --- PASS: TestOwnerRangesActualCodec/ranges-mobile.start.save.json (0.01s)
    --- PASS: TestOwnerRangesActualCodec/ranges-packed.start.save.json (0.01s)
    --- PASS: TestOwnerRangesActualCodec/ranges-partial.start.save.json (0.01s)
    --- PASS: TestOwnerRangesActualCodec/ranges-power-off.start.save.json (0.01s)
PASS
ok  	frontlinecommand/internal/server	1.354s
