=== RUN   TestAuthoredSkirmishAcceptance
=== RUN   TestAuthoredSkirmishAcceptance/pair-SY-SA
    authored_skirmish_acceptance_test.go:292: pair-SY-SA minute1 actors38
    authored_skirmish_acceptance_test.go:292: pair-SY-SA minute2 actors46
    authored_skirmish_acceptance_test.go:292: pair-SY-SA minute3 actors53
    authored_skirmish_acceptance_test.go:292: pair-SY-SA minute4 actors63
    authored_skirmish_acceptance_test.go:292: pair-SY-SA minute5 actors71
    authored_skirmish_acceptance_test.go:292: pair-SY-SA minute6 actors70
    authored_skirmish_acceptance_test.go:292: pair-SY-SA minute7 actors72
    authored_skirmish_acceptance_test.go:292: pair-SY-SA minute8 actors73
    authored_skirmish_acceptance_test.go:292: pair-SY-SA minute9 actors75
    authored_skirmish_acceptance_test.go:292: pair-SY-SA minute10 actors70
    authored_skirmish_acceptance_test.go:292: pair-SY-SA minute11 actors69
    authored_skirmish_acceptance_test.go:292: pair-SY-SA minute12 actors65
    authored_skirmish_acceptance_test.go:292: pair-SY-SA minute13 actors63
    authored_skirmish_acceptance_test.go:292: pair-SY-SA minute14 actors67
    authored_skirmish_acceptance_test.go:292: pair-SY-SA minute15 actors67
    authored_skirmish_acceptance_test.go:292: pair-SY-SA minute16 actors69
    authored_skirmish_acceptance_test.go:371: pair-SY-SA map=port-outskirts tick=19720 outcome={Finished:true Draw:false WinningTeam:2 Reason:elimination Tick:19720} hash=d10a644903091abb9a829797ddaa330efe8bf375a4366ceca315bf04d80d5a26 fullReplay=true issues=[]
--- PASS: TestAuthoredSkirmishAcceptance (11.76s)
    --- PASS: TestAuthoredSkirmishAcceptance/pair-SY-SA (11.76s)
PASS
ok  	frontlinecommand/pkg/sim	12.188s
