✔ guest solo needs no profile; remembered local profiles restore without appearing in state or game backups (45.916541ms)
✔ 401 becomes a recoverable sign-in state and removes only the rejected token (3.768209ms)
✔ offline restore retains remembered credentials and a later successful service request recovers (2.053291ms)
✔ tokens are host scoped and stale logout cannot erase a newer remembered profile (2.57225ms)
✔ session-only sign-in clears the prior remembered credential and logout preserves gameplay files (2.275375ms)
✔ credential vault CAS rejects cross-tab replacement without exposing tokens in error details (3.35675ms)
✔ credential revisions survive logout/recreation, rejecting stale writes and stale cleanup of the same token (2.487375ms)
✔ schema-one credentials migrate without token loss and seed the next revision after removal (2.712209ms)
✔ stale session logout cannot remove the same token restored into a newer credential generation (3.004875ms)
✔ explicit private sign-in keys restore only their exact host and verified profile; never public state or backups (5.068042ms)
✔ sign-in key parsing rejects malformed, oversized and unsupported files without exposing token in errors (2.376334ms)
✔ profile changes during asynchronous key reads reject before adopting the old exported account (2.325041ms)
✔ a new structural condition interrupts a current real ActorVisual launch and cannot revive it (2.329833ms)
✔ strategic activation respects structural low power while enemy charge privacy stays generic (0.149292ms)
✔ actor effect deadlines use exact Go ticks including indefinite aura and expire without cooldown guesses (1.224042ms)
✔ only the owner receives magazine, ambush, service and emergency countdown information (0.191333ms)
✔ runtime without new metadata never starts an invented emergency timer or active buff (0.122625ms)
✔ a retained Return order does not label a landed aircraft as still returning (0.096292ms)
✔ known public effects remain visible on foreign authorized actors without private economy (0.114541ms)
✔ channel progress and countdown come from Go state, and cancellation removes them (0.10425ms)
✔ charges use the actual Go catalog while ABM count does not invent a capacity (0.095125ms)
✔ unknown/malformed/internal effects and contained or destroyed actors have no labels (1.973041ms)
✔ air production service wait is an owner-only unavailable badge, not a guessed capacity count (0.419708ms)
✔ only the active Return order describes current return flight (0.333458ms)
✔ current owned inactive home distinguishes paused service from low power and unknown home data (0.339583ms)
✔ grounded emergency no-home warning remains distinct from takeoff deadline and airborne endurance (0.301583ms)
✔ only explicit recoverable advisor failures become nonblocking feedback (0.481ms)
✔ background timeout never opens global error dialog; stale production is disabled and later Go advice restores it (0.989583ms)
✔ recovery preserves newer unrelated notices and unrelated failures still reach global error path (0.202792ms)
✔ a late failure for an obsolete selection does not change controls or notices (0.172166ms)
✔ explicit order advice failure sends nothing and never automatically resubmits the command (0.893584ms)
✔ LAN advice uses only slot auth, preserves orders and exposes uncertainty (21.640333ms)
✔ advice rejects wrong player, unexpected IDs, tick and result acceptance (1.354333ms)
✔ one advice request is pending and stale selection discards its response (0.247417ms)
✔ advice respects request bounds and propagates rate error without retries (0.211667ms)
✔ production menu status remains independent, bounded and authorized (0.652792ms)
✔ ready offline environment prefetches selection-wide affordances then separates alternatives from final orders (20.080625ms)
✔ ready environment guards session changes during affordance prefetch and batch validation (0.196625ms)
✔ online environment shares a paced request budget and uses independent candidate mode before sequential final check (521.268625ms)
✔ canceling a paced advice update prevents a second network request (0.424542ms)
✔ advice pacing starts after dispatch even when request setup is delayed (0.4735ms)
✔ actual aircraft poses retain current owned empty payload through parked, service, damage and final-shot cues (2.633333ms)
✔ payload appearance checks current viewer, current owner and current private data every time (0.29525ms)
✔ all departure/recovery aliases keep canonical frame clocks and altitude when payload changes (0.333958ms)
✔ missing empty variants stay explicit incomplete art without changing authoritative state (0.129167ms)
✔ a decoding atlas cannot retain stale payload pixels across empty or viewer boundaries (2.898125ms)
✔ atlas mask preserves faint body opacity across byte and row boundaries (1.078667ms)
✔ normal tolerance reaches nearby body but never pixels belonging to a neighboring atlas frame (0.18425ms)
✔ empty body page remains unselectable and malformed decoded dimensions are rejected (0.370125ms)
✔ all twelve ambient effects come from current disclosed state or an exact transition (3.69525ms)
✔ movement and building work stop on actual stagnation; paused tick preserves phases and transitions once (0.539375ms)
✔ baseline, replacement, perspective, rewind and long gaps suppress historical bursts and depletion (0.536625ms)
✔ lost, dead, contained, recovered and replaced actors cannot retain their looping cosmetics (1.369834ms)
✔ depletion requires consecutive visible matching fields, never zero on first sight or a hidden transition (0.216125ms)
✔ event scopes, high water, future timestamps, bounded expiry and unknown aircraft crashes fail closed (0.1765ms)
✔ wreck smoke needs the identified immediately prior ground vehicle and ends on visibility loss (0.107583ms)
✔ ambient attachments track displayed actor height and interpolation; motion reductions keep a static frame (1.914084ms)
✔ rotor wash stays on ground and requires a disclosed low visual altitude (0.291083ms)
✔ combat keeps priority in the shared bounded pool and reset releases every ambient node (3.409083ms)
✔ seek publishes the replacement frame within 100ms before its paused clock and reply (1.096375ms)
✔ each reset while replacement is pending preserves the final authorized frame (0.117666ms)
✔ pause flushes the last throttled frame even without a replacement or finished outcome (0.162291ms)
✔ load/session replacement publishes its first frame immediately and clears the old owner (0.079584ms)
✔ same-tick perspective replacement publishes the new authorized owner immediately (0.08775ms)
✔ steady play retains the HUD throttle while every snapshot reaches the renderer (0.350709ms)
✔ menu and a buffering replacement never flush the previous session snapshot on pause (0.083416ms)
✔ already paused frames and a terminal outcome publish without waiting for another tick (0.097042ms)
✔ simultaneous art initialization and sheet requests share one verified generation (24.867291ms)
✔ a changed host cannot supply new sprite metadata beneath a retained art index (11.206792ms)
✔ failed index replacement keeps prior art; valid idle replacement moves metadata and identity together (5.99475ms)
✔ content reload canceled at its idle boundary cannot publish a new generation (2.756ms)
✔ dispose aborts pending initialization and prevents late generation publication (0.451083ms)
✔ generation adapter keeps bytes exact and excludes private, cross-origin and non-GET requests (2.280375ms)
✔ index capture preserves exact whitespace and rejects oversized/incompatible data (0.739ms)
✔ a full 136-type roster request completes without caching queue overflow as missing art (16.995542ms)
✔ transient metadata failures can retry and explicit same-index reload verifies a fresh capture (5.383791ms)
✔ an image download failure does not retain a rejected image promise (4.873958ms)
✔ a transient sprite page retries after a bounded delay and disposes its owned texture (303.5925ms)
✔ a hard integrity error after a transient retry is surfaced and remains held (303.277833ms)
✔ every Go roster and faction building maps exactly to the approved art inventory (2.046375ms)
✔ captured air producers and safehouses keep their original physical art (0.185125ms)
✔ actor identity refreshes generic faction art on capture and is stable after restore (0.18775ms)
✔ object skins follow explicit Go classes without inventing faction or objective identity (0.812791ms)
✔ actual cameo consumer uses full advertised building portrait and build keys independently (0.984125ms)
✔ actual build cameo falls back to its independently advertised portrait, and units retain legacy keys (0.198667ms)
✔ an advertised illustration load failure retains the existing missing-art result without unadvertised retries (0.107541ms)
✔ resolver prefers exact advertised keys independently and never guesses absent UI (0.088959ms)
✔ resolver rejects path traversal and URL syntax even when the malformed key is advertised (0.19075ms)
✔ captures exact index/manifest and verifies online bytes before JSON/decode (21.5875ms)
✔ retained A reads only A cache after B activation; explicit removal is fail closed (6.707625ms)
✔ cold new generation needs no worker or network; legacy reconnect must match exact index (7.61625ms)
✔ copied index, canonical manifest identity and private/unknown path exclusion (1.220958ms)
✔ manifest/index mismatch, duplicates, reserved URLs and corrupt cache metadata fail before payload (1.935291ms)
✔ truncated/oversized/corrupt payloads and canceled streams do not return bytes (5.299042ms)
✔ leased object URLs are verified, keyed, reference-counted, bounded and disposed (4.083708ms)
✔ bounded metadata, declared file sizes and redirected origins are rejected (1.329209ms)
✔ 961-request roster envelope finishes through the bounded active queue (378.5435ms)
✔ queued cancellation and dispose never start waiting network; queue length is bounded (12.742875ms)
✔ aggregate declared active bytes stop a second large reader without allocating it (1.67625ms)
✔ installer stores canonical manifest before READY; metadata failure/cancel keeps old usable cache (14.261167ms)
✔ legacy reinstall creates a verified successor; mutation of caller manifest cannot alter the transaction (2.396291ms)
✔ different queued descriptors preserve FIFO across canceled middle jobs (63.828833ms)
✔ standard verifies selected world pages plus actual 2x portrait/build pairs, without unused 2x world pages (24.745958ms)
✔ high quality uses 2x world pages; the missing-high fallback matches the renderer (3.444ms)
✔ a portrait also satisfies build fallback; missing portrait conservatively verifies every 2x beauty/team page (3.677917ms)
✔ a high-quality cameo fallback shares already verified metadata and images (0.82125ms)
✔ per-launch concurrent URL dedup counts bytes and decode only once; later launches reverify (1.410584ms)
✔ image verification is sequential and closes each bitmap before the next decode (1.024041ms)
✔ completed native EOF clears its deadline and detaches parent abort while preserving subsequent launch cancellation (0.627625ms)
✔ in-flight parent cancellation keeps its exact reason and clears the deadline (0.253833ms)
✔ in-flight 15s deadline remains a real TimeoutError and detaches parent listener (0.107625ms)
✔ download deadline is cleared at EOF before an asynchronous image decode finishes (0.146833ms)
✔ failure cleanup cannot be replaced by a later timeout or parent abort while reader cancellation settles (0.215833ms)
✔ a queued already-canceled call performs no fetch (0.06175ms)
✔ fetch/header failures and native body errors preserve cause and clean the deadline (0.154667ms)
✔ parent cancellation during image decoding closes the bitmap and is never relabeled as a corrupt image (0.131125ms)
✔ bad HTTP, empty body, malformed JSON and image decode failures remain failures (0.285084ms)
✔ encoded per-file/total limits still fail, stop the reader, and are counted once (0.222084ms)
✔ the file ceiling is bounded, sealed-roster-derived, and cannot be raised by a caller (0.134375ms)
✔ a valid 4550-file graph exceeds the old ceiling and verifies within the new bound (137.17975ms)
✔ path traversal, malformed or partial atlases, and conflicting image dimensions are rejected (0.514375ms)
✔ decoded atlas bounds and explicit UI pair dimensions must agree (0.257166ms)
✔ full advertised building UI keys replace unused high-world fallback pages (0.231792ms)
✔ preflight resolves portrait and build keys independently and keeps missing-portrait world fallback (2.630708ms)
✔ newly reachable advertised building UI missing from disk fails preflight rather than taking an unadvertised fallback (0.28825ms)
✔ audio manifest rejects unsafe URLs, malformed bounds and partial codec fallbacks (1.728542ms)
✔ audio byte read bounds hold without length headers (14.607833ms)
✔ warning bundles and selection cooldowns are location specific and resettable (0.092958ms)
✔ director consumes only new permitted events; rewind/reconnect/new perspective never burst old sound (0.819625ms)
✔ selection and command acknowledgment require owned actors or actual receipt; lost vision is not death (0.22025ms)
✔ owner economy, teammate and public endgame transitions produce captions without inventing hidden readiness (0.200542ms)
✔ service-loss audio warns only when the current living owned aircraft has no replacement home (1.805916ms)
✔ service-loss warning does not repeat across duplicate IDs, reset, rewind or foreign perspective (0.328042ms)
✔ autosaves follow simulation ticks, save checkpoints once, and begin a new schedule on load (0.770125ms)
✔ failed checkpoint retries with simulation backoff and quota errors wait for explicit recovery (1.068375ms)
✔ replay and online notifications never save; closing or replacing a session discards a captured old snapshot (0.28725ms)
✔ concurrent tick notifications coalesce and never overlap writes (0.38475ms)
✔ status callbacks may observe new ticks without reentrant captures and failed writes retain their exact snapshot (0.550667ms)
✔ defeat countdowns follow the actual perspective and simulation tick, never the wall clock (0.795458ms)
✔ recovery, defeat, finished outcomes and absent/invalid deadlines clear warnings (0.11875ms)
✔ memory captions preserve the observation timestamp across later ticks and reject future or malformed times (0.0805ms)
✔ build power estimate includes both capacity and demand without altering current economy (0.066792ms)
✔ continuous sound selects nearest three current screen actors, with quiet bed and no fog memory (8.962667ms)
✔ stationary, dead, landed and embarked actors have no engine, jets use bounded passes (0.189792ms)
✔ impact material requires an identified authorized entity, never a nearest-target guess (0.075166ms)
✔ map ambience derives solely from public map presentation (0.167541ms)
✔ enemy strategic alert uses only public threshold transition and never initial/seek catchup or ally charge (0.703292ms)
✔ endurance event alone supplies exact loss reason and suppresses generic duplicate independent of array order (0.284834ms)
✔ impact event material can use only current or immediately previous permitted target (0.151417ms)
✔ battlefield attachment follows explicit pause and detachment without retaining renderer callbacks (0.226291ms)
✔ verified pack responses drop transport and Vary headers without changing bytes or content type (18.65225ms)
✔ campaign order unlocks on any difficulty and keeps version-specific medals separate (20.494083ms)
✔ missing story predecessor remains locked while prior completed missions can be replayed (4.149792ms)
✔ live solo victory records authoritative mission version and completed optional objectives exactly once (3.472083ms)
✔ replay, practice, unfinished, defeat and changing sessions never award progression (3.739333ms)
✔ online completion requires committed matching commander result, excludes observers and remains host-scoped (3.094917ms)
✔ first run requires explicit settings, preserves conflicting choices and returns a launch intent only (2.485ms)
✔ future first-run settings remain untouched and do not silently enable sound (1.710167ms)
✔ muzzle uses the exact displayed fallback frame, alias, part offset and heading while a page loads (6.166917ms)
✔ shot weapon and resolved armor survive source loss, conversion and landed aircraft (0.916584ms)
✔ legacy absence and malformed metadata remain distinct and never claim a miss (0.201ms)
✔ positive hit facts cannot recover a removed, contained, dead or undisclosed target (0.16475ms)
✔ area and strategic metadata never manufacture victim identity (0.104583ms)
✔ cover feedback requires explicit positive small-arm mitigation on infantry (0.12125ms)
✔ trace may not bridge a hidden pocket or extrapolate off the known map (0.916583ms)
✔ accessibility variants take priority over decorative quality (0.0965ms)
✔ axial flash direction follows dimetric displayed headings, including independent turret directions (0.136666ms)
✔ projectile direction needs real successive movement and never a guessed first sample or target (0.501292ms)
✔ rotated frame bounds keep large offscreen-origin smoke and cull genuinely absent ink (0.095667ms)
✔ confirmed hits and cover select exact art IDs; ambiguity never becomes miss or blocked (0.966792ms)
✔ interception is a warning-point outcome distinct from a launch or decoy (0.1225ms)
✔ scope, future events, stale cues and unsupported kinds fail closed (0.149458ms)
✔ timeline deduplicates aggregates, freezes paused tick, expires and ignores future watermark (0.362542ms)
✔ first load, replacement, perspective, rewind and long gaps establish empty baselines (0.226875ms)
✔ lost hit anchors disappear immediately, without manufacturing death or hidden locations (0.0755ms)
✔ trails retain only successive authorized samples and reset on loss, reuse or replacement (0.170167ms)
✔ full legal actor-scale burst preserves all essential cues independently of decoration budgets (0.822458ms)
✔ destruction specializes only the identified preceding permitted actor, with bounded authored clip clocks (1.432916ms)
✔ death classification cannot use hidden history, foreign ownership, containers or a redacted impact (0.20675ms)
✔ combat audio uses the emitted weapon after source conversion, death or disappearance (0.643625ms)
✔ combat audio consumes positive resolution armor, including landed aircraft, without current type guessing (0.163375ms)
✔ known unknown/area/invalid metadata cannot recover material from current or previous victim (0.121791ms)
✔ only absent metadata retains older runtime audio behavior (0.113334ms)
✔ explicit decoy/interception events remain separate, deduplicate IDs and never guess a defender or failed shot (1.070417ms)
✔ director ignores future combat cues and consumes a valid later delivery only once (0.14675ms)
✔ fixed batteries and mobile Aegis warn on owned charge depletion, not ammo or foreign counts (0.263916ms)
✔ repeated connected observer polls preserve new audio; real reconnect establishes a fresh baseline (0.167833ms)
✔ rebase retains targeted Return semantics while ordinary Return remains queueable (1.605417ms)
✔ context aircraft choose rebase only through Go capability and target approval (0.549792ms)
✔ explicit intents reject hostile ownership and hidden/memory targets before invoking gameplay preview (0.265583ms)
✔ large movement selections split safely while semantic abilities never repeat implicitly (0.983625ms)
✔ mixed selection previews preserve exact failures and require explicit opt-in for partial commands (0.226375ms)
✔ contextual mixed forces capture or attack legally without making support or air-only units chase ground targets (0.367125ms)
✔ context commands use owned private data for unload and preserve producer-per-order semantics (0.190958ms)
✔ queue and packet limits are explicit and never silently truncate or modify intentions (0.303625ms)
✔ unavailable previews are labeled unverified and preview callbacks cannot mutate outbound order data (0.133875ms)
✔ multi-point ability identity stays locked and selection changes invalidate pending previews (2.664458ms)
✔ explicit command batches use one sequential preview and retain joint affordability failures (0.185416ms)
✔ context prefetch batches 65 units, skips unused fallbacks, and sequentially rechecks combined orders (3.040417ms)
✔ publicly impossible contextual candidates fall back, then final shared assignment failures stay rejected (0.331875ms)
✔ candidate and final batch waits both discard stale selection without sending or mutating intentions (0.229584ms)
✔ library passes exact detached map/mission bytes through Go adapters before preparing launch (21.97025ms)
✔ strict index rejects traversal, private URLs, duplicates, unknown fields and missing dependencies (1.657542ms)
✔ integrity or Go validation failure preserves source and never reports ready or launches substitute data (1.162625ms)
✔ failed refresh retains last valid registry; explicit retry succeeds and original index remains exportable (0.602833ms)
✔ mismatched authoritative metadata rejects the file and leaves caller buffers unchanged (1.646459ms)
✔ stream overflow is canceled, canceled work is discarded and changing the index invalidates in-flight validation (1.37725ms)
✔ empty installed index is explicit missing content, while private/executable pack manifests are rejected (0.119792ms)
✔ lost vision removes entity and replaces private state without mutating the prior frame (1.696417ms)
✔ protobuf retains large seed and currency values and new control/status fields (1.7705ms)
✔ display conversion and reconnect sequence retain boundaries (0.20525ms)
✔ SHA-256 fallback matches published empty, abc, multiblock and million-a vectors (34.043167ms)
✔ SHA-256 handles every padding boundary, sliced views, high bytes, and arbitrary binary blocks (34.575084ms)
✔ fallback snapshots input and yields during large-file hashing without accepting later mutations (44.688667ms)
✔ insecure-origin capability fallback uses CSPRNG UUIDv4 and never weak randomness (1.069791ms)
✔ editor handle stays 32 CSS pixels on square/rectangular resized grids and keeps exact anchor (0.514959ms)
✔ editor loads immutable first beauty frames, paints fixed icons and releases only owned sheets (0.526208ms)
✔ missing marker art and failed draw retain the callers vector fallback (0.09225ms)
✔ leaving during editor atlas loading cannot publish a stale frame and still releases resources (0.080167ms)
✔ a grouped paint/object/mission edit is one reversible transaction with detached snapshots (6.373208ms)
✔ failed transactions are atomic; no-op and escaped edits cannot corrupt undo history (4.526334ms)
✔ undo history is bounded; editing after undo removes the abandoned redo branch (5.972292ms)
✔ resizing preserves surviving cells and objects for explicit repair; snapping is geometry only (3.1115ms)
✔ Go validation errors remain precise and prevent export and practice launch (5.730125ms)
✔ validation that races an edit is stale and can never authorize a launch (2.122583ms)
✔ editor exports verify checksums, preserve supported mission/presentation, and keep background edits dirty (6.28475ms)
✔ map and mission practice launches are validated, cannot mutate editor state, and retain the draft on return (6.940375ms)
✔ mission edits reject executable/non-JSON values and prototype paths without changing the document (3.67475ms)
✔ draft persistence is CAS protected and preserves exact portable documents (18.45775ms)
✔ a microtask edit after Go validation resolves cannot be substituted into a validated export (2.648708ms)
✔ a failed summary write aborts the entire draft save and keeps the dirty document available (5.029625ms)
✔ supported optional map arrays normalize without losing metadata, and mission corruption is detected on draft import (5.278209ms)
✔ draft deletion retains revisions across reopen so stale tabs cannot overwrite or delete recreated drafts (10.178542ms)
✔ schema-one draft migration preserves content and starts the tombstone above the old revision (5.6045ms)
✔ FX schema is immutable, supports shared variants and rejects invalid paths/frames/references (1.7915ms)
✔ FX PNG inspection rejects corruption, truncation, appended bytes and unsupported dimensions (0.717333ms)
✔ FX metadata loads once, pages load on demand, shared variants reuse frames, release owns all textures (12.280542ms)
✔ FX wrong bytes fail before decode and explicit retry recovers, without silent replacement (2.011167ms)
✔ FX strict residency budget includes pending decode and evicts only old pages under pressure (1.376625ms)
✔ FX late texture decode cannot resurrect a released session (0.481583ms)
✔ FX decoded image dimension mismatch is released and index integrity mismatch rejects init (0.82025ms)
✔ FX release during metadata fetch prevents late sheet installation (0.334291ms)
✔ FX optional absence preserves old art index; complete exact dependency graph is advertised (23.628459ms)
✔ FX partial/corrupt/unknown/symlink packs fail instead of advertising completion (26.522167ms)
✔ FX symlinked root and traversal metadata cannot escape the installed build (12.62525ms)
✔ FX dev middleware serves checked exact bytes only and rejects traversal/unlisted/corrupt pages (61.4655ms)
✔ FX actual build hook packages referenced files with exact base-pack hashes; tampering rejects repack (24.831875ms)
✔ Copper Junction pilot binds unchanged map bytes and exactly ten mirrored public entries (8.559167ms)
✔ optional scenery is exact-byte verified after the public map passes Go validation (18.288791ms)
✔ a reused map ID/version cannot authorize scenery for different terrain, objects or starts (1.71325ms)
✔ corrupt optional bytes remain exportable and mismatched source bindings are rejected (3.971167ms)
✔ environment descriptors reject unsafe paths, unknown fields and excessive declared sizes (1.433167ms)
✔ cancellation and index replacement cannot install an in-flight scenery response (2.383958ms)
✔ environment decoder binds exact map bytes, rejects unsupported data and freezes detached output (6.334916ms)
✔ skins cannot invent object classes, missing actors, duplicates, factions or state (3.138791ms)
✔ solid props need the complete impassable safety area and opaque masses need real sight blocking (1.977041ms)
✔ scrub cannot invent cover, overlap dressing or float across mixed-height support (0.856791ms)
✔ bridge variants keep every internal road lane open in all four orientations (2.384458ms)
✔ public dressing follows exploration and skin rubble still requires Go disclosure (6.826791ms)
✔ Go maps with a null empty resource slice still disclose later shipment cargo (6.496667ms)
✔ public explored locations never invent initial cargo or station ownership (0.130458ms)
✔ only disclosed field and station facts update presentation memory; hidden changes do not (0.180042ms)
✔ dynamic shipment cargo follows real fields and coalesces old depleted shipments without timers (0.139834ms)
✔ rubble requires explicit selected-player disclosure and disappears exactly on rewind or perspective change (0.20525ms)
✔ object art uses explicit legal classes and actual health/destruction independently of neutral enabled status (0.237875ms)
✔ aircraft empty payload and orbit art use only owner-private facts; observed service is public (1.328833ms)
✔ launcher ready art never derives another player’s exact charges (0.268167ms)
✔ initial and reset flight states are stable; transitions only follow observed landing changes (0.965625ms)
✔ interrupted flight and crash remain continuous and settle on terrain without gameplay delay (0.296708ms)
✔ selection uses owned live entities and never treats remembered or enemy entities as commandable (2.201834ms)
✔ box and same-type screen selection preserve shift add/remove semantics without selecting fog memory (7.36825ms)
✔ control groups prune removed/captured units, retain embarked members and center only on deliberate double tap (0.337708ms)
✔ selection tokens change with composition, perspective and session but not with ordinary movement (0.177708ms)
✔ escape and actionable alerts return camera/menu intentions without changing selection (0.10225ms)
✔ native keyboard activation is not consumed as chat or alert navigation (1.647209ms)
✔ default and classic controls have no shortcut conflicts, including queued commands and groups (2.407917ms)
✔ remapping is transactional and detects overlaps introduced by the queue modifier (1.038333ms)
✔ accessible modifier toggles preserve normal shortcuts and clear cleanly on focus loss (0.437ms)
✔ text entry, composition, disabled surfaces and already consumed events suppress battlefield shortcuts (0.285333ms)
✔ standard and classic pointer presets return correct selection, targeting and queued command intentions (0.671375ms)
✔ map context transmits only explicit admission and verifies declared map hash before exposing map (17.112291ms)
✔ map moderator submits both displayed revisions and preserves reported evidence when author changes concurrently (0.911459ms)
✔ minimap paints an already paused snapshot immediately after attachment (1.318166ms)
✔ paused camera pan, zoom and resize repaint with a bounded cadence (0.142792ms)
✔ mission and actual resize invalidation survive the paint throttle (0.159792ms)
✔ detach releases its resize observer and stops later camera painting (0.127083ms)
✔ stale cleanup cannot detach a newer attachment of the same canvas (0.145209ms)
✔ an attachment before the first authorized snapshot paints when it arrives (0.120583ms)
✔ radar keeps battlefield projection across maps and accessibility panel sizes (0.823875ms)
✔ late failed FX load cannot disclose a prior perspective through missing-art diagnostics (1.846125ms)
✔ actor fallback and payload diagnostics are derived from current visible actors (0.115875ms)
✔ original-force labels merge only selected faction and reject ambiguous or incompatible metadata (2.696ms)
✔ marked forces contain only living currently-owned originals; carried members are counted without selecting their carrier (0.277167ms)
✔ authored objective markers resolve public regions and disappear only after authoritative completion (1.495ms)
✔ mission marker loading rejects wrong versions, duplicate IDs, invalid regions and hidden/failure objectives (0.529584ms)
✔ operator credential remains memory-only, reviews use displayed revision and locking drops all evidence (13.800625ms)
✔ operator never sends credential to LAN or deceptively named hosts; malformed tokens stay local (0.165291ms)
✔ locking during a pending privileged request discards its response and does not resurrect operator state (0.440416ms)
✔ stale review keeps concrete evidence and requires explicit reload; writes are never retried automatically (0.395042ms)
✔ revoked operator credential clears previously loaded private evidence on server denial (1.105625ms)
✔ network guest can reach host without a profile; profile credentials stay out of public controller state (26.010333ms)
✔ ready proves matching Go version and actual asset loading; failure never sends ready flags (6.666083ms)
✔ configuration mutation during assets preflight uses captured revision and requires renewed readiness (5.346625ms)
✔ start installs real slot connection and validated host map, while slot token never enters observable state (5.1485ms)
✔ expired profile authentication produces recoverable local sign-in without deleting saves (4.429875ms)
✔ product sync requires explicit per-item decisions and preserves exact engine bytes through migration (10.217958ms)
✔ completed lobby recovers durable result for an eliminated socket without replaying commands (3.856291ms)
✔ chat reads every retained page, displays new messages beyond the first 100 and removes newly filtered history (4.181042ms)
✔ expired profile can create a replacement identity without inheriting old lobby membership or deleting files (9.300792ms)
✔ profile replacement without a lobby clears private reports, host copies and prior notices immediately (2.406625ms)
✔ credential expiry removes report evidence from public state even without a lobby (2.666917ms)
✔ workshop preparation never uploads implicitly; explicit private write uses reviewed revision and stale writes preserve preview (3.032542ms)
✔ leaving an active online session stops automatic re-entry while explicit reconnect remains available (3.127084ms)
✔ missing retained lobby recovers only an exact durable result and never rejoins a frozen participant (4.919584ms)
✔ missing lobby without a committed record stays unresolved and transient history failures can retry (3.1685ms)
✔ recorded history is available without a lobby and is cleared on profile change (3.25075ms)
✔ delayed observer installs no early world state, authenticates only through header and rejects every command/clock mutation (232.717959ms)
✔ observer rejects wrong perspective, metadata, player command receipts and changed delay before publishing (2.062375ms)
✔ observer reconnect preserves last permitted snapshot and rejects a rewind or terminal authorization loss (1.532584ms)
✔ disposing while a response is in flight cannot publish a stale observer frame or restart polling (0.520833ms)
✔ transient background observer failure retries without repeated command-error dialogs and clears the status on recovery (607.474625ms)
✔ disposing during buffered response decoding leaves the feed closed (23.831958ms)
✔ completed content upgrades remain coherent offline; corrupt staging cannot activate or delete old packs (37.389333ms)
✔ elimination terminal preserves final permitted frame and stops reconnect without generic runtime error (364.836917ms)
✔ owner operation preview preserves all three exact Go routes and deadlines without retaining response aliases (0.772166ms)
✔ operation preview rejects mismatched intent, duplicate plans, invalid coordinates/times and independent disclosure (1.001291ms)
✔ LAN preview exposes plans only through validated sequential advice and never turns estimates into certainty (14.683083ms)
✔ strike review waits for advice, binds immutable targets, cancels stale responses and confirms only once (0.264333ms)
✔ older runtimes and rejected previews cannot confirm a strike (0.095584ms)
✔ rejected ground feedback copies only a finite explicit local order position (0.639666ms)
✔ ordinary planned command receives exactly one current owner rejection marker and preserves the authoritative queue (1.332417ms)
✔ accepted, foreign, reset and disconnected receipts never paint stale rejection positions (0.630584ms)
✔ rejected marker stays bounded, static and expires without altering snapshots or looking up entities (0.631958ms)
✔ out-of-order batch receipts each acknowledge once without dropping earlier entries (0.274417ms)
✔ owner ranges keep exact Go values and only actual public assignments, detached from wire (1.086708ms)
✔ old runtimes, allies, enemies, embarked and destroyed actors never acquire guessed ranges (0.123125ms)
✔ assignment links require matching live public warning and unexpired exact ID (0.225ms)
✔ zero perception is explicit, malformed metadata fails closed and paused/full time stays absent (0.109041ms)
✔ selection of a ready defense requires exact Go readiness consistent with its tick and charges (0.066875ms)
✔ construction ghost waits for body beauty, keeps physical @2x scale, and suppresses unmatched turret paint (4.376959ms)
✔ cleared, switched and disposed proposals reject late art admission (1.618542ms)
✔ final interceptor launch uses an empty rack only for disclosed owned charges (0.808125ms)
✔ owned structural battery art preserves priority and known charge count with legacy fallback (0.334208ms)
✔ cosmetic squad casualties follow only disclosed health and restore with healing (0.075834ms)
✔ authoritative support and channel names select their authored work animation (0.097458ms)
✔ deployment, packing and damage cannot disappear behind ordinary idle art (0.094042ms)
✔ boarding receiver context opens only authored doors and blocked unloading keeps them open (0.145625ms)
✔ building animations follow known power and service facts without disclosing enemy assignments (0.325167ms)
✔ offline discontinuity arrives before replacement snapshots, but ordinary ticks do not reset effects (3.997333ms)
✔ production navigation keeps the chosen facility while combat selection changes (2.304583ms)
✔ producer focus discards dead, carried, removed and foreign sources without inferring availability (0.364167ms)
✔ sidebar advice never leaks production actions into selected troops or mutates Go advice (0.105541ms)
✔ campaign completion is idempotent across tabs and replay playback never updates progression (10.356375ms)
✔ future progress schema and invalid completion remain untouched (4.649917ms)
✔ damaged progress records cannot turn counters into invalid values (2.249208ms)
✔ practice results cannot update campaign progress even when mislabeled as live by a caller (1.598792ms)
✔ point-target reach preserves distance from circular and rectangular firing footprints (3.090334ms)
✔ range modes never substitute public base sight/detection for absent owner disclosure (0.708708ms)
✔ recorded result reads only authenticated result metadata and preserves original payload bytes (0.820417ms)
✔ frozen result cue requires matching committed result and never replaces live or observer state (0.18ms)
✔ reports send participant context only and propagate quota without retrying (18.448709ms)
✔ own report paging encodes cursors and history retains the exact result payload (0.382833ms)
✔ conflict preview displays both timestamps and mission progress, with unchanged large integer engine bytes (40.028542ms)
✔ guest migration previews exact stable copy targets and unsupported local-only items before explicit choices (10.436875ms)
✔ any local or remote revision change after preview blocks all writes before execution (8.3665ms)
✔ copying remote data to a manual local target preserves exact bytes and requires human commander choices (5.926625ms)
✔ cancellation after a completed copy stops remaining copies and never rolls back by deleting files (10.660084ms)
✔ an uncertain network write is reported honestly and never retried automatically (3.486541ms)
✔ preview tampering cannot redirect targets or authorize another account (3.768958ms)
✔ incompatible saves remain intact and can only be skipped or mapped to a separate destination (4.069208ms)
✔ settings previews expose missing host timestamps and use both local and host revision checks (3.520917ms)
✔ a source edit during upload remains local and the receipt identifies that the reviewed snapshot was copied (3.756625ms)
✔ host CAS still protects a change that occurs after preflight, and pre-start cancellation writes nothing (3.593042ms)
✔ destination names are part of the reviewed copy mapping and obey actual host byte limits (5.361334ms)
✔ delete/recreate before preflight is detected even if the revision number repeats (4.667583ms)
✔ campaign preview compares actual mission records and timestamps; explicit replacement preserves authoritative results elsewhere (5.446708ms)
✔ campaign remote changes and CAS races preserve both revisions; uncertain writes are not retried (5.12775ms)
✔ campaign upload preserves a concurrently updated local ledger and never crosses account context (4.450667ms)
✔ future or malformed campaign ledger remains preserved and cannot overwrite a supported copy (3.058917ms)
✔ metadata-only archive selection supports more than64 files and downloads selected files only (6.173291ms)
✔ inventory selected revision changes reject before downloading, and account changes invalidate selection (6.294708ms)
✔ unknown host sizes reserve64MiB and aggregate byte bound applies before selected payload downloads (3.928458ms)
✔ real source heights support the actual service center/grid, highest plane and zero-height ground distinctly (0.784375ms)
✔ retained physical footprint and sim-local axes determine support, not the converted faction capacity (0.337792ms)
✔ edge/vertex sampling is inclusive for either winding but outside collinear extensions remain ground (0.84275ms)
✔ invalid or invented support metadata cannot supply a blanket lift (0.580875ms)
✔ an eliminated online commander has a frozen badge regardless of stale pause, without changing the permitted snapshot (0.790375ms)
✔ observer, paused and replay labels retain priority; only a real finished snapshot labels the battlefield ended (0.098625ms)
✔ terminal and disconnected menus never display old teammate, latency or shared-pause data as current (0.152584ms)
✔ failed replacement retains live match, successful replacement disposes it once (1.453709ms)
✔ a slower canceled launch cannot overwrite the latest session (0.242667ms)
✔ replay skips autosave, has read-only save/restart controls, and releases worker on menu (0.269125ms)
✔ manual save cannot write a newly selected session under an old request (0.215458ms)
✔ new restart session has a new autosave identity and remains paused until UI resumes (0.2745ms)
✔ observer replacement is read-only, may buffer without a snapshot, and never creates autosaves (0.221167ms)
✔ only the exact currently disclosed owned sale suppresses its cleanup destruction (0.542167ms)
✔ owned sale retains sell audio without explosion or building-lost announcement; combat death remains (1.525833ms)
✔ sale cleanup cannot cause actor death feedback or camera shake (0.249959ms)
✔ authored reverse aliases retain progress and map all layers/hardpoints to exact source poses (0.675292ms)
✔ concurrent save edits have exactly one winner and preserve the conflict (7.84575ms)
✔ three autosaves rotate atomically without consuming manual saves (15.947416ms)
✔ export/import preserves exact large integer bytes and previews existing records (3.001667ms)
✔ settings use a separate revision and failed validation leaves saves untouched (2.875875ms)
✔ backup restores saves/settings/progress/replays together with explicit decisions and exact bytes (11.856334ms)
✔ backup conflict aborts every selected write and keeps both versions available (8.347625ms)
✔ failed backup write rolls back earlier writes and never discards the source (5.361458ms)
✔ unsupported backup and mixed incompatible save preserve exact originals for later recovery (4.490125ms)
✔ preview mutations cannot bypass validation or overwrite a revision not reviewed (5.163625ms)
✔ replay validation is bounded, integrity checked, CAS protected, and corrupt files remain exportable (6.271ms)
✔ schema upgrade preserves version-one saves and future databases are never downgraded (2.400333ms)
✔ settings reject malformed JSON, byte limits and invalid revisions without replacing existing data (5.848583ms)
✔ an unreadable backup can be kept byte for byte without replacing current records (3.471833ms)
✔ deleted save and replay IDs never reuse revisions across tabs and reopen (7.54775ms)
✔ atomic backup CAS rejects delete/recreate races; backup restore and autosave respect tombstones (8.830042ms)
✔ legacy revisions migrate to durable high-water marks without rewriting their bytes (2.582292ms)
✔ revision exhaustion fails safely and never wraps an existing save (1.773834ms)
✔ campaign backup validation preserves malformed story originals without replacing a supported local ledger (1.582916ms)
✔ browser backup streams cursor records without retaining all raw archive payloads (22.725916ms)
✔ world-space rings preserve exact radius at every sample, including large zones (1.803ms)
✔ caption semantics retain pending launch versus impact and round up the last live tick (0.124042ms)
✔ coincident and nearby salvo captions remain separate without moving their target points (0.540583ms)
✔ command symbols distinguish target, ground, queued guard, patrol and return intent (0.081042ms)
✔ restored ping baseline survives selection refresh; new pings expire and remain bounded (0.214958ms)
✔ all 28 catalog weapons retain exact splash; known artillery and tactical radii are world units (3.714917ms)
✔ hidden warning coordinates do not become projectile bodies or launch routes; unknown strategic radii stay explicit (0.23725ms)
✔ operation semantics distinguish actual impact, pending launch, observed arrival and raid exits (0.299792ms)
✔ zones use exact authorized radius/start/until including preparation, expiry and rewind (0.244167ms)
✔ endgame structure pulses remain minimap-only and defeat deadlines come from player summaries (0.103541ms)
✔ own order intentions never turn target-only defaults or stale memory into routes (0.363875ms)
✔ return uses only current owned home intent; rally sentinel and foreign private state are not displayed (0.183542ms)
✔ range references use actual max_range and retained footprint, never silently become hit eligibility (0.133875ms)
✔ semantic event cues retain uncertainty, attacker-owned interception, and authorized scopes (0.118333ms)
✔ pure snapshots rebuild without sharing mutable geometry, clocks, playback state or quality budgets (0.163584ms)
✔ cosmetic projectile choices reference manifest effects without inventing installed art or interceptor trajectories (4.02175ms)
✔ optional instance splash overrides catalog and explicit body visibility preserves presence semantics (0.192ms)
✔ operation splash is authoritative only for blast warnings; missing or invalid radii never get invented (0.126791ms)
✔ open ground never displays the cover or rubble material, across broad material transitions (10.635708ms)
✔ water, shore and beach remain distinct without changing gameplay terrain (3.222916ms)
✔ low scree only dresses open neighbors of real rock and never changes their rules (4.433041ms)
✔ flat surface preserves the original isometric projection and exact roundtrips, including partial chunks (26.12075ms)
✔ all passable road/open/ramp height joins share exact geometry and are traversable in all four directions (6.087667ms)
✔ disconnected diagonal walkable sectors do not average across impassable tiles (0.171625ms)
✔ raised plateau centers and conservative map bounds include the full four-level lift (0.335666ms)
✔ face picking selects the actual near cliff surface and returns its blocked owner rather than lower ground (0.189041ms)
✔ arbitrary valid height maps have exact projected intersections and no duplicate edge ownership (12.097333ms)
✔ fog geometry always uses conservative owner disclosure and does not mutate visible arrays (0.180666ms)
✔ mixed-height structure support has an exact clipped perimeter and never mutates terrain or invents placement validity (0.3435ms)
✔ surface is an immutable public-map snapshot and rejects unsupported heights (1.105167ms)
✔ two boarders deduplicate exact explicit receiver (1.598833ms)
✔ one interrupted boarder does not hide the remaining boarder (0.190167ms)
✔ all interrupted boarders immediately clear doors (0.163583ms)
✔ completion or expired channel does not linger (0.142875ms)
✔ moving approach orders alone do not open doors (0.14875ms)
✔ missing receiver remains unknown despite nearby airlift (0.136209ms)
✔ foreign receiver is not inferred or opened (0.116417ms)
✔ foreign passenger with artificial private data is ignored (0.133334ms)
✔ no private order means unknown even with public board state (0.11475ms)
✔ queued target does not replace active head order (0.178917ms)
✔ destroyed receiver closes independently of old order (0.1195ms)
✔ disabled receiver closes independently of old order (0.093917ms)
✔ neutral garrison requires exact disclosed target (0.120875ms)
✔ multiple receivers sorted independent of snapshot order (0.108083ms)
✔ reconnect/replay snapshot without active boarders clears context (0.088709ms)
✔ tutorial gesture memory merges tab updates, survives restart, isolates mission versions and never grants campaign progress (8.728875ms)
✔ incompatible tutorial memory stays preserved (0.509542ms)
✔ transport input lessons persist independently of authoritative world objectives (2.363584ms)
ℹ tests 466
ℹ suites 0
ℹ pass 466
ℹ fail 0
ℹ cancelled 0
ℹ skipped 0
ℹ todo 0
ℹ duration_ms 1716.790334
