✔ a new structural condition interrupts a current real ActorVisual launch and cannot revive it (2.908584ms)
✔ strategic activation respects structural low power while enemy charge privacy stays generic (0.177917ms)
✔ actual aircraft poses retain current owned empty payload through parked, service, damage and final-shot cues (3.835375ms)
✔ payload appearance checks current viewer, current owner and current private data every time (0.491709ms)
✔ all departure/recovery aliases keep canonical frame clocks and altitude when payload changes (0.53925ms)
✔ missing empty variants stay explicit incomplete art without changing authoritative state (0.20825ms)
✔ a decoding atlas cannot retain stale payload pixels across empty or viewer boundaries (1.390958ms)
✔ all four owned launchers retain disclosed empty payload through mobile and transition states (5.80125ms)
✔ IR first and last shots use separate real cue clocks and current post-shot charges (0.307708ms)
✔ partial pose aliases preserve progress and current action epoch when knowledge changes (1.050166ms)
✔ current ownership and private knowledge gate every mobile, ready and firing variant (0.268584ms)
✔ packing, undeployment and structural interruptions discard launcher shot cues (0.388291ms)
✔ missing variants are an explicit incomplete-art diagnostic and unrelated actors remain unchanged (0.196667ms)
✔ pending real atlas pages cannot keep stale payload or an expired departing missile (0.986667ms)
✔ final interceptor launch uses an empty rack only for disclosed owned charges (1.524333ms)
✔ owned structural battery art preserves priority and known charge count with legacy fallback (0.685625ms)
✔ cosmetic squad casualties follow only disclosed health and restore with healing (0.177958ms)
✔ authoritative support and channel names select their authored work animation (0.212417ms)
✔ deployment, packing and damage cannot disappear behind ordinary idle art (0.219417ms)
✔ boarding receiver context opens only authored doors and blocked unloading keeps them open (0.369334ms)
✔ building animations follow known power and service facts without disclosing enemy assignments (1.0905ms)
ℹ tests 21
ℹ suites 0
ℹ pass 21
ℹ fail 0
ℹ cancelled 0
ℹ skipped 0
ℹ todo 0
ℹ duration_ms 247.963917
