{
  "time": "2026-09-29T08:26:50.115Z",
  "scope": "Production helper over immutable real metadata and encoded PNG bytes, with PNG-header dimensions replacing browser decode. No browser, renderer, host, GPU or gameplay claim. This partial roster is not the sealed full-roster encoded-budget gate.",
  "product": "work/art/roster-runtime-overlay-v1/outputs/current-four-v19/product",
  "indexSHA256": "4927e9828da1f5bfc7efbca606fb6830cb5d4773ea67d39612da2836b8f047e3",
  "buildSHA256": "410b78352d886c19144658ff8071723d44a934b8d2d5a263fc9be20f8851ec50",
  "helperSHA256": "efeca0f385cbc56d7ccc42ed7f963ce79b945f3fa316ff75ce814461fa024a8f",
  "auditSHA256": "c4615f98af3f69d27c84c56626e14b71fe965d20d1cf8136584cee4f96a4a674",
  "limits": {
    "files": 16384,
    "json": 8388608,
    "image": 67108864,
    "total": 2147483648
  },
  "expectedOverlayFileCount": 496,
  "checkedOverlayFiles": 480,
  "oldRuns": [
    {
      "scope": "four-complete-overlay-assets",
      "scale": "1x",
      "files": 464,
      "encodedBytes": 110165529,
      "dedicatedUIIncluded": false,
      "note": "Unique dependency graph; old duplicate metadata requests are not recounted here."
    },
    {
      "scope": "four-complete-overlay-assets",
      "scale": "2x",
      "files": 234,
      "encodedBytes": 82606489,
      "dedicatedUIIncluded": false,
      "note": "Unique dependency graph; old duplicate metadata requests are not recounted here."
    },
    {
      "scope": "entire-frozen-index-plus-terrain",
      "scale": "1x",
      "files": 1831,
      "encodedBytes": 342731865,
      "dedicatedUIIncluded": false,
      "note": "Unique dependency graph; old duplicate metadata requests are not recounted here."
    },
    {
      "scope": "entire-frozen-index-plus-terrain",
      "scale": "2x",
      "files": 961,
      "encodedBytes": 257323276,
      "dedicatedUIIncluded": false,
      "note": "Unique dependency graph; old duplicate metadata requests are not recounted here."
    }
  ],
  "runs": [
    {
      "scope": "four-complete-overlay-assets",
      "scale": "1x",
      "assets": 4,
      "files": 250,
      "encodedBytes": 28208090,
      "images": 131,
      "uiPairs": 8,
      "bitmapClose": 131,
      "maximumPNG": 621695,
      "maximumJSON": 144364
    },
    {
      "scope": "four-complete-overlay-assets",
      "scale": "2x",
      "assets": 4,
      "files": 250,
      "encodedBytes": 82951987,
      "images": 131,
      "uiPairs": 8,
      "bitmapClose": 131,
      "maximumPNG": 1801895,
      "maximumJSON": 144364
    },
    {
      "scope": "entire-frozen-index-plus-terrain",
      "scale": "1x",
      "assets": 69,
      "files": 1249,
      "encodedBytes": 143847325,
      "images": 649,
      "uiPairs": 48,
      "bitmapClose": 649,
      "maximumPNG": 2133206,
      "maximumJSON": 144364
    },
    {
      "scope": "entire-frozen-index-plus-terrain",
      "scale": "2x",
      "assets": 69,
      "files": 1057,
      "encodedBytes": 259385215,
      "images": 553,
      "uiPairs": 48,
      "bitmapClose": 553,
      "maximumPNG": 2296062,
      "maximumJSON": 144364
    }
  ]
}
