✔ selected ordinary-build artifact must bind exact product pack before any launch (2.101333ms)
✔ all preflight/course/memory budgets and selected controls remain finite (0.133625ms)
✔ art body beyond fixed hash cap, duplicate or unsafe URL is rejected (0.535792ms)
✔ control filtering removes only exact control URLs and preserves global observer faults (0.727625ms)
✔ paid construction needs matching accepted order, new owner structure and saved real price (2.298875ms)
✔ site selection needs current public visibility, owned build range and clearance; no hidden save (0.381375ms)
✔ requested hash/body/concurrency ceilings are explicit and finite (0.469375ms)
✔ one exact original body may prove bytes while raw same-run abort remains failed (0.813708ms)
✔ wrong descriptor is never replaced by whichever bytes happened to match (0.158709ms)
✔ EOF, realm, unique native ID, execution context, SW and nonoverlap are mandatory (0.327ms)
✔ unsupported native JSON remains listed, not turned into an original-byte proof (0.10775ms)
✔ an ambiguous FAILED native JSON is never waived by successful body or scene observations (0.099542ms)
✔ native Blob is delivered unchanged without a local body read in this course (0.836083ms)
✔ native rejection object is forwarded and incomplete/truncated bytes never become proof (0.477875ms)
✔ missing capture, overflow, open hashes and CDP/PW disagreement never pass strict diagnostics (0.193958ms)
✔ API query credentials are excluded; complete static URL identity is preserved (0.109167ms)
✔ original fetch/reader result identity is forwarded, with no clone or extra read (0.385417ms)
✔ actual original texture identity, size reallocation and disposal are observed without double counting (1.088125ms)
✔ retained detached GL objects and unknown/unobserved contexts cannot become cleanup pass (0.817208ms)
✔ bounded resource observer fails closed after overflow, and never changes native errors (0.318291ms)
✔ passive worker observer never sends calls and preserves original post arguments/termination (12.758834ms)
ℹ tests 21
ℹ suites 0
ℹ pass 21
ℹ fail 0
ℹ cancelled 0
ℹ skipped 0
ℹ todo 0
ℹ duration_ms 169.366875
