=== RUN   TestGroundLauncherPayloadCourse
=== RUN   TestGroundLauncherPayloadCourse/US.launcher
=== RUN   TestGroundLauncherPayloadCourse/US.launcher-damaged-empty
=== RUN   TestGroundLauncherPayloadCourse/IR.launcher
=== RUN   TestGroundLauncherPayloadCourse/IR.launcher-damaged-empty
=== RUN   TestGroundLauncherPayloadCourse/SY.launcher
=== RUN   TestGroundLauncherPayloadCourse/SY.launcher-damaged-empty
=== RUN   TestGroundLauncherPayloadCourse/SA.launcher
=== RUN   TestGroundLauncherPayloadCourse/SA.launcher-damaged-empty
=== RUN   TestGroundLauncherPayloadCourse/IR.launcher-cancel-volley
--- PASS: TestGroundLauncherPayloadCourse (2.26s)
    --- PASS: TestGroundLauncherPayloadCourse/US.launcher (0.29s)
    --- PASS: TestGroundLauncherPayloadCourse/US.launcher-damaged-empty (0.14s)
    --- PASS: TestGroundLauncherPayloadCourse/IR.launcher (0.57s)
    --- PASS: TestGroundLauncherPayloadCourse/IR.launcher-damaged-empty (0.14s)
    --- PASS: TestGroundLauncherPayloadCourse/SY.launcher (0.26s)
    --- PASS: TestGroundLauncherPayloadCourse/SY.launcher-damaged-empty (0.12s)
    --- PASS: TestGroundLauncherPayloadCourse/SA.launcher (0.31s)
    --- PASS: TestGroundLauncherPayloadCourse/SA.launcher-damaged-empty (0.14s)
    --- PASS: TestGroundLauncherPayloadCourse/IR.launcher-cancel-volley (0.27s)
PASS
