FC_REMAINING_BUILDING_PREFLIGHT_OK building.IR.aa_post
FC_REMAINING_BUILDING_PREFLIGHT_OK building.IR.barracks
FC_REMAINING_BUILDING_PREFLIGHT_OK building.IR.bunker
FC_REMAINING_BUILDING_PREFLIGHT_OK building.IR.factory
FC_REMAINING_BUILDING_PREFLIGHT_OK building.IR.gun_turret
FC_REMAINING_BUILDING_PREFLIGHT_OK building.IR.outpost
FC_REMAINING_BUILDING_PREFLIGHT_OK building.IR.radar
FC_REMAINING_BUILDING_PREFLIGHT_OK building.IR.strategic_site
FC_REMAINING_BUILDING_PREFLIGHT_OK building.IR.supply
FC_REMAINING_BUILDING_PREFLIGHT_OK building.IR.tech
FC_REMAINING_BUILDING_PREFLIGHT_OK building.SA.aa_post
FC_REMAINING_BUILDING_PREFLIGHT_OK building.SA.barracks
FC_REMAINING_BUILDING_PREFLIGHT_OK building.SA.bunker
FC_REMAINING_BUILDING_PREFLIGHT_OK building.SA.factory
FC_REMAINING_BUILDING_PREFLIGHT_OK building.SA.gun_turret
FC_REMAINING_BUILDING_PREFLIGHT_OK building.SA.outpost
FC_REMAINING_BUILDING_PREFLIGHT_OK building.SA.radar
FC_REMAINING_BUILDING_PREFLIGHT_OK building.SA.repair_depot
FC_REMAINING_BUILDING_PREFLIGHT_OK building.SA.strategic_site
FC_REMAINING_BUILDING_PREFLIGHT_OK building.SA.supply
FC_REMAINING_BUILDING_PREFLIGHT_OK building.SA.tech
FC_REMAINING_BUILDING_PREFLIGHT_OK building.SY.aa_post
FC_REMAINING_BUILDING_PREFLIGHT_OK building.SY.barracks
FC_REMAINING_BUILDING_PREFLIGHT_OK building.SY.bunker
FC_REMAINING_BUILDING_PREFLIGHT_OK building.SY.factory
FC_REMAINING_BUILDING_PREFLIGHT_OK building.SY.gun_turret
FC_REMAINING_BUILDING_PREFLIGHT_OK building.SY.outpost
FC_REMAINING_BUILDING_PREFLIGHT_OK building.SY.radar
FC_REMAINING_BUILDING_PREFLIGHT_OK building.SY.safehouse
FC_REMAINING_BUILDING_PREFLIGHT_OK building.SY.strategic_site
FC_REMAINING_BUILDING_PREFLIGHT_OK building.SY.supply
FC_REMAINING_BUILDING_PREFLIGHT_OK building.SY.tech
