=== RUN   TestAuthoredCampaignOpeningCompletion
=== RUN   TestAuthoredCampaignOpeningCompletion/us-01-first-foothold/easy
    authored_campaign_acceptance_test.go:108: MISSION us-01-first-foothold faction=US difficulty=easy tick=2481 midpoint=1575 receipts=6 hash=457f19958ed6e60087cce286fffeb051119e7f7440a75797b59716e98891ae2c
=== RUN   TestAuthoredCampaignOpeningCompletion/us-01-first-foothold/normal
    authored_campaign_acceptance_test.go:108: MISSION us-01-first-foothold faction=US difficulty=normal tick=2481 midpoint=1575 receipts=6 hash=e6010ada0b68e09f7984f3cbff3bbb8e6d2ad52b7bb1d533c4a6af7b49fc7d5f
=== RUN   TestAuthoredCampaignOpeningCompletion/us-01-first-foothold/hard
    authored_campaign_acceptance_test.go:108: MISSION us-01-first-foothold faction=US difficulty=hard tick=2481 midpoint=1575 receipts=6 hash=3c7e36dc0ab23c332369ad77cc2ac4c97d446903af518e4daaccf0f891543888
=== RUN   TestAuthoredCampaignOpeningCompletion/ir-01-forward-signal/easy
    authored_campaign_acceptance_test.go:108: MISSION ir-01-forward-signal faction=IR difficulty=easy tick=2019 midpoint=1114 receipts=5 hash=6279e39e9b8ca0063a160d8f97420f8f93fdacd2390fb902107882fa504b7c92
=== RUN   TestAuthoredCampaignOpeningCompletion/ir-01-forward-signal/normal
    authored_campaign_acceptance_test.go:108: MISSION ir-01-forward-signal faction=IR difficulty=normal tick=2019 midpoint=1114 receipts=5 hash=e00ed8e7599d5b72bee538a16da95f3ab12e039b90b23bc2ff575c529586bdb4
=== RUN   TestAuthoredCampaignOpeningCompletion/ir-01-forward-signal/hard
    authored_campaign_acceptance_test.go:108: MISSION ir-01-forward-signal faction=IR difficulty=hard tick=2019 midpoint=1114 receipts=5 hash=668f3cd9ccd050d4a66072a4a719a09cbac9aa5007bac6ab73fd0336fc6420f3
=== RUN   TestAuthoredCampaignOpeningCompletion/sy-01-workshop-foothold/easy
    authored_campaign_acceptance_test.go:198: MISSION sy-01-workshop-foothold faction=SY difficulty=easy tick=6364 midpoint=433 receipts=53 hash=0db81bfa18ccd3b7f9a11eefd0527f4628c1191c83501f8b08fc58a1700b1cbf
=== RUN   TestAuthoredCampaignOpeningCompletion/sy-01-workshop-foothold/normal
    authored_campaign_acceptance_test.go:198: MISSION sy-01-workshop-foothold faction=SY difficulty=normal tick=6373 midpoint=443 receipts=52 hash=eb2b43952d95944faa3cf0c42bc1f7be0a93ba5dc5bd2723720bbab24fdf80e1
=== RUN   TestAuthoredCampaignOpeningCompletion/sy-01-workshop-foothold/hard
    authored_campaign_acceptance_test.go:198: MISSION sy-01-workshop-foothold faction=SY difficulty=hard tick=6063 midpoint=445 receipts=62 hash=fab54190b3aad1d5a021c7fb56a40e3f543e8a250c3c15216aa08fc3d883d9b4
=== RUN   TestAuthoredCampaignOpeningCompletion/sa-01-arrival-point/easy
    authored_campaign_acceptance_test.go:108: MISSION sa-01-arrival-point faction=SA difficulty=easy tick=2246 midpoint=1115 receipts=6 hash=70aabe1ec4287a6b53a9308a38140a5ffa86552346f9416e7574d245027d0771
=== RUN   TestAuthoredCampaignOpeningCompletion/sa-01-arrival-point/normal
    authored_campaign_acceptance_test.go:108: MISSION sa-01-arrival-point faction=SA difficulty=normal tick=2019 midpoint=1114 receipts=5 hash=0ee451f65387c5f7ae004880858b38f7040f70fddf04bac758cfb920c22cb675
=== RUN   TestAuthoredCampaignOpeningCompletion/sa-01-arrival-point/hard
    authored_campaign_acceptance_test.go:108: MISSION sa-01-arrival-point faction=SA difficulty=hard tick=2019 midpoint=1114 receipts=5 hash=05d78f90361208f7b99768cf3e318433d4e0195615a619309d93b091b720f52e
--- PASS: TestAuthoredCampaignOpeningCompletion (79.78s)
    --- PASS: TestAuthoredCampaignOpeningCompletion/us-01-first-foothold/easy (4.92s)
    --- PASS: TestAuthoredCampaignOpeningCompletion/us-01-first-foothold/normal (4.58s)
    --- PASS: TestAuthoredCampaignOpeningCompletion/us-01-first-foothold/hard (4.89s)
    --- PASS: TestAuthoredCampaignOpeningCompletion/ir-01-forward-signal/easy (3.40s)
    --- PASS: TestAuthoredCampaignOpeningCompletion/ir-01-forward-signal/normal (3.81s)
    --- PASS: TestAuthoredCampaignOpeningCompletion/ir-01-forward-signal/hard (3.59s)
    --- PASS: TestAuthoredCampaignOpeningCompletion/sy-01-workshop-foothold/easy (16.01s)
    --- PASS: TestAuthoredCampaignOpeningCompletion/sy-01-workshop-foothold/normal (15.20s)
    --- PASS: TestAuthoredCampaignOpeningCompletion/sy-01-workshop-foothold/hard (14.53s)
    --- PASS: TestAuthoredCampaignOpeningCompletion/sa-01-arrival-point/easy (3.84s)
    --- PASS: TestAuthoredCampaignOpeningCompletion/sa-01-arrival-point/normal (2.32s)
    --- PASS: TestAuthoredCampaignOpeningCompletion/sa-01-arrival-point/hard (2.68s)
=== RUN   TestAuthoredCampaignEscortCompletion
=== RUN   TestAuthoredCampaignEscortCompletion/us-02-open-corridor/easy
    authored_campaign_acceptance_test.go:335: MISSION us-02-open-corridor faction=US difficulty=easy tick=2218 midpoint=903 receipts=7 hash=6ece4cfeaac1fb1a6c86fd673ed2cbfaee4070655de8cfc2bbd561d07bf1459e
=== RUN   TestAuthoredCampaignEscortCompletion/us-02-open-corridor/normal
    authored_campaign_acceptance_test.go:335: MISSION us-02-open-corridor faction=US difficulty=normal tick=2346 midpoint=903 receipts=7 hash=95b248c44c933e716d44843b95ea728e3d671fc2e576e6fa67133ff63f205d97
=== RUN   TestAuthoredCampaignEscortCompletion/us-02-open-corridor/hard
    authored_campaign_acceptance_test.go:335: MISSION us-02-open-corridor faction=US difficulty=hard tick=2221 midpoint=903 receipts=7 hash=89ef8e5c167ad94527d3efe5438965d7ee86d7fdf12560ead761e55ab313ac0e
=== RUN   TestAuthoredCampaignEscortCompletion/ir-02-eyes-above/easy
    authored_campaign_acceptance_test.go:335: MISSION ir-02-eyes-above faction=IR difficulty=easy tick=2909 midpoint=1265 receipts=9 hash=54972ebcc3061892d2ae615dee114239a0b59a101e74ea2385c6f0690ad374b3
=== RUN   TestAuthoredCampaignEscortCompletion/ir-02-eyes-above/normal
    authored_campaign_acceptance_test.go:335: MISSION ir-02-eyes-above faction=IR difficulty=normal tick=3043 midpoint=1265 receipts=9 hash=92bff3d0a291f8273902dc1ab1c14b3b4a44b344ff0efc33e4b4c9ab7ef89058
=== RUN   TestAuthoredCampaignEscortCompletion/ir-02-eyes-above/hard
    authored_campaign_acceptance_test.go:335: MISSION ir-02-eyes-above faction=IR difficulty=hard tick=2979 midpoint=1265 receipts=9 hash=fb3a842eea9617212c4055784da292cfc790c008046a0b9ca6c900fd1e374a9e
=== RUN   TestAuthoredCampaignEscortCompletion/sy-02-supply-trail/easy
    authored_campaign_acceptance_test.go:335: MISSION sy-02-supply-trail faction=SY difficulty=easy tick=2256 midpoint=893 receipts=7 hash=7b1b177db888295eff8b663f1acd50deec744cb63eb637143170477929667850
=== RUN   TestAuthoredCampaignEscortCompletion/sy-02-supply-trail/normal
    authored_campaign_acceptance_test.go:335: MISSION sy-02-supply-trail faction=SY difficulty=normal tick=2256 midpoint=893 receipts=7 hash=b9d5349bedaba73d5fa321aed4a615889e0d99e0d2e9506d3c2c0d231ef98d63
=== RUN   TestAuthoredCampaignEscortCompletion/sy-02-supply-trail/hard
    authored_campaign_acceptance_test.go:335: MISSION sy-02-supply-trail faction=SY difficulty=hard tick=2206 midpoint=893 receipts=7 hash=026eaa486814c1cdad0025bf822ee3e45347b7ecea38555548d4c5d3a28e8226
=== RUN   TestAuthoredCampaignEscortCompletion/sa-02-moving-shield/easy
    authored_campaign_acceptance_test.go:335: MISSION sa-02-moving-shield faction=SA difficulty=easy tick=2210 midpoint=883 receipts=7 hash=7decd7a3848cfef36848f971a13d1c54328acfac3fe3ae8ab61907067bb24c2c
=== RUN   TestAuthoredCampaignEscortCompletion/sa-02-moving-shield/normal
    authored_campaign_acceptance_test.go:335: MISSION sa-02-moving-shield faction=SA difficulty=normal tick=2210 midpoint=883 receipts=7 hash=1cc60f31d1acc6c8b10ac879e55227dbbd1eb0a1cdf0e214e70f01e80c78648b
=== RUN   TestAuthoredCampaignEscortCompletion/sa-02-moving-shield/hard
    authored_campaign_acceptance_test.go:335: MISSION sa-02-moving-shield faction=SA difficulty=hard tick=2337 midpoint=883 receipts=7 hash=6894b6c5704f912177a2330a3418576b45873ef6142b887ab93c2e5f8ee42d62
--- PASS: TestAuthoredCampaignEscortCompletion (69.42s)
    --- PASS: TestAuthoredCampaignEscortCompletion/us-02-open-corridor/easy (3.94s)
    --- PASS: TestAuthoredCampaignEscortCompletion/us-02-open-corridor/normal (4.96s)
    --- PASS: TestAuthoredCampaignEscortCompletion/us-02-open-corridor/hard (5.41s)
    --- PASS: TestAuthoredCampaignEscortCompletion/ir-02-eyes-above/easy (6.33s)
    --- PASS: TestAuthoredCampaignEscortCompletion/ir-02-eyes-above/normal (6.61s)
    --- PASS: TestAuthoredCampaignEscortCompletion/ir-02-eyes-above/hard (6.88s)
    --- PASS: TestAuthoredCampaignEscortCompletion/sy-02-supply-trail/easy (5.98s)
    --- PASS: TestAuthoredCampaignEscortCompletion/sy-02-supply-trail/normal (6.17s)
    --- PASS: TestAuthoredCampaignEscortCompletion/sy-02-supply-trail/hard (6.15s)
    --- PASS: TestAuthoredCampaignEscortCompletion/sa-02-moving-shield/easy (6.48s)
    --- PASS: TestAuthoredCampaignEscortCompletion/sa-02-moving-shield/normal (5.12s)
    --- PASS: TestAuthoredCampaignEscortCompletion/sa-02-moving-shield/hard (5.38s)
=== RUN   TestAuthoredCampaignTerritoryCompletion
=== RUN   TestAuthoredCampaignTerritoryCompletion/ir-03-beyond-the-basin/easy
    authored_campaign_acceptance_test.go:390: MISSION ir-03-beyond-the-basin faction=IR difficulty=easy tick=745 midpoint=601 receipts=1 hash=d0f896471fd679a3d10f4c4ef192ba3faa018cbd1c6263708ebe5cdd797463b6
=== RUN   TestAuthoredCampaignTerritoryCompletion/ir-03-beyond-the-basin/normal
    authored_campaign_acceptance_test.go:390: MISSION ir-03-beyond-the-basin faction=IR difficulty=normal tick=745 midpoint=601 receipts=1 hash=28d95b8e2ca9d7e74b5275f5b59ed38aae204eeb343554ba639b2fbffa9c45f4
=== RUN   TestAuthoredCampaignTerritoryCompletion/ir-03-beyond-the-basin/hard
    authored_campaign_acceptance_test.go:390: MISSION ir-03-beyond-the-basin faction=IR difficulty=hard tick=745 midpoint=601 receipts=1 hash=77c6f406a58112f67778c1f9246439644052638a54fe95abb120bc3ee44ae842
=== RUN   TestAuthoredCampaignTerritoryCompletion/sa-03-distant-depots/easy
    authored_campaign_acceptance_test.go:390: MISSION sa-03-distant-depots faction=SA difficulty=easy tick=1513 midpoint=602 receipts=4 hash=5881ce719219a4aa7ef5ad4fd39f22a802b8beabde486aa16c657cb67dda8e74
=== RUN   TestAuthoredCampaignTerritoryCompletion/sa-03-distant-depots/normal
    authored_campaign_acceptance_test.go:390: MISSION sa-03-distant-depots faction=SA difficulty=normal tick=2502 midpoint=602 receipts=4 hash=0791f95b72fb2dc12018f12781a5838c6789e49acb5bae071c5c0c6abd739600
=== RUN   TestAuthoredCampaignTerritoryCompletion/sa-03-distant-depots/hard
    authored_campaign_acceptance_test.go:390: MISSION sa-03-distant-depots faction=SA difficulty=hard tick=2080 midpoint=602 receipts=32 hash=f86c95b95e069e327a8c68140010378513dd95d46c13645b4591e5f877c4975e
=== RUN   TestAuthoredCampaignTerritoryCompletion/sy-03-three-crossings/easy
    authored_campaign_acceptance_test.go:390: MISSION sy-03-three-crossings faction=SY difficulty=easy tick=4875 midpoint=602 receipts=75 hash=1b6694df47b8845813fdb507548d00d31040ed4d8a54e805dfd9a50502656bcb
=== RUN   TestAuthoredCampaignTerritoryCompletion/sy-03-three-crossings/normal
    authored_campaign_acceptance_test.go:390: MISSION sy-03-three-crossings faction=SY difficulty=normal tick=4875 midpoint=602 receipts=71 hash=79beb0399ae4cd2525f8f80700622c7832770e62d89863edd3565562b608b69f
=== RUN   TestAuthoredCampaignTerritoryCompletion/sy-03-three-crossings/hard
    authored_campaign_acceptance_test.go:390: MISSION sy-03-three-crossings faction=SY difficulty=hard tick=17243 midpoint=603 receipts=215 hash=5e22995ea830737ccb4ae9e51158125a1f9f0db534c5ce2a34d8537577555462
--- PASS: TestAuthoredCampaignTerritoryCompletion (133.99s)
    --- PASS: TestAuthoredCampaignTerritoryCompletion/ir-03-beyond-the-basin/easy (1.37s)
    --- PASS: TestAuthoredCampaignTerritoryCompletion/ir-03-beyond-the-basin/normal (1.36s)
    --- PASS: TestAuthoredCampaignTerritoryCompletion/ir-03-beyond-the-basin/hard (1.35s)
    --- PASS: TestAuthoredCampaignTerritoryCompletion/sa-03-distant-depots/easy (3.15s)
    --- PASS: TestAuthoredCampaignTerritoryCompletion/sa-03-distant-depots/normal (6.54s)
    --- PASS: TestAuthoredCampaignTerritoryCompletion/sa-03-distant-depots/hard (8.99s)
    --- PASS: TestAuthoredCampaignTerritoryCompletion/sy-03-three-crossings/easy (18.99s)
    --- PASS: TestAuthoredCampaignTerritoryCompletion/sy-03-three-crossings/normal (21.25s)
    --- PASS: TestAuthoredCampaignTerritoryCompletion/sy-03-three-crossings/hard (71.00s)
=== RUN   TestAuthoredTutorialCompletion
=== RUN   TestAuthoredTutorialCompletion/1-give-an-order/easy
    authored_tutorial_acceptance_test.go:341: MISSION tutorial-1-give-an-order faction=US difficulty=easy tick=351 midpoint=111 receipts=3 hash=8373df0d5a873a578c6ad9e6513bf3c7d3fdf2de4422f729a9f8708b96dbe9ac
=== RUN   TestAuthoredTutorialCompletion/1-give-an-order/normal
    authored_tutorial_acceptance_test.go:341: MISSION tutorial-1-give-an-order faction=US difficulty=normal tick=351 midpoint=111 receipts=3 hash=15f8d249ca2b645c1cc8a1017ca62a151c71e39f00c3bffa6c603f420a7b5788
=== RUN   TestAuthoredTutorialCompletion/1-give-an-order/hard
    authored_tutorial_acceptance_test.go:341: MISSION tutorial-1-give-an-order faction=US difficulty=hard tick=351 midpoint=111 receipts=3 hash=5076737946e1b0fcefd842c03567bdba56885fd870ae72242723259d4b61c7cc
=== RUN   TestAuthoredTutorialCompletion/2-operate-a-base/easy
    authored_tutorial_acceptance_test.go:417: MISSION tutorial-2-operate-a-base faction=US difficulty=easy tick=8894 midpoint=912 receipts=7 hash=a1a694544c85ae6ea323937647464f9ed59a58f8b187762924903663566e8632
=== RUN   TestAuthoredTutorialCompletion/2-operate-a-base/normal
    authored_tutorial_acceptance_test.go:417: MISSION tutorial-2-operate-a-base faction=US difficulty=normal tick=8894 midpoint=912 receipts=7 hash=15fe40da66753496a4b41b697fc61678a4bdd0f9363defe16db92a254f57b72b
=== RUN   TestAuthoredTutorialCompletion/2-operate-a-base/hard
    authored_tutorial_acceptance_test.go:417: MISSION tutorial-2-operate-a-base faction=US difficulty=hard tick=8894 midpoint=912 receipts=7 hash=c17adf934f8ab7befe0ae89be8c68ed182c4b082ca60f9070385b9dbc173466d
=== RUN   TestAuthoredTutorialCompletion/3-read-the-counter/easy
    authored_tutorial_acceptance_test.go:455: MISSION tutorial-3-read-the-counter faction=US difficulty=easy tick=1576 midpoint=331 receipts=4 hash=739ffcc8f93fc7959233bea6123fe2ad7f998df758f784bf41d4b2f233df5daa
=== RUN   TestAuthoredTutorialCompletion/3-read-the-counter/normal
    authored_tutorial_acceptance_test.go:455: MISSION tutorial-3-read-the-counter faction=US difficulty=normal tick=1576 midpoint=331 receipts=4 hash=4c9e33a14896baeb64b5e63fac170f8b99e7ed9f899d8eb24b314d690c92da28
=== RUN   TestAuthoredTutorialCompletion/3-read-the-counter/hard
    authored_tutorial_acceptance_test.go:455: MISSION tutorial-3-read-the-counter faction=US difficulty=hard tick=1576 midpoint=331 receipts=4 hash=b70806c7baa3c8d261e13eae80bc709e377456886fd997bb026d7eeb889ba92a
=== RUN   TestAuthoredTutorialCompletion/4-defend-the-sky/easy
    authored_tutorial_acceptance_test.go:511: MISSION tutorial-4-defend-the-sky faction=US difficulty=easy tick=1065 midpoint=642 receipts=4 hash=6c35d65fbaa324c57c0bee299f57d89cda3a48f8ac2f3b86d655323378043e96
=== RUN   TestAuthoredTutorialCompletion/4-defend-the-sky/normal
    authored_tutorial_acceptance_test.go:511: MISSION tutorial-4-defend-the-sky faction=US difficulty=normal tick=1065 midpoint=642 receipts=4 hash=e529898eb2729df6e5ec127b47156d1f95b7d0bcd1810915bb6fca0acfa6b7e7
=== RUN   TestAuthoredTutorialCompletion/4-defend-the-sky/hard
    authored_tutorial_acceptance_test.go:511: MISSION tutorial-4-defend-the-sky faction=US difficulty=hard tick=1065 midpoint=642 receipts=4 hash=fd3f858b40a9e7f3842f316f786f4231874af17e4e9f1fd5faaf9d8e26aff8f2
=== RUN   TestAuthoredTutorialCompletion/5-command-a-match/US/easy
    authored_tutorial_acceptance_test.go:669: MISSION tutorial-5-command-a-match faction=US difficulty=easy tick=6613 midpoint=1904 receipts=57 hash=ec188096dca83327e0188228b29d5ac96eff431760c8525f8ff731fd84809f71
=== RUN   TestAuthoredTutorialCompletion/5-command-a-match/US/normal
    authored_tutorial_acceptance_test.go:669: MISSION tutorial-5-command-a-match faction=US difficulty=normal tick=6645 midpoint=1903 receipts=56 hash=dcd01bd6c4952f42293b7b5011ed7edfcd07fbbbf70e350fbd2688ce80b1051f
=== RUN   TestAuthoredTutorialCompletion/5-command-a-match/US/hard
    authored_tutorial_acceptance_test.go:669: MISSION tutorial-5-command-a-match faction=US difficulty=hard tick=7504 midpoint=1903 receipts=66 hash=15a46c12e03ea8b1df0164bd4d71ae537454a9d5e49a15cb22f5740eee703e49
=== RUN   TestAuthoredTutorialCompletion/5-command-a-match/IR/easy
    authored_tutorial_acceptance_test.go:669: MISSION tutorial-5-command-a-match faction=IR difficulty=easy tick=6832 midpoint=1904 receipts=66 hash=dbc24d5217907568a8d9387a49bc32b29aa32c691702f5b3294787210a7a220a
=== RUN   TestAuthoredTutorialCompletion/5-command-a-match/IR/normal
    authored_tutorial_acceptance_test.go:669: MISSION tutorial-5-command-a-match faction=IR difficulty=normal tick=7047 midpoint=1904 receipts=65 hash=369b2ccda2cc9b16257af70fc7b0a9cb112e6363ebe26fdba1589480732d6418
=== RUN   TestAuthoredTutorialCompletion/5-command-a-match/IR/hard
    authored_tutorial_acceptance_test.go:669: MISSION tutorial-5-command-a-match faction=IR difficulty=hard tick=6203 midpoint=1904 receipts=54 hash=9c94eed77ed9b0afc2222e448561acb5207f7eef9eaffa270afb99561f111226
=== RUN   TestAuthoredTutorialCompletion/5-command-a-match/SY/easy
    authored_tutorial_acceptance_test.go:669: MISSION tutorial-5-command-a-match faction=SY difficulty=easy tick=8079 midpoint=1903 receipts=78 hash=7d29c666cc216a0d6263506dd761e2f789617873e0dacae7af499f2df3196fef
=== RUN   TestAuthoredTutorialCompletion/5-command-a-match/SY/normal
    authored_tutorial_acceptance_test.go:669: MISSION tutorial-5-command-a-match faction=SY difficulty=normal tick=10288 midpoint=1903 receipts=93 hash=4067f68a471fe87daf3eea9c888434e8408daacdcf5e149b6177b0fd313cab3a
=== RUN   TestAuthoredTutorialCompletion/5-command-a-match/SY/hard
    authored_tutorial_acceptance_test.go:669: MISSION tutorial-5-command-a-match faction=SY difficulty=hard tick=8335 midpoint=1904 receipts=79 hash=18a58adc3131245415a207a006891f52dbdc1cdbd34501bf24382c06c657e081
=== RUN   TestAuthoredTutorialCompletion/5-command-a-match/SA/easy
    authored_tutorial_acceptance_test.go:669: MISSION tutorial-5-command-a-match faction=SA difficulty=easy tick=7792 midpoint=1903 receipts=68 hash=2f4cd7edae418ce17127cc2f8d561acf38128f5b20ef8c94789d9c5774c7e0d3
=== RUN   TestAuthoredTutorialCompletion/5-command-a-match/SA/normal
    authored_tutorial_acceptance_test.go:669: MISSION tutorial-5-command-a-match faction=SA difficulty=normal tick=7666 midpoint=1903 receipts=68 hash=a542257a7adbfefecf1ba58e8e4727eb9d70d7e61b1d08c378e4580d8c5b8f6b
=== RUN   TestAuthoredTutorialCompletion/5-command-a-match/SA/hard
    authored_tutorial_acceptance_test.go:669: MISSION tutorial-5-command-a-match faction=SA difficulty=hard tick=8154 midpoint=1903 receipts=77 hash=82781d5c619d1d64298c1e769683352538b9d635e9f137f298174bf1cc1d8b9e
--- PASS: TestAuthoredTutorialCompletion (705.69s)
    --- PASS: TestAuthoredTutorialCompletion/1-give-an-order/easy (0.56s)
    --- PASS: TestAuthoredTutorialCompletion/1-give-an-order/normal (0.64s)
    --- PASS: TestAuthoredTutorialCompletion/1-give-an-order/hard (0.62s)
    --- PASS: TestAuthoredTutorialCompletion/2-operate-a-base/easy (127.37s)
    --- PASS: TestAuthoredTutorialCompletion/2-operate-a-base/normal (114.62s)
    --- PASS: TestAuthoredTutorialCompletion/2-operate-a-base/hard (111.57s)
    --- PASS: TestAuthoredTutorialCompletion/3-read-the-counter/easy (2.70s)
    --- PASS: TestAuthoredTutorialCompletion/3-read-the-counter/normal (2.58s)
    --- PASS: TestAuthoredTutorialCompletion/3-read-the-counter/hard (3.02s)
    --- PASS: TestAuthoredTutorialCompletion/4-defend-the-sky/easy (7.59s)
    --- PASS: TestAuthoredTutorialCompletion/4-defend-the-sky/normal (7.40s)
    --- PASS: TestAuthoredTutorialCompletion/4-defend-the-sky/hard (7.70s)
    --- PASS: TestAuthoredTutorialCompletion/5-command-a-match/US/easy (19.89s)
    --- PASS: TestAuthoredTutorialCompletion/5-command-a-match/US/normal (22.49s)
    --- PASS: TestAuthoredTutorialCompletion/5-command-a-match/US/hard (26.05s)
    --- PASS: TestAuthoredTutorialCompletion/5-command-a-match/IR/easy (27.44s)
    --- PASS: TestAuthoredTutorialCompletion/5-command-a-match/IR/normal (33.47s)
    --- PASS: TestAuthoredTutorialCompletion/5-command-a-match/IR/hard (27.37s)
    --- PASS: TestAuthoredTutorialCompletion/5-command-a-match/SY/easy (31.99s)
    --- PASS: TestAuthoredTutorialCompletion/5-command-a-match/SY/normal (32.04s)
    --- PASS: TestAuthoredTutorialCompletion/5-command-a-match/SY/hard (28.52s)
    --- PASS: TestAuthoredTutorialCompletion/5-command-a-match/SA/easy (28.00s)
    --- PASS: TestAuthoredTutorialCompletion/5-command-a-match/SA/normal (15.76s)
    --- PASS: TestAuthoredTutorialCompletion/5-command-a-match/SA/hard (26.31s)
PASS
ok  	frontlinecommand/pkg/sim	989.704s
