=== RUN   TestAuthoredCampaignAssaultCompletion
=== RUN   TestAuthoredCampaignAssaultCompletion/us-05-split-front/easy
    authored_campaign_acceptance_test.go:1283: MISSION us-05-split-front faction=US difficulty=easy tick=2531 midpoint=1505 receipts=31 hash=3089a48919164c4f911a9f6f477f74a0113567eed4688fd0d172b76157cf1bdc
=== RUN   TestAuthoredCampaignAssaultCompletion/us-05-split-front/normal
    authored_campaign_acceptance_test.go:1283: MISSION us-05-split-front faction=US difficulty=normal tick=2563 midpoint=1505 receipts=38 hash=faa612242f9d1d63e490b5ec0c17eefd32524e25b0215328ea1705e38d7fe0bf
=== RUN   TestAuthoredCampaignAssaultCompletion/us-05-split-front/hard
    authored_campaign_acceptance_test.go:1283: MISSION us-05-split-front faction=US difficulty=hard tick=3012 midpoint=1505 receipts=38 hash=bc9d2f4f2b3c3544509fcc6c4574f576e137cd1acabd60a67dee22c8abf17ec5
=== RUN   TestAuthoredCampaignAssaultCompletion/ir-05-the-second-volley/easy
    authored_campaign_acceptance_test.go:1283: MISSION ir-05-the-second-volley faction=IR difficulty=easy tick=4418 midpoint=1505 receipts=56 hash=d2d890b4ced9981a3f118e00adb77050881b4d18327b0d6a2e8266ec0faa3210
=== RUN   TestAuthoredCampaignAssaultCompletion/ir-05-the-second-volley/normal
    authored_campaign_acceptance_test.go:1283: MISSION ir-05-the-second-volley faction=IR difficulty=normal tick=4784 midpoint=1505 receipts=54 hash=8da62884e3e0c380a43e275bed42c9968f4e07736016e4c252efcb35b75f4a30
=== RUN   TestAuthoredCampaignAssaultCompletion/ir-05-the-second-volley/hard
    authored_campaign_acceptance_test.go:1283: MISSION ir-05-the-second-volley faction=IR difficulty=hard tick=14628 midpoint=1505 receipts=146 hash=0bb1df73b03a8d49ab925db3abe7172a6472b59140d2cb967db5b4927162d7a8
=== RUN   TestAuthoredCampaignAssaultCompletion/us-06-clear-horizon/easy
    authored_campaign_acceptance_test.go:1283: MISSION us-06-clear-horizon faction=US difficulty=easy tick=7763 midpoint=1501 receipts=105 hash=6c9d795c239d7d0f68feb0331484267c450f734f5bef65bf1849167c6657eb54
=== RUN   TestAuthoredCampaignAssaultCompletion/us-06-clear-horizon/normal
    authored_campaign_acceptance_test.go:1283: MISSION us-06-clear-horizon faction=US difficulty=normal tick=10274 midpoint=1501 receipts=132 hash=3e93bf03971fe8141b58ed4f5514f4c1b0d456884389274e1fa5bf5c547911f9
=== RUN   TestAuthoredCampaignAssaultCompletion/us-06-clear-horizon/hard
    authored_campaign_acceptance_test.go:1283: MISSION us-06-clear-horizon faction=US difficulty=hard tick=27091 midpoint=1502 receipts=209 hash=ebdcc8684a8b8d8b8b22292301c5d92dfe9a3cbf91e5517ac54a68498e859d10
=== RUN   TestAuthoredCampaignAssaultCompletion/ir-06-iron-signal/easy
    authored_campaign_acceptance_test.go:1283: MISSION ir-06-iron-signal faction=IR difficulty=easy tick=5668 midpoint=1500 receipts=80 hash=dbc0eb716ad01885d475569c6b9d0205150dd487d514a9b352eaf7ec5f608267
=== RUN   TestAuthoredCampaignAssaultCompletion/ir-06-iron-signal/normal
    authored_campaign_acceptance_test.go:1283: MISSION ir-06-iron-signal faction=IR difficulty=normal tick=6083 midpoint=1500 receipts=79 hash=c0ea129f42b118270bb8e40199779463e5c402af0df160dc963736e9a65f57f6
=== RUN   TestAuthoredCampaignAssaultCompletion/ir-06-iron-signal/hard
    authored_campaign_acceptance_test.go:1283: MISSION ir-06-iron-signal faction=IR difficulty=hard tick=7812 midpoint=1500 receipts=101 hash=dc291114ae237f6c2a3787007f58e00424b4ace288f15c11180304096eb0615e
=== RUN   TestAuthoredCampaignAssaultCompletion/sy-06-open-road/easy
    authored_campaign_acceptance_test.go:1283: MISSION sy-06-open-road faction=SY difficulty=easy tick=11618 midpoint=1505 receipts=115 hash=49b03c38247faf22aba2cb65ba4c9d0b155073283a8408bb63d2243f350d41c2
=== RUN   TestAuthoredCampaignAssaultCompletion/sy-06-open-road/normal
    authored_campaign_acceptance_test.go:1283: MISSION sy-06-open-road faction=SY difficulty=normal tick=15523 midpoint=1505 receipts=138 hash=97ddac693f7d9899702303e2f527f54524e842d35a86dde3f143ca2fa817962f
=== RUN   TestAuthoredCampaignAssaultCompletion/sy-06-open-road/hard
    authored_campaign_acceptance_test.go:1283: MISSION sy-06-open-road faction=SY difficulty=hard tick=10322 midpoint=1505 receipts=99 hash=09b8583dcef29c844d208428756f8fbece68ea088466a0aff6690309754fd4c4
=== RUN   TestAuthoredCampaignAssaultCompletion/sa-06-shieldline/easy
    authored_campaign_acceptance_test.go:1283: MISSION sa-06-shieldline faction=SA difficulty=easy tick=10587 midpoint=1509 receipts=126 hash=791fb463defec4aecce4cf35cab2889c6abdbb43c60e3a2f01699f684fe27347
=== RUN   TestAuthoredCampaignAssaultCompletion/sa-06-shieldline/normal
    authored_campaign_acceptance_test.go:1283: MISSION sa-06-shieldline faction=SA difficulty=normal tick=19270 midpoint=1503 receipts=230 hash=959d7210c3df0366498b6ae718346238ce286e47b88cabb7a3220886d13f9079
=== RUN   TestAuthoredCampaignAssaultCompletion/sa-06-shieldline/hard
    authored_campaign_acceptance_test.go:1283: MISSION sa-06-shieldline faction=SA difficulty=hard tick=24231 midpoint=1503 receipts=285 hash=ae3d9ac3618323caa9e10ef18e65c2d6fff88601e972b772cdca6d02eb75f426
--- PASS: TestAuthoredCampaignAssaultCompletion (521.69s)
    --- PASS: TestAuthoredCampaignAssaultCompletion/us-05-split-front/easy (4.84s)
    --- PASS: TestAuthoredCampaignAssaultCompletion/us-05-split-front/normal (6.23s)
    --- PASS: TestAuthoredCampaignAssaultCompletion/us-05-split-front/hard (7.70s)
    --- PASS: TestAuthoredCampaignAssaultCompletion/ir-05-the-second-volley/easy (16.66s)
    --- PASS: TestAuthoredCampaignAssaultCompletion/ir-05-the-second-volley/normal (18.06s)
    --- PASS: TestAuthoredCampaignAssaultCompletion/ir-05-the-second-volley/hard (81.48s)
    --- PASS: TestAuthoredCampaignAssaultCompletion/us-06-clear-horizon/easy (33.89s)
    --- PASS: TestAuthoredCampaignAssaultCompletion/us-06-clear-horizon/normal (40.48s)
    --- PASS: TestAuthoredCampaignAssaultCompletion/us-06-clear-horizon/hard (53.24s)
    --- PASS: TestAuthoredCampaignAssaultCompletion/ir-06-iron-signal/easy (10.76s)
    --- PASS: TestAuthoredCampaignAssaultCompletion/ir-06-iron-signal/normal (11.25s)
    --- PASS: TestAuthoredCampaignAssaultCompletion/ir-06-iron-signal/hard (17.00s)
    --- PASS: TestAuthoredCampaignAssaultCompletion/sy-06-open-road/easy (28.57s)
    --- PASS: TestAuthoredCampaignAssaultCompletion/sy-06-open-road/normal (33.51s)
    --- PASS: TestAuthoredCampaignAssaultCompletion/sy-06-open-road/hard (22.30s)
    --- PASS: TestAuthoredCampaignAssaultCompletion/sa-06-shieldline/easy (30.10s)
    --- PASS: TestAuthoredCampaignAssaultCompletion/sa-06-shieldline/normal (51.21s)
    --- PASS: TestAuthoredCampaignAssaultCompletion/sa-06-shieldline/hard (54.41s)
PASS
ok  	frontlinecommand/pkg/sim	522.004s
