✔ guest solo needs no profile; remembered local profiles restore without appearing in state or game backups (55.049917ms)
✔ 401 becomes a recoverable sign-in state and removes only the rejected token (4.200125ms)
✔ offline restore retains remembered credentials and a later successful service request recovers (5.042916ms)
✔ tokens are host scoped and stale logout cannot erase a newer remembered profile (7.101167ms)
✔ session-only sign-in clears the prior remembered credential and logout preserves gameplay files (4.907833ms)
✔ credential vault CAS rejects cross-tab replacement without exposing tokens in error details (4.408958ms)
✔ credential revisions survive logout/recreation, rejecting stale writes and stale cleanup of the same token (3.6355ms)
✔ schema-one credentials migrate without token loss and seed the next revision after removal (3.40025ms)
✔ stale session logout cannot remove the same token restored into a newer credential generation (3.415875ms)
✔ explicit private sign-in keys restore only their exact host and verified profile; never public state or backups (6.805667ms)
✔ sign-in key parsing rejects malformed, oversized and unsupported files without exposing token in errors (2.305083ms)
✔ profile changes during asynchronous key reads reject before adopting the old exported account (2.144666ms)
✔ a new structural condition interrupts a current real ActorVisual launch and cannot revive it (4.217041ms)
✔ strategic activation respects structural low power while enemy charge privacy stays generic (0.246041ms)
✔ actor effect deadlines use exact Go ticks including indefinite aura and expire without cooldown guesses (1.280834ms)
✔ only the owner receives magazine, ambush, service and emergency countdown information (0.171709ms)
✔ runtime without new metadata never starts an invented emergency timer or active buff (0.119042ms)
✔ a retained Return order does not label a landed aircraft as still returning (0.090166ms)
✔ known public effects remain visible on foreign authorized actors without private economy (0.105625ms)
✔ channel progress and countdown come from Go state, and cancellation removes them (0.102ms)
✔ charges use the actual Go catalog while ABM count does not invent a capacity (0.091042ms)
✔ unknown/malformed/internal effects and contained or destroyed actors have no labels (0.104709ms)
✔ air production service wait is an owner-only unavailable badge, not a guessed capacity count (0.128459ms)
✔ only the active Return order describes current return flight (0.127834ms)
✔ current owned inactive home distinguishes paused service from low power and unknown home data (0.147333ms)
✔ grounded emergency no-home warning remains distinct from takeoff deadline and airborne endurance (0.113916ms)
✔ only explicit recoverable advisor failures become nonblocking feedback (0.496375ms)
✔ background timeout never opens global error dialog; stale production is disabled and later Go advice restores it (1.024167ms)
✔ recovery preserves newer unrelated notices and unrelated failures still reach global error path (0.204ms)
✔ a late failure for an obsolete selection does not change controls or notices (0.174333ms)
✔ explicit order advice failure sends nothing and never automatically resubmits the command (0.860625ms)
✔ LAN advice uses only slot auth, preserves orders and exposes uncertainty (28.147292ms)
✔ advice rejects wrong player, unexpected IDs, tick and result acceptance (1.505875ms)
✔ one advice request is pending and stale selection discards its response (0.628125ms)
✔ advice respects request bounds and propagates rate error without retries (0.541125ms)
✔ production menu status remains independent, bounded and authorized (1.6035ms)
✔ ready offline environment prefetches selection-wide affordances then separates alternatives from final orders (39.242625ms)
✔ ready environment guards session changes during affordance prefetch and batch validation (0.250875ms)
✔ online environment shares a paced request budget and uses independent candidate mode before sequential final check (527.588708ms)
✔ canceling a paced advice update prevents a second network request (1.060083ms)
✔ advice pacing starts after dispatch even when request setup is delayed (0.855375ms)
✔ actual aircraft poses retain current owned empty payload through parked, service, damage and final-shot cues (15.088792ms)
✔ payload appearance checks current viewer, current owner and current private data every time (0.347083ms)
✔ all departure/recovery aliases keep canonical frame clocks and altitude when payload changes (0.695583ms)
✔ missing empty variants stay explicit incomplete art without changing authoritative state (0.181208ms)
✔ a decoding atlas cannot retain stale payload pixels across empty or viewer boundaries (1.484959ms)
✔ atlas mask preserves faint body opacity across byte and row boundaries (0.558334ms)
✔ normal tolerance reaches nearby body but never pixels belonging to a neighboring atlas frame (0.103208ms)
✔ empty body page remains unselectable and malformed decoded dimensions are rejected (0.202459ms)
✔ all twelve ambient effects come from current disclosed state or an exact transition (3.0285ms)
✔ movement and building work stop on actual stagnation; paused tick preserves phases and transitions once (0.485083ms)
✔ baseline, replacement, perspective, rewind and long gaps suppress historical bursts and depletion (2.346083ms)
✔ lost, dead, contained, recovered and replaced actors cannot retain their looping cosmetics (0.762667ms)
✔ depletion requires consecutive visible matching fields, never zero on first sight or a hidden transition (0.445875ms)
✔ event scopes, high water, future timestamps, bounded expiry and unknown aircraft crashes fail closed (1.124833ms)
✔ wreck smoke needs the identified immediately prior ground vehicle and ends on visibility loss (0.335375ms)
✔ ambient attachments track displayed actor height and interpolation; motion reductions keep a static frame (3.511334ms)
✔ rotor wash stays on ground and requires a disclosed low visual altitude (0.344958ms)
✔ combat keeps priority in the shared bounded pool and reset releases every ambient node (6.928ms)
✔ seek publishes the replacement frame within 100ms before its paused clock and reply (4.161ms)
✔ each reset while replacement is pending preserves the final authorized frame (0.22325ms)
✔ pause flushes the last throttled frame even without a replacement or finished outcome (0.217417ms)
✔ load/session replacement publishes its first frame immediately and clears the old owner (0.10575ms)
✔ same-tick perspective replacement publishes the new authorized owner immediately (0.098083ms)
✔ steady play retains the HUD throttle while every snapshot reaches the renderer (0.43025ms)
✔ menu and a buffering replacement never flush the previous session snapshot on pause (0.091708ms)
✔ already paused frames and a terminal outcome publish without waiting for another tick (0.102542ms)
✔ simultaneous art initialization and sheet requests share one verified generation (77.008917ms)
✔ a changed host cannot supply new sprite metadata beneath a retained art index (8.978458ms)
✔ failed index replacement keeps prior art; valid idle replacement moves metadata and identity together (6.428125ms)
✔ content reload canceled at its idle boundary cannot publish a new generation (8.635ms)
✔ dispose aborts pending initialization and prevents late generation publication (3.202333ms)
✔ generation adapter keeps bytes exact and excludes private, cross-origin and non-GET requests (4.195708ms)
✔ index capture preserves exact whitespace and rejects oversized/incompatible data (5.723125ms)
✔ a full 136-type roster request completes without caching queue overflow as missing art (66.059083ms)
✔ transient metadata failures can retry and explicit same-index reload verifies a fresh capture (15.859667ms)
✔ an image download failure does not retain a rejected image promise (6.743ms)
✔ a transient sprite page retries after a bounded delay and disposes its owned texture (304.556959ms)
✔ every Go roster and faction building maps exactly to the approved art inventory (5.051334ms)
✔ captured air producers and safehouses keep their original physical art (0.238833ms)
✔ actor identity refreshes generic faction art on capture and is stable after restore (0.20925ms)
✔ object skins follow explicit Go classes without inventing faction or objective identity (1.634083ms)
✔ actual cameo consumer uses full advertised building portrait and build keys independently (2.972083ms)
✔ actual build cameo falls back to its independently advertised portrait, and units retain legacy keys (0.724334ms)
✔ an advertised illustration load failure retains the existing missing-art result without unadvertised retries (0.397666ms)
✔ resolver prefers exact advertised keys independently and never guesses absent UI (0.401959ms)
✔ resolver rejects path traversal and URL syntax even when the malformed key is advertised (0.310042ms)
✔ captures exact index/manifest and verifies online bytes before JSON/decode (19.749584ms)
✔ retained A reads only A cache after B activation; explicit removal is fail closed (7.628583ms)
✔ cold new generation needs no worker or network; legacy reconnect must match exact index (7.642625ms)
✔ copied index, canonical manifest identity and private/unknown path exclusion (1.893ms)
✔ manifest/index mismatch, duplicates, reserved URLs and corrupt cache metadata fail before payload (3.244666ms)
✔ truncated/oversized/corrupt payloads and canceled streams do not return bytes (4.776041ms)
✔ leased object URLs are verified, keyed, reference-counted, bounded and disposed (7.005334ms)
✔ bounded metadata, declared file sizes and redirected origins are rejected (2.541584ms)
✔ 961-request roster envelope finishes through the bounded active queue (494.547917ms)
✔ queued cancellation and dispose never start waiting network; queue length is bounded (65.413458ms)
✔ aggregate declared active bytes stop a second large reader without allocating it (2.066167ms)
✔ installer stores canonical manifest before READY; metadata failure/cancel keeps old usable cache (24.654833ms)
✔ legacy reinstall creates a verified successor; mutation of caller manifest cannot alter the transaction (2.238333ms)
✔ different queued descriptors preserve FIFO across canceled middle jobs (61.838875ms)
✔ standard verifies selected world pages plus actual 2x portrait/build pairs, without unused 2x world pages (24.565875ms)
✔ high quality uses 2x world pages; the missing-high fallback matches the renderer (4.851375ms)
✔ a portrait also satisfies build fallback; missing portrait conservatively verifies every 2x beauty/team page (6.184875ms)
✔ a high-quality cameo fallback shares already verified metadata and images (1.028167ms)
✔ per-launch concurrent URL dedup counts bytes and decode only once; later launches reverify (0.867084ms)
✔ image verification is sequential and closes each bitmap before the next decode (0.49225ms)
✔ completed native EOF clears its deadline and detaches parent abort while preserving subsequent launch cancellation (0.550083ms)
✔ in-flight parent cancellation keeps its exact reason and clears the deadline (0.25525ms)
✔ in-flight 15s deadline remains a real TimeoutError and detaches parent listener (0.129917ms)
✔ download deadline is cleared at EOF before an asynchronous image decode finishes (0.285958ms)
✔ failure cleanup cannot be replaced by a later timeout or parent abort while reader cancellation settles (0.317958ms)
✔ a queued already-canceled call performs no fetch (0.096334ms)
✔ fetch/header failures and native body errors preserve cause and clean the deadline (0.223166ms)
✔ parent cancellation during image decoding closes the bitmap and is never relabeled as a corrupt image (0.17175ms)
✔ bad HTTP, empty body, malformed JSON and image decode failures remain failures (0.787125ms)
✔ encoded per-file/total limits still fail, stop the reader, and are counted once (0.602584ms)
✔ the file ceiling is bounded, sealed-roster-derived, and cannot be raised by a caller (0.736125ms)
✔ a valid 4550-file graph exceeds the old ceiling and verifies within the new bound (304.865542ms)
✔ path traversal, malformed or partial atlases, and conflicting image dimensions are rejected (2.208ms)
✔ decoded atlas bounds and explicit UI pair dimensions must agree (3.695708ms)
✔ full advertised building UI keys replace unused high-world fallback pages (3.028125ms)
✔ preflight resolves portrait and build keys independently and keeps missing-portrait world fallback (4.818417ms)
✔ newly reachable advertised building UI missing from disk fails preflight rather than taking an unadvertised fallback (1.294625ms)
✔ audio manifest rejects unsafe URLs, malformed bounds and partial codec fallbacks (2.110459ms)
✔ audio byte read bounds hold without length headers (24.363542ms)
✔ warning bundles and selection cooldowns are location specific and resettable (0.348167ms)
✔ director consumes only new permitted events; rewind/reconnect/new perspective never burst old sound (2.571125ms)
✔ selection and command acknowledgment require owned actors or actual receipt; lost vision is not death (0.842ms)
✔ owner economy, teammate and public endgame transitions produce captions without inventing hidden readiness (0.64375ms)
✔ service-loss audio warns only when the current living owned aircraft has no replacement home (2.801875ms)
✔ service-loss warning does not repeat across duplicate IDs, reset, rewind or foreign perspective (0.447958ms)
✔ autosaves follow simulation ticks, save checkpoints once, and begin a new schedule on load (1.124583ms)
✔ failed checkpoint retries with simulation backoff and quota errors wait for explicit recovery (1.745125ms)
✔ replay and online notifications never save; closing or replacing a session discards a captured old snapshot (0.5035ms)
✔ concurrent tick notifications coalesce and never overlap writes (0.498791ms)
✔ status callbacks may observe new ticks without reentrant captures and failed writes retain their exact snapshot (1.236333ms)
✔ defeat countdowns follow the actual perspective and simulation tick, never the wall clock (2.156167ms)
✔ recovery, defeat, finished outcomes and absent/invalid deadlines clear warnings (0.466666ms)
✔ memory captions preserve the observation timestamp across later ticks and reject future or malformed times (0.456834ms)
✔ build power estimate includes both capacity and demand without altering current economy (0.705625ms)
✔ continuous sound selects nearest three current screen actors, with quiet bed and no fog memory (15.024542ms)
✔ stationary, dead, landed and embarked actors have no engine, jets use bounded passes (0.239416ms)
✔ impact material requires an identified authorized entity, never a nearest-target guess (0.198083ms)
✔ map ambience derives solely from public map presentation (0.315125ms)
✔ enemy strategic alert uses only public threshold transition and never initial/seek catchup or ally charge (1.002375ms)
✔ endurance event alone supplies exact loss reason and suppresses generic duplicate independent of array order (0.330458ms)
✔ impact event material can use only current or immediately previous permitted target (0.363958ms)
✔ battlefield attachment follows explicit pause and detachment without retaining renderer callbacks (0.572667ms)
✔ verified pack responses drop transport and Vary headers without changing bytes or content type (33.89225ms)
✔ campaign order unlocks on any difficulty and keeps version-specific medals separate (68.64325ms)
✔ missing story predecessor remains locked while prior completed missions can be replayed (13.617791ms)
✔ live solo victory records authoritative mission version and completed optional objectives exactly once (47.066583ms)
✔ replay, practice, unfinished, defeat and changing sessions never award progression (14.209458ms)
✔ online completion requires committed matching commander result, excludes observers and remains host-scoped (7.48625ms)
✔ first run requires explicit settings, preserves conflicting choices and returns a launch intent only (9.566333ms)
✔ future first-run settings remain untouched and do not silently enable sound (2.345083ms)
✔ muzzle uses the exact displayed fallback frame, alias, part offset and heading while a page loads (5.504125ms)
✔ shot weapon and resolved armor survive source loss, conversion and landed aircraft (2.282583ms)
✔ legacy absence and malformed metadata remain distinct and never claim a miss (2.137125ms)
✔ positive hit facts cannot recover a removed, contained, dead or undisclosed target (0.421ms)
✔ area and strategic metadata never manufacture victim identity (0.282625ms)
✔ cover feedback requires explicit positive small-arm mitigation on infantry (0.3015ms)
✔ trace may not bridge a hidden pocket or extrapolate off the known map (1.107625ms)
✔ accessibility variants take priority over decorative quality (0.122333ms)
✔ axial flash direction follows dimetric displayed headings, including independent turret directions (0.161167ms)
✔ projectile direction needs real successive movement and never a guessed first sample or target (0.961916ms)
✔ rotated frame bounds keep large offscreen-origin smoke and cull genuinely absent ink (0.191416ms)
✔ confirmed hits and cover select exact art IDs; ambiguity never becomes miss or blocked (4.049125ms)
✔ interception is a warning-point outcome distinct from a launch or decoy (0.482542ms)
✔ scope, future events, stale cues and unsupported kinds fail closed (0.462959ms)
✔ timeline deduplicates aggregates, freezes paused tick, expires and ignores future watermark (1.003667ms)
✔ first load, replacement, perspective, rewind and long gaps establish empty baselines (0.657083ms)
✔ lost hit anchors disappear immediately, without manufacturing death or hidden locations (0.25875ms)
✔ trails retain only successive authorized samples and reset on loss, reuse or replacement (0.557084ms)
✔ full legal actor-scale burst preserves all essential cues independently of decoration budgets (2.740375ms)
✔ destruction specializes only the identified preceding permitted actor, with bounded authored clip clocks (4.53575ms)
✔ death classification cannot use hidden history, foreign ownership, containers or a redacted impact (0.974708ms)
✔ combat audio uses the emitted weapon after source conversion, death or disappearance (0.898291ms)
✔ combat audio consumes positive resolution armor, including landed aircraft, without current type guessing (0.214041ms)
✔ known unknown/area/invalid metadata cannot recover material from current or previous victim (0.138708ms)
✔ only absent metadata retains older runtime audio behavior (0.1045ms)
✔ explicit decoy/interception events remain separate, deduplicate IDs and never guess a defender or failed shot (2.733708ms)
✔ director ignores future combat cues and consumes a valid later delivery only once (0.373334ms)
✔ fixed batteries and mobile Aegis warn on owned charge depletion, not ammo or foreign counts (0.646542ms)
✔ repeated connected observer polls preserve new audio; real reconnect establishes a fresh baseline (0.406416ms)
✔ rebase retains targeted Return semantics while ordinary Return remains queueable (2.273292ms)
✔ context aircraft choose rebase only through Go capability and target approval (1.334541ms)
✔ explicit intents reject hostile ownership and hidden/memory targets before invoking gameplay preview (0.704041ms)
✔ large movement selections split safely while semantic abilities never repeat implicitly (2.789125ms)
✔ mixed selection previews preserve exact failures and require explicit opt-in for partial commands (1.472708ms)
✔ contextual mixed forces capture or attack legally without making support or air-only units chase ground targets (1.129625ms)
✔ context commands use owned private data for unload and preserve producer-per-order semantics (0.588959ms)
✔ queue and packet limits are explicit and never silently truncate or modify intentions (0.7655ms)
✔ unavailable previews are labeled unverified and preview callbacks cannot mutate outbound order data (0.589792ms)
✔ multi-point ability identity stays locked and selection changes invalidate pending previews (1.241167ms)
✔ explicit command batches use one sequential preview and retain joint affordability failures (1.288542ms)
✔ context prefetch batches 65 units, skips unused fallbacks, and sequentially rechecks combined orders (7.794333ms)
✔ publicly impossible contextual candidates fall back, then final shared assignment failures stay rejected (0.770459ms)
✔ candidate and final batch waits both discard stale selection without sending or mutating intentions (0.475333ms)
✔ library passes exact detached map/mission bytes through Go adapters before preparing launch (36.853708ms)
✔ strict index rejects traversal, private URLs, duplicates, unknown fields and missing dependencies (2.613125ms)
✔ integrity or Go validation failure preserves source and never reports ready or launches substitute data (2.177042ms)
✔ failed refresh retains last valid registry; explicit retry succeeds and original index remains exportable (1.723958ms)
✔ mismatched authoritative metadata rejects the file and leaves caller buffers unchanged (3.837792ms)
✔ stream overflow is canceled, canceled work is discarded and changing the index invalidates in-flight validation (2.88925ms)
✔ empty installed index is explicit missing content, while private/executable pack manifests are rejected (0.357333ms)
✔ lost vision removes entity and replaces private state without mutating the prior frame (1.276583ms)
✔ protobuf retains large seed and currency values and new control/status fields (1.826792ms)
✔ display conversion and reconnect sequence retain boundaries (0.629166ms)
✔ SHA-256 fallback matches published empty, abc, multiblock and million-a vectors (65.759375ms)
✔ SHA-256 handles every padding boundary, sliced views, high bytes, and arbitrary binary blocks (62.11175ms)
✔ fallback snapshots input and yields during large-file hashing without accepting later mutations (71.230625ms)
✔ insecure-origin capability fallback uses CSPRNG UUIDv4 and never weak randomness (1.444875ms)
✔ editor handle stays 32 CSS pixels on square/rectangular resized grids and keeps exact anchor (1.096041ms)
✔ editor loads immutable first beauty frames, paints fixed icons and releases only owned sheets (5.939333ms)
✔ missing marker art and failed draw retain the callers vector fallback (0.294083ms)
✔ leaving during editor atlas loading cannot publish a stale frame and still releases resources (0.199708ms)
✔ a grouped paint/object/mission edit is one reversible transaction with detached snapshots (17.31125ms)
✔ failed transactions are atomic; no-op and escaped edits cannot corrupt undo history (25.101625ms)
✔ undo history is bounded; editing after undo removes the abandoned redo branch (19.867625ms)
✔ resizing preserves surviving cells and objects for explicit repair; snapping is geometry only (17.46ms)
✔ Go validation errors remain precise and prevent export and practice launch (25.675709ms)
✔ validation that races an edit is stale and can never authorize a launch (3.809167ms)
✔ editor exports verify checksums, preserve supported mission/presentation, and keep background edits dirty (17.105291ms)
✔ map and mission practice launches are validated, cannot mutate editor state, and retain the draft on return (14.168875ms)
✔ mission edits reject executable/non-JSON values and prototype paths without changing the document (7.859625ms)
✔ draft persistence is CAS protected and preserves exact portable documents (50.798291ms)
✔ a microtask edit after Go validation resolves cannot be substituted into a validated export (3.135708ms)
✔ a failed summary write aborts the entire draft save and keeps the dirty document available (41.163917ms)
✔ supported optional map arrays normalize without losing metadata, and mission corruption is detected on draft import (16.069542ms)
✔ draft deletion retains revisions across reopen so stale tabs cannot overwrite or delete recreated drafts (13.498334ms)
✔ schema-one draft migration preserves content and starts the tombstone above the old revision (8.429792ms)
✔ FX schema is immutable, supports shared variants and rejects invalid paths/frames/references (5.603917ms)
✔ FX PNG inspection rejects corruption, truncation, appended bytes and unsupported dimensions (1.821709ms)
✔ FX metadata loads once, pages load on demand, shared variants reuse frames, release owns all textures (38.566542ms)
✔ FX wrong bytes fail before decode and explicit retry recovers, without silent replacement (2.529334ms)
✔ FX strict residency budget includes pending decode and evicts only old pages under pressure (3.243583ms)
✔ FX late texture decode cannot resurrect a released session (2.082833ms)
✔ FX decoded image dimension mismatch is released and index integrity mismatch rejects init (6.160125ms)
✔ FX release during metadata fetch prevents late sheet installation (1.424667ms)
✔ FX optional absence preserves old art index; complete exact dependency graph is advertised (38.66425ms)
✔ FX partial/corrupt/unknown/symlink packs fail instead of advertising completion (29.201667ms)
✔ FX symlinked root and traversal metadata cannot escape the installed build (11.544417ms)
✔ FX dev middleware serves checked exact bytes only and rejects traversal/unlisted/corrupt pages (169.919458ms)
✔ FX actual build hook packages referenced files with exact base-pack hashes; tampering rejects repack (30.39275ms)
✔ Copper Junction pilot binds unchanged map bytes and exactly ten mirrored public entries (8.300917ms)
✔ optional scenery is exact-byte verified after the public map passes Go validation (49.952959ms)
✔ a reused map ID/version cannot authorize scenery for different terrain, objects or starts (14.379416ms)
✔ corrupt optional bytes remain exportable and mismatched source bindings are rejected (11.590834ms)
✔ environment descriptors reject unsafe paths, unknown fields and excessive declared sizes (16.241292ms)
✔ cancellation and index replacement cannot install an in-flight scenery response (6.133375ms)
✔ environment decoder binds exact map bytes, rejects unsupported data and freezes detached output (10.716042ms)
✔ skins cannot invent object classes, missing actors, duplicates, factions or state (4.003708ms)
✔ solid props need the complete impassable safety area and opaque masses need real sight blocking (1.995834ms)
✔ scrub cannot invent cover, overlap dressing or float across mixed-height support (0.887459ms)
✔ bridge variants keep every internal road lane open in all four orientations (2.532042ms)
✔ public dressing follows exploration and skin rubble still requires Go disclosure (12.527417ms)
✔ Go maps with a null empty resource slice still disclose later shipment cargo (25.788708ms)
✔ public explored locations never invent initial cargo or station ownership (0.314ms)
✔ only disclosed field and station facts update presentation memory; hidden changes do not (0.429625ms)
✔ dynamic shipment cargo follows real fields and coalesces old depleted shipments without timers (0.336458ms)
✔ rubble requires explicit selected-player disclosure and disappears exactly on rewind or perspective change (0.456041ms)
✔ object art uses explicit legal classes and actual health/destruction independently of neutral enabled status (0.497625ms)
✔ aircraft empty payload and orbit art use only owner-private facts; observed service is public (1.236875ms)
✔ launcher ready art never derives another player’s exact charges (0.152333ms)
✔ initial and reset flight states are stable; transitions only follow observed landing changes (0.552375ms)
✔ interrupted flight and crash remain continuous and settle on terrain without gameplay delay (0.132667ms)
✔ selection uses owned live entities and never treats remembered or enemy entities as commandable (1.265416ms)
✔ box and same-type screen selection preserve shift add/remove semantics without selecting fog memory (11.111916ms)
✔ control groups prune removed/captured units, retain embarked members and center only on deliberate double tap (2.891167ms)
✔ selection tokens change with composition, perspective and session but not with ordinary movement (0.554708ms)
✔ escape and actionable alerts return camera/menu intentions without changing selection (0.231083ms)
✔ native keyboard activation is not consumed as chat or alert navigation (1.223959ms)
✔ default and classic controls have no shortcut conflicts, including queued commands and groups (3.52725ms)
✔ remapping is transactional and detects overlaps introduced by the queue modifier (1.7605ms)
✔ accessible modifier toggles preserve normal shortcuts and clear cleanly on focus loss (0.420417ms)
✔ text entry, composition, disabled surfaces and already consumed events suppress battlefield shortcuts (0.305ms)
✔ standard and classic pointer presets return correct selection, targeting and queued command intentions (0.798416ms)
✔ map context transmits only explicit admission and verifies declared map hash before exposing map (12.949917ms)
✔ map moderator submits both displayed revisions and preserves reported evidence when author changes concurrently (5.861958ms)
✔ minimap paints an already paused snapshot immediately after attachment (2.016167ms)
✔ paused camera pan, zoom and resize repaint with a bounded cadence (0.697959ms)
✔ mission and actual resize invalidation survive the paint throttle (0.553875ms)
✔ detach releases its resize observer and stops later camera painting (0.217667ms)
✔ stale cleanup cannot detach a newer attachment of the same canvas (0.879458ms)
✔ an attachment before the first authorized snapshot paints when it arrives (0.395459ms)
✔ radar keeps battlefield projection across maps and accessibility panel sizes (1.661458ms)
✔ late failed FX load cannot disclose a prior perspective through missing-art diagnostics (4.368125ms)
✔ actor fallback and payload diagnostics are derived from current visible actors (0.294084ms)
✔ original-force labels merge only selected faction and reject ambiguous or incompatible metadata (4.874417ms)
✔ marked forces contain only living currently-owned originals; carried members are counted without selecting their carrier (0.814416ms)
✔ authored objective markers resolve public regions and disappear only after authoritative completion (1.609292ms)
✔ mission marker loading rejects wrong versions, duplicate IDs, invalid regions and hidden/failure objectives (0.569209ms)
✔ operator credential remains memory-only, reviews use displayed revision and locking drops all evidence (24.500042ms)
✔ operator never sends credential to LAN or deceptively named hosts; malformed tokens stay local (0.369625ms)
✔ locking during a pending privileged request discards its response and does not resurrect operator state (0.503584ms)
✔ stale review keeps concrete evidence and requires explicit reload; writes are never retried automatically (0.404417ms)
✔ revoked operator credential clears previously loaded private evidence on server denial (0.48275ms)
✔ network guest can reach host without a profile; profile credentials stay out of public controller state (62.799458ms)
✔ ready proves matching Go version and actual asset loading; failure never sends ready flags (43.9695ms)
✔ configuration mutation during assets preflight uses captured revision and requires renewed readiness (12.4505ms)
✔ start installs real slot connection and validated host map, while slot token never enters observable state (3.267958ms)
✔ expired profile authentication produces recoverable local sign-in without deleting saves (5.839958ms)
✔ product sync requires explicit per-item decisions and preserves exact engine bytes through migration (18.079167ms)
✔ completed lobby recovers durable result for an eliminated socket without replaying commands (7.269208ms)
✔ chat reads every retained page, displays new messages beyond the first 100 and removes newly filtered history (4.261834ms)
✔ expired profile can create a replacement identity without inheriting old lobby membership or deleting files (6.857208ms)
✔ profile replacement without a lobby clears private reports, host copies and prior notices immediately (3.326833ms)
✔ credential expiry removes report evidence from public state even without a lobby (5.707291ms)
✔ workshop preparation never uploads implicitly; explicit private write uses reviewed revision and stale writes preserve preview (4.483625ms)
✔ leaving an active online session stops automatic re-entry while explicit reconnect remains available (4.984ms)
✔ missing retained lobby recovers only an exact durable result and never rejoins a frozen participant (5.317583ms)
✔ missing lobby without a committed record stays unresolved and transient history failures can retry (5.574875ms)
✔ recorded history is available without a lobby and is cleared on profile change (4.61525ms)
✔ delayed observer installs no early world state, authenticates only through header and rejects every command/clock mutation (252.023667ms)
✔ observer rejects wrong perspective, metadata, player command receipts and changed delay before publishing (2.477625ms)
✔ observer reconnect preserves last permitted snapshot and rejects a rewind or terminal authorization loss (1.477542ms)
✔ disposing while a response is in flight cannot publish a stale observer frame or restart polling (0.547042ms)
✔ transient background observer failure retries without repeated command-error dialogs and clears the status on recovery (614.527708ms)
✔ disposing during buffered response decoding leaves the feed closed (23.067083ms)
✔ completed content upgrades remain coherent offline; corrupt staging cannot activate or delete old packs (48.008542ms)
✔ elimination terminal preserves final permitted frame and stops reconnect without generic runtime error (375.762709ms)
✔ owner operation preview preserves all three exact Go routes and deadlines without retaining response aliases (1.736208ms)
✔ operation preview rejects mismatched intent, duplicate plans, invalid coordinates/times and independent disclosure (1.853208ms)
✔ LAN preview exposes plans only through validated sequential advice and never turns estimates into certainty (35.509541ms)
✔ strike review waits for advice, binds immutable targets, cancels stale responses and confirms only once (0.395041ms)
✔ older runtimes and rejected previews cannot confirm a strike (0.258625ms)
✔ rejected ground feedback copies only a finite explicit local order position (1.58875ms)
✔ ordinary planned command receives exactly one current owner rejection marker and preserves the authoritative queue (3.149667ms)
✔ accepted, foreign, reset and disconnected receipts never paint stale rejection positions (1.41825ms)
✔ rejected marker stays bounded, static and expires without altering snapshots or looking up entities (1.302458ms)
✔ out-of-order batch receipts each acknowledge once without dropping earlier entries (0.4915ms)
✔ owner ranges keep exact Go values and only actual public assignments, detached from wire (2.241125ms)
✔ old runtimes, allies, enemies, embarked and destroyed actors never acquire guessed ranges (1.8275ms)
✔ assignment links require matching live public warning and unexpired exact ID (0.58425ms)
✔ zero perception is explicit, malformed metadata fails closed and paused/full time stays absent (0.233209ms)
✔ selection of a ready defense requires exact Go readiness consistent with its tick and charges (3.088458ms)
✔ construction ghost waits for body beauty, keeps physical @2x scale, and suppresses unmatched turret paint (6.827625ms)
✔ cleared, switched and disposed proposals reject late art admission (1.697084ms)
✔ final interceptor launch uses an empty rack only for disclosed owned charges (1.164459ms)
✔ owned structural battery art preserves priority and known charge count with legacy fallback (0.537833ms)
✔ cosmetic squad casualties follow only disclosed health and restore with healing (0.099333ms)
✔ authoritative support and channel names select their authored work animation (0.1235ms)
✔ deployment, packing and damage cannot disappear behind ordinary idle art (0.113375ms)
✔ boarding receiver context opens only authored doors and blocked unloading keeps them open (0.157625ms)
✔ building animations follow known power and service facts without disclosing enemy assignments (0.402625ms)
✔ offline discontinuity arrives before replacement snapshots, but ordinary ticks do not reset effects (4.181041ms)
✔ production navigation keeps the chosen facility while combat selection changes (1.127375ms)
✔ producer focus discards dead, carried, removed and foreign sources without inferring availability (0.158125ms)
✔ sidebar advice never leaks production actions into selected troops or mutates Go advice (0.082ms)
✔ campaign completion is idempotent across tabs and replay playback never updates progression (11.449041ms)
✔ future progress schema and invalid completion remain untouched (3.19625ms)
✔ damaged progress records cannot turn counters into invalid values (2.528667ms)
✔ practice results cannot update campaign progress even when mislabeled as live by a caller (1.282834ms)
✔ point-target reach preserves distance from circular and rectangular firing footprints (3.121625ms)
✔ range modes never substitute public base sight/detection for absent owner disclosure (0.492083ms)
✔ recorded result reads only authenticated result metadata and preserves original payload bytes (1.68875ms)
✔ frozen result cue requires matching committed result and never replaces live or observer state (0.395041ms)
✔ reports send participant context only and propagate quota without retrying (22.304208ms)
✔ own report paging encodes cursors and history retains the exact result payload (1.142375ms)
✔ conflict preview displays both timestamps and mission progress, with unchanged large integer engine bytes (39.651458ms)
✔ guest migration previews exact stable copy targets and unsupported local-only items before explicit choices (26.358ms)
✔ any local or remote revision change after preview blocks all writes before execution (10.366875ms)
✔ copying remote data to a manual local target preserves exact bytes and requires human commander choices (7.416958ms)
✔ cancellation after a completed copy stops remaining copies and never rolls back by deleting files (17.438875ms)
✔ an uncertain network write is reported honestly and never retried automatically (8.618875ms)
✔ preview tampering cannot redirect targets or authorize another account (7.570042ms)
✔ incompatible saves remain intact and can only be skipped or mapped to a separate destination (9.007375ms)
✔ settings previews expose missing host timestamps and use both local and host revision checks (11.589125ms)
✔ a source edit during upload remains local and the receipt identifies that the reviewed snapshot was copied (15.160917ms)
✔ host CAS still protects a change that occurs after preflight, and pre-start cancellation writes nothing (13.45475ms)
✔ destination names are part of the reviewed copy mapping and obey actual host byte limits (14.497625ms)
✔ delete/recreate before preflight is detected even if the revision number repeats (12.73425ms)
✔ campaign preview compares actual mission records and timestamps; explicit replacement preserves authoritative results elsewhere (10.871083ms)
✔ campaign remote changes and CAS races preserve both revisions; uncertain writes are not retried (16.786916ms)
✔ campaign upload preserves a concurrently updated local ledger and never crosses account context (4.835542ms)
✔ future or malformed campaign ledger remains preserved and cannot overwrite a supported copy (2.224958ms)
✔ metadata-only archive selection supports more than64 files and downloads selected files only (7.75475ms)
✔ inventory selected revision changes reject before downloading, and account changes invalidate selection (7.584167ms)
✔ unknown host sizes reserve64MiB and aggregate byte bound applies before selected payload downloads (4.188708ms)
✔ real source heights support the actual service center/grid, highest plane and zero-height ground distinctly (1.632958ms)
✔ retained physical footprint and sim-local axes determine support, not the converted faction capacity (3.862917ms)
✔ edge/vertex sampling is inclusive for either winding but outside collinear extensions remain ground (1.446375ms)
✔ invalid or invented support metadata cannot supply a blanket lift (0.616833ms)
✔ an eliminated online commander has a frozen badge regardless of stale pause, without changing the permitted snapshot (1.689208ms)
✔ observer, paused and replay labels retain priority; only a real finished snapshot labels the battlefield ended (0.255125ms)
✔ terminal and disconnected menus never display old teammate, latency or shared-pause data as current (0.443ms)
✔ failed replacement retains live match, successful replacement disposes it once (3.558042ms)
✔ a slower canceled launch cannot overwrite the latest session (0.593583ms)
✔ replay skips autosave, has read-only save/restart controls, and releases worker on menu (0.666666ms)
✔ manual save cannot write a newly selected session under an old request (0.332375ms)
✔ new restart session has a new autosave identity and remains paused until UI resumes (0.364833ms)
✔ observer replacement is read-only, may buffer without a snapshot, and never creates autosaves (0.331291ms)
✔ only the exact currently disclosed owned sale suppresses its cleanup destruction (0.675291ms)
✔ owned sale retains sell audio without explosion or building-lost announcement; combat death remains (2.527375ms)
✔ sale cleanup cannot cause actor death feedback or camera shake (0.482334ms)
✔ authored reverse aliases retain progress and map all layers/hardpoints to exact source poses (0.835125ms)
✔ concurrent save edits have exactly one winner and preserve the conflict (15.246042ms)
✔ three autosaves rotate atomically without consuming manual saves (9.992208ms)
✔ export/import preserves exact large integer bytes and previews existing records (4.946625ms)
✔ settings use a separate revision and failed validation leaves saves untouched (1.939875ms)
✔ backup restores saves/settings/progress/replays together with explicit decisions and exact bytes (12.18675ms)
✔ backup conflict aborts every selected write and keeps both versions available (9.65175ms)
✔ failed backup write rolls back earlier writes and never discards the source (7.412333ms)
✔ unsupported backup and mixed incompatible save preserve exact originals for later recovery (5.133583ms)
✔ preview mutations cannot bypass validation or overwrite a revision not reviewed (10.330125ms)
✔ replay validation is bounded, integrity checked, CAS protected, and corrupt files remain exportable (9.802792ms)
✔ schema upgrade preserves version-one saves and future databases are never downgraded (7.571834ms)
✔ settings reject malformed JSON, byte limits and invalid revisions without replacing existing data (17.483625ms)
✔ an unreadable backup can be kept byte for byte without replacing current records (7.939375ms)
✔ deleted save and replay IDs never reuse revisions across tabs and reopen (21.501959ms)
✔ atomic backup CAS rejects delete/recreate races; backup restore and autosave respect tombstones (25.915167ms)
✔ legacy revisions migrate to durable high-water marks without rewriting their bytes (3.428417ms)
✔ revision exhaustion fails safely and never wraps an existing save (2.522083ms)
✔ campaign backup validation preserves malformed story originals without replacing a supported local ledger (2.003791ms)
✔ browser backup streams cursor records without retaining all raw archive payloads (29.855ms)
✔ world-space rings preserve exact radius at every sample, including large zones (1.361458ms)
✔ caption semantics retain pending launch versus impact and round up the last live tick (0.163333ms)
✔ coincident and nearby salvo captions remain separate without moving their target points (0.761458ms)
✔ command symbols distinguish target, ground, queued guard, patrol and return intent (0.119458ms)
✔ restored ping baseline survives selection refresh; new pings expire and remain bounded (0.295459ms)
✔ all 28 catalog weapons retain exact splash; known artillery and tactical radii are world units (1.717334ms)
✔ hidden warning coordinates do not become projectile bodies or launch routes; unknown strategic radii stay explicit (0.276ms)
✔ operation semantics distinguish actual impact, pending launch, observed arrival and raid exits (0.330833ms)
✔ zones use exact authorized radius/start/until including preparation, expiry and rewind (0.274125ms)
✔ endgame structure pulses remain minimap-only and defeat deadlines come from player summaries (0.113208ms)
✔ own order intentions never turn target-only defaults or stale memory into routes (0.402708ms)
✔ return uses only current owned home intent; rally sentinel and foreign private state are not displayed (0.196208ms)
✔ range references use actual max_range and retained footprint, never silently become hit eligibility (0.161791ms)
✔ semantic event cues retain uncertainty, attacker-owned interception, and authorized scopes (0.120959ms)
✔ pure snapshots rebuild without sharing mutable geometry, clocks, playback state or quality budgets (0.17925ms)
✔ cosmetic projectile choices reference manifest effects without inventing installed art or interceptor trajectories (5.623541ms)
✔ optional instance splash overrides catalog and explicit body visibility preserves presence semantics (1.071958ms)
✔ operation splash is authoritative only for blast warnings; missing or invalid radii never get invented (0.279875ms)
✔ open ground never displays the cover or rubble material, across broad material transitions (12.070208ms)
✔ water, shore and beach remain distinct without changing gameplay terrain (4.591042ms)
✔ low scree only dresses open neighbors of real rock and never changes their rules (2.935917ms)
✔ flat surface preserves the original isometric projection and exact roundtrips, including partial chunks (41.952292ms)
✔ all passable road/open/ramp height joins share exact geometry and are traversable in all four directions (5.186291ms)
✔ disconnected diagonal walkable sectors do not average across impassable tiles (0.532542ms)
✔ raised plateau centers and conservative map bounds include the full four-level lift (0.800916ms)
✔ face picking selects the actual near cliff surface and returns its blocked owner rather than lower ground (0.437625ms)
✔ arbitrary valid height maps have exact projected intersections and no duplicate edge ownership (13.555833ms)
✔ fog geometry always uses conservative owner disclosure and does not mutate visible arrays (0.442375ms)
✔ mixed-height structure support has an exact clipped perimeter and never mutates terrain or invents placement validity (0.643959ms)
✔ surface is an immutable public-map snapshot and rejects unsupported heights (0.572875ms)
✔ two boarders deduplicate exact explicit receiver (2.334625ms)
✔ one interrupted boarder does not hide the remaining boarder (0.394375ms)
✔ all interrupted boarders immediately clear doors (0.333709ms)
✔ completion or expired channel does not linger (0.312666ms)
✔ moving approach orders alone do not open doors (0.253708ms)
✔ missing receiver remains unknown despite nearby airlift (0.230958ms)
✔ foreign receiver is not inferred or opened (0.22425ms)
✔ foreign passenger with artificial private data is ignored (0.184292ms)
✔ no private order means unknown even with public board state (0.174458ms)
✔ queued target does not replace active head order (0.292083ms)
✔ destroyed receiver closes independently of old order (0.213833ms)
✔ disabled receiver closes independently of old order (0.168125ms)
✔ neutral garrison requires exact disclosed target (0.17625ms)
✔ multiple receivers sorted independent of snapshot order (0.207625ms)
✔ reconnect/replay snapshot without active boarders clears context (0.151125ms)
✔ tutorial gesture memory merges tab updates, survives restart, isolates mission versions and never grants campaign progress (17.18925ms)
✔ incompatible tutorial memory stays preserved (0.824ms)
✔ transport input lessons persist independently of authoritative world objectives (2.213583ms)
ℹ tests 465
ℹ suites 0
ℹ pass 465
ℹ fail 0
ℹ cancelled 0
ℹ skipped 0
ℹ todo 0
ℹ duration_ms 2261.251417
