✔ current real path/size projection reproduces old prepared receipt rejection and new bounded parse (134.125041ms)
✔ larger inventory is admitted only by explicit inventory purpose, with hashes still mandatory (49.581917ms)
✔ fixed purpose ceilings reject over-limit descriptors before filesystem reads; exact ceiling reaches integrity guard (4.61075ms)
✔ ordinary authored JSON keeps8MiB and valid exact content (0.702917ms)
ℹ tests 4
ℹ suites 0
ℹ pass 4
ℹ fail 0
ℹ cancelled 0
ℹ skipped 0
ℹ todo 0
ℹ duration_ms 252.02275
        0.28 real         0.41 user         0.07 sys
           251609088  maximum resident set size
                   0  average shared memory size
                   0  average unshared data size
                   0  average unshared stack size
               21035  page reclaims
                 210  page faults
                   0  swaps
                   0  block input operations
                   0  block output operations
                  30  messages sent
                  14  messages received
                   0  signals received
                   6  voluntary context switches
                3636  involuntary context switches
           477085029  instructions retired
           164494982  cycles elapsed
            17090864  peak memory footprint
