✔ guaranteed retained-file path/size lower bound reproduces old prepared receipt rejection and new bounded parse (121.568709ms)
✔ larger inventory is admitted only by explicit inventory purpose, with hashes still mandatory (57.623791ms)
✔ fixed purpose ceilings reject over-limit descriptors before filesystem reads; exact ceiling reaches integrity guard (4.905209ms)
✔ ordinary authored JSON keeps8MiB and valid exact content (1.127708ms)
ℹ tests 4
ℹ suites 0
ℹ pass 4
ℹ fail 0
ℹ cancelled 0
ℹ skipped 0
ℹ todo 0
ℹ duration_ms 246.417083
        0.28 real         0.41 user         0.07 sys
           252149760  maximum resident set size
                   0  average shared memory size
                   0  average unshared data size
                   0  average unshared stack size
               20999  page reclaims
                 164  page faults
                   0  swaps
                   0  block input operations
                   0  block output operations
                  30  messages sent
                  14  messages received
                   0  signals received
                  10  voluntary context switches
                3565  involuntary context switches
           497359890  instructions retired
           182666099  cycles elapsed
            16861512  peak memory footprint
