✔ prepare/check/promote exact tree; stale own atlas removed only in stage; originals and old backup preserved (380.752167ms)
✔ duplicate ID and missing ID rejected before copy (74.737084ms)
✔ complete scope requires exact full162; subset cannot promote (296.929834ms)
✔ changed export rejected and original baseline unchanged (51.365417ms)
✔ unsafe source path and destination alias reject (99.521459ms)
✔ symlink input and parent directory reject (95.809208ms)
✔ failed integrity/native receipts reject even when handoff repinned (106.106416ms)
✔ changed editable source and production helper reject (99.812042ms)
✔ normalization handoff identity and full four-mask scope reject (115.937417ms)
✔ mask ordering catches late original overwrite; failed stage is unsealed (117.100791ms)
✔ dependency mutation during copy caught by complete post-check (110.854834ms)
✔ check catches extra stale page, missing required2x and changed normalized mask (574.358833ms)
✔ plugin silent omission cannot pass advertised ID inventory (52.616708ms)
✔ unchanged baseline rejects late file addition before promotion (233.695125ms)
✔ ordinary failures after either rename rollback old bytes and retain failure receipt (697.951875ms)
✔ existing exclusive lock blocks mutation (308.000875ms)
✔ interrupted process before commit decision rolls back explicitly and idempotently (1199.937ms)
✔ fixture designation cannot target live assets (253.59025ms)
✔ extra unselected advertised baseline ID rejects before publication (137.303417ms)
✔ tampered check receipt and final stage reject promotion without mutation (620.623125ms)
✔ hard exit after lock mkdir leaves an unstealable orphan with unchanged old bytes (340.05575ms)
✔ interrupted process after durable commit completes archival without rollback (840.986375ms)
ℹ tests 22
ℹ suites 0
ℹ pass 22
ℹ fail 0
ℹ cancelled 0
ℹ skipped 0
ℹ todo 0
ℹ duration_ms 6858.083084
