{
  "status": "accepted-within-recorded-scope",
  "at": "2026-09-29T20:48:05.542725+00:00",
  "packageFiles": 4700,
  "packageBytes": 592186087,
  "packageFullHashRerun": false,
  "packageReview": "Exact receipt/inventory relation plus actual full path/size/no-symlink closure; selected metadata/runtime/source-map bytes independently hashed. Root freeze and original browser pre/post verifier performed full product hashing.",
  "nativeInputsRehashed": 47,
  "nativeCases": 6,
  "checkpointStages": 3,
  "authorizedViews": 12,
  "nativeScenarioArchivedExact": true,
  "earlierFreezeFailurePreserved": true,
  "browserFunctional": "passed",
  "browserStrict": "failed",
  "rawAppFailures": 25,
  "intentionalControlNetworkFailures": 2,
  "bodyProofs": 689,
  "blockingFindings": [],
  "limitations": [
    "No compiler/runtime/browser repeated",
    "Incomplete inherited art; current private catalog60 is not in this package",
    "Known isolated fog diamonds remain visible; MAX fog candidate excluded",
    "One 1600x900 standard solo course, no victory/replay/rematch/multiplayer/endurance acceptance",
    "Observed GL release is not total GPU/JS/image/cache memory proof",
    "Shared Blender host and test observers exclude qualified performance comparisons",
    "102 successful unsupported/browser-native requests; all25 actual App failures are proved but remain strict failures"
  ]
}
