=== RUN   TestGroundLauncherAdapterOracle
=== RUN   TestGroundLauncherAdapterOracle/US.launcher
=== RUN   TestGroundLauncherAdapterOracle/US.launcher-damaged-empty
=== RUN   TestGroundLauncherAdapterOracle/IR.launcher
=== RUN   TestGroundLauncherAdapterOracle/IR.launcher-damaged-empty
=== RUN   TestGroundLauncherAdapterOracle/SY.launcher
=== RUN   TestGroundLauncherAdapterOracle/SY.launcher-damaged-empty
=== RUN   TestGroundLauncherAdapterOracle/SA.launcher
=== RUN   TestGroundLauncherAdapterOracle/SA.launcher-damaged-empty
=== RUN   TestGroundLauncherAdapterOracle/IR.launcher-cancel-volley
--- PASS: TestGroundLauncherAdapterOracle (7.04s)
    --- PASS: TestGroundLauncherAdapterOracle/US.launcher (0.94s)
    --- PASS: TestGroundLauncherAdapterOracle/US.launcher-damaged-empty (0.48s)
    --- PASS: TestGroundLauncherAdapterOracle/IR.launcher (1.48s)
    --- PASS: TestGroundLauncherAdapterOracle/IR.launcher-damaged-empty (0.48s)
    --- PASS: TestGroundLauncherAdapterOracle/SY.launcher (0.86s)
    --- PASS: TestGroundLauncherAdapterOracle/SY.launcher-damaged-empty (0.49s)
    --- PASS: TestGroundLauncherAdapterOracle/SA.launcher (0.92s)
    --- PASS: TestGroundLauncherAdapterOracle/SA.launcher-damaged-empty (0.48s)
    --- PASS: TestGroundLauncherAdapterOracle/IR.launcher-cancel-volley (0.91s)
PASS
