
> frontline-command-client@0.1.0 test:runtime
> node scripts/runtime/test.mjs

✔ guest solo needs no profile; remembered local profiles restore without appearing in state or game backups (44.797ms)
✔ 401 becomes a recoverable sign-in state and removes only the rejected token (5.960583ms)
✔ offline restore retains remembered credentials and a later successful service request recovers (2.695334ms)
✔ tokens are host scoped and stale logout cannot erase a newer remembered profile (4.342958ms)
✔ session-only sign-in clears the prior remembered credential and logout preserves gameplay files (7.018916ms)
✔ credential vault CAS rejects cross-tab replacement without exposing tokens in error details (12.932834ms)
✔ credential revisions survive logout/recreation, rejecting stale writes and stale cleanup of the same token (4.79425ms)
✔ schema-one credentials migrate without token loss and seed the next revision after removal (2.519ms)
✔ stale session logout cannot remove the same token restored into a newer credential generation (10.746084ms)
✔ explicit private sign-in keys restore only their exact host and verified profile; never public state or backups (7.632709ms)
✔ sign-in key parsing rejects malformed, oversized and unsupported files without exposing token in errors (6.793708ms)
✔ profile changes during asynchronous key reads reject before adopting the old exported account (3.366042ms)
✔ a new structural condition interrupts a current real ActorVisual launch and cannot revive it (5.610583ms)
✔ strategic activation respects structural low power while enemy charge privacy stays generic (0.160125ms)
✔ actor effect deadlines use exact Go ticks including indefinite aura and expire without cooldown guesses (2.394375ms)
✔ only the owner receives magazine, ambush, service and emergency countdown information (0.341458ms)
✔ runtime without new metadata never starts an invented emergency timer or active buff (0.217125ms)
✔ a retained Return order does not label a landed aircraft as still returning (0.147833ms)
✔ known public effects remain visible on foreign authorized actors without private economy (0.125916ms)
✔ channel progress and countdown come from Go state, and cancellation removes them (0.366583ms)
✔ charges use the actual Go catalog while ABM count does not invent a capacity (0.1345ms)
✔ unknown/malformed/internal effects and contained or destroyed actors have no labels (0.116167ms)
✔ air production service wait is an owner-only unavailable badge, not a guessed capacity count (0.154875ms)
✔ only the active Return order describes current return flight (0.326625ms)
✔ current owned inactive home distinguishes paused service from low power and unknown home data (0.392708ms)
✔ grounded emergency no-home warning remains distinct from takeoff deadline and airborne endurance (0.139375ms)
✔ only explicit recoverable advisor failures become nonblocking feedback (0.583208ms)
✔ background timeout never opens global error dialog; stale production is disabled and later Go advice restores it (2.451292ms)
✔ recovery preserves newer unrelated notices and unrelated failures still reach global error path (0.582084ms)
✔ a late failure for an obsolete selection does not change controls or notices (0.552416ms)
✔ explicit order advice failure sends nothing and never automatically resubmits the command (2.253ms)
✔ LAN advice uses only slot auth, preserves orders and exposes uncertainty (37.168542ms)
✔ advice rejects wrong player, unexpected IDs, tick and result acceptance (4.289292ms)
✔ one advice request is pending and stale selection discards its response (3.969209ms)
✔ advice respects request bounds and propagates rate error without retries (2.719292ms)
✔ production menu status remains independent, bounded and authorized (3.410667ms)
✔ ready offline environment prefetches selection-wide affordances then separates alternatives from final orders (28.13325ms)
✔ ready environment guards session changes during affordance prefetch and batch validation (0.281875ms)
✔ online environment shares a paced request budget and uses independent candidate mode before sequential final check (524.897292ms)
✔ canceling a paced advice update prevents a second network request (2.244125ms)
✔ advice pacing starts after dispatch even when request setup is delayed (1.727417ms)
✔ actual aircraft poses retain current owned empty payload through parked, service, damage and final-shot cues (3.528958ms)
✔ payload appearance checks current viewer, current owner and current private data every time (0.300042ms)
✔ all departure/recovery aliases keep canonical frame clocks and altitude when payload changes (0.335916ms)
✔ missing empty variants stay explicit incomplete art without changing authoritative state (0.125375ms)
✔ a decoding atlas cannot retain stale payload pixels across empty or viewer boundaries (0.705458ms)
✔ atlas mask preserves faint body opacity across byte and row boundaries (1.5095ms)
✔ normal tolerance reaches nearby body but never pixels belonging to a neighboring atlas frame (0.291334ms)
✔ empty body page remains unselectable and malformed decoded dimensions are rejected (0.70575ms)
✔ all twelve ambient effects come from current disclosed state or an exact transition (2.58475ms)
✔ movement and building work stop on actual stagnation; paused tick preserves phases and transitions once (4.090084ms)
✔ baseline, replacement, perspective, rewind and long gaps suppress historical bursts and depletion (0.893333ms)
✔ lost, dead, contained, recovered and replaced actors cannot retain their looping cosmetics (2.343458ms)
✔ depletion requires consecutive visible matching fields, never zero on first sight or a hidden transition (1.540292ms)
✔ event scopes, high water, future timestamps, bounded expiry and unknown aircraft crashes fail closed (0.257292ms)
✔ wreck smoke needs the identified immediately prior ground vehicle and ends on visibility loss (0.12175ms)
✔ ambient attachments track displayed actor height and interpolation; motion reductions keep a static frame (4.348458ms)
✔ rotor wash stays on ground and requires a disclosed low visual altitude (0.830125ms)
✔ combat keeps priority in the shared bounded pool and reset releases every ambient node (2.961208ms)
✔ seek publishes the replacement frame within 100ms before its paused clock and reply (2.152291ms)
✔ each reset while replacement is pending preserves the final authorized frame (0.168875ms)
✔ pause flushes the last throttled frame even without a replacement or finished outcome (0.215417ms)
✔ load/session replacement publishes its first frame immediately and clears the old owner (0.09975ms)
✔ same-tick perspective replacement publishes the new authorized owner immediately (0.083791ms)
✔ steady play retains the HUD throttle while every snapshot reaches the renderer (0.405875ms)
✔ menu and a buffering replacement never flush the previous session snapshot on pause (0.123041ms)
✔ already paused frames and a terminal outcome publish without waiting for another tick (0.109333ms)
✔ simultaneous art initialization and sheet requests share one verified generation (37.937167ms)
✔ a changed host cannot supply new sprite metadata beneath a retained art index (11.757916ms)
✔ failed index replacement keeps prior art; valid idle replacement moves metadata and identity together (5.724625ms)
✔ content reload canceled at its idle boundary cannot publish a new generation (6.607708ms)
✔ dispose aborts pending initialization and prevents late generation publication (1.892458ms)
✔ generation adapter keeps bytes exact and excludes private, cross-origin and non-GET requests (5.375042ms)
✔ index capture preserves exact whitespace and rejects oversized/incompatible data (2.135667ms)
✔ a full 136-type roster request completes without caching queue overflow as missing art (52.453334ms)
✔ transient metadata failures can retry and explicit same-index reload verifies a fresh capture (8.481042ms)
✔ an image download failure does not retain a rejected image promise (10.661042ms)
✔ a transient sprite page retries after a bounded delay and disposes its owned texture (306.303083ms)
✔ a hard integrity error after a transient retry is surfaced and remains held (304.294583ms)
✔ every Go roster and faction building maps exactly to the approved art inventory (4.087459ms)
✔ captured air producers and safehouses keep their original physical art (0.1685ms)
✔ actor identity refreshes generic faction art on capture and is stable after restore (0.109625ms)
✔ object skins follow explicit Go classes without inventing faction or objective identity (1.14425ms)
✔ actual cameo consumer uses full advertised building portrait and build keys independently (1.932291ms)
✔ actual build cameo falls back to its independently advertised portrait, and units retain legacy keys (0.317709ms)
✔ an advertised illustration load failure retains the existing missing-art result without unadvertised retries (0.165666ms)
✔ resolver prefers exact advertised keys independently and never guesses absent UI (0.119ms)
✔ resolver rejects path traversal and URL syntax even when the malformed key is advertised (0.236833ms)
✔ captures exact index/manifest and verifies online bytes before JSON/decode (47.9325ms)
✔ retained A reads only A cache after B activation; explicit removal is fail closed (5.553625ms)
✔ cold new generation needs no worker or network; legacy reconnect must match exact index (10.852083ms)
✔ copied index, canonical manifest identity and private/unknown path exclusion (2.046375ms)
✔ manifest/index mismatch, duplicates, reserved URLs and corrupt cache metadata fail before payload (11.360375ms)
✔ truncated/oversized/corrupt payloads and canceled streams do not return bytes (12.172417ms)
✔ leased object URLs are verified, keyed, reference-counted, bounded and disposed (12.333875ms)
✔ bounded metadata, declared file sizes and redirected origins are rejected (1.66975ms)
✔ 961-request roster envelope finishes through the bounded active queue (675.833ms)
✔ queued cancellation and dispose never start waiting network; queue length is bounded (61.4875ms)
✔ aggregate declared active bytes stop a second large reader without allocating it (6.603334ms)
✔ installer stores canonical manifest before READY; metadata failure/cancel keeps old usable cache (83.849417ms)
✔ legacy reinstall creates a verified successor; mutation of caller manifest cannot alter the transaction (6.556708ms)
✔ different queued descriptors preserve FIFO across canceled middle jobs (107.447584ms)
✔ standard verifies selected world pages plus actual 2x portrait/build pairs, without unused 2x world pages (22.772375ms)
✔ high quality uses 2x world pages; the missing-high fallback matches the renderer (2.181084ms)
✔ a portrait also satisfies build fallback; missing portrait conservatively verifies every 2x beauty/team page (5.637542ms)
✔ a high-quality cameo fallback shares already verified metadata and images (1.452042ms)
✔ per-launch concurrent URL dedup counts bytes and decode only once; later launches reverify (1.527334ms)
✔ image verification is sequential and closes each bitmap before the next decode (0.306416ms)
✔ completed native EOF clears its deadline and detaches parent abort while preserving subsequent launch cancellation (1.126958ms)
✔ in-flight parent cancellation keeps its exact reason and clears the deadline (0.708375ms)
✔ in-flight 15s deadline remains a real TimeoutError and detaches parent listener (0.3505ms)
✔ download deadline is cleared at EOF before an asynchronous image decode finishes (0.228042ms)
✔ failure cleanup cannot be replaced by a later timeout or parent abort while reader cancellation settles (0.269792ms)
✔ a queued already-canceled call performs no fetch (0.09925ms)
✔ fetch/header failures and native body errors preserve cause and clean the deadline (0.19675ms)
✔ parent cancellation during image decoding closes the bitmap and is never relabeled as a corrupt image (0.141833ms)
✔ bad HTTP, empty body, malformed JSON and image decode failures remain failures (0.300375ms)
✔ encoded per-file/total limits still fail, stop the reader, and are counted once (0.394083ms)
✔ the file ceiling is bounded, sealed-roster-derived, and cannot be raised by a caller (0.564792ms)
✔ a valid 4550-file graph exceeds the old ceiling and verifies within the new bound (516.96425ms)
✔ path traversal, malformed or partial atlases, and conflicting image dimensions are rejected (1.372916ms)
✔ decoded atlas bounds and explicit UI pair dimensions must agree (0.795334ms)
✔ full advertised building UI keys replace unused high-world fallback pages (1.977792ms)
✔ preflight resolves portrait and build keys independently and keeps missing-portrait world fallback (3.7665ms)
✔ newly reachable advertised building UI missing from disk fails preflight rather than taking an unadvertised fallback (0.894333ms)
✔ changed index at the same URL cannot reuse a decoded old clip (29.164542ms)
✔ pending old decode cannot satisfy or delete the new descriptor request (5.151125ms)
✔ failed candidate index retains the previous decoded generation (2.844709ms)
✔ only a validated changed index stops old sources and clears old captions (1.707625ms)
✔ exact same index retry verifies again without discarding coherent decoded clips (0.903ms)
✔ buffer keys include byte/hash/duration and codec fallback identity (0.121709ms)
✔ different same-URL descriptors and concurrent exact descriptors remain distinct/deduplicated (3.973167ms)
✔ failed reads release pending entries; corrupt recovery never reaches the decoder (3.974916ms)
✔ disposed pending decode cannot publish a buffer or issue more index requests (1.814166ms)
✔ dispose during index capture prevents late index publication (2.3475ms)
✔ index retry preserves four-decode admission until old decoders finish (3.359167ms)
✔ audio manifest rejects unsafe URLs, malformed bounds and partial codec fallbacks (1.146375ms)
✔ audio byte read bounds hold without length headers (27.182667ms)
✔ warning bundles and selection cooldowns are location specific and resettable (0.246417ms)
✔ director consumes only new permitted events; rewind/reconnect/new perspective never burst old sound (1.947625ms)
✔ selection and command acknowledgment require owned actors or actual receipt; lost vision is not death (0.589917ms)
✔ owner economy, teammate and public endgame transitions produce captions without inventing hidden readiness (0.74075ms)
✔ service-loss audio warns only when the current living owned aircraft has no replacement home (3.561917ms)
✔ service-loss warning does not repeat across duplicate IDs, reset, rewind or foreign perspective (0.461458ms)
✔ autosaves follow simulation ticks, save checkpoints once, and begin a new schedule on load (2.471667ms)
✔ failed checkpoint retries with simulation backoff and quota errors wait for explicit recovery (1.954416ms)
✔ replay and online notifications never save; closing or replacing a session discards a captured old snapshot (0.398ms)
✔ concurrent tick notifications coalesce and never overlap writes (0.42ms)
✔ status callbacks may observe new ticks without reentrant captures and failed writes retain their exact snapshot (1.270042ms)
✔ defeat countdowns follow the actual perspective and simulation tick, never the wall clock (0.914959ms)
✔ recovery, defeat, finished outcomes and absent/invalid deadlines clear warnings (0.363667ms)
✔ memory captions preserve the observation timestamp across later ticks and reject future or malformed times (0.255834ms)
✔ build power estimate includes both capacity and demand without altering current economy (0.204208ms)
✔ continuous sound selects nearest three current screen actors, with quiet bed and no fog memory (8.526ms)
✔ stationary, dead, landed and embarked actors have no engine, jets use bounded passes (0.195958ms)
✔ impact material requires an identified authorized entity, never a nearest-target guess (0.07575ms)
✔ map ambience derives solely from public map presentation (0.1625ms)
✔ enemy strategic alert uses only public threshold transition and never initial/seek catchup or ally charge (0.682791ms)
✔ endurance event alone supplies exact loss reason and suppresses generic duplicate independent of array order (0.822167ms)
✔ impact event material can use only current or immediately previous permitted target (0.159125ms)
✔ battlefield attachment follows explicit pause and detachment without retaining renderer callbacks (0.220084ms)
✔ verified pack responses drop transport and Vary headers without changing bytes or content type (22.158292ms)
✔ campaign order unlocks on any difficulty and keeps version-specific medals separate (86.987ms)
✔ missing story predecessor remains locked while prior completed missions can be replayed (22.652ms)
✔ live solo victory records authoritative mission version and completed optional objectives exactly once (121.084459ms)
✔ replay, practice, unfinished, defeat and changing sessions never award progression (4.960708ms)
✔ online completion requires committed matching commander result, excludes observers and remains host-scoped (16.669708ms)
✔ first run requires explicit settings, preserves conflicting choices and returns a launch intent only (15.631958ms)
✔ future first-run settings remain untouched and do not silently enable sound (7.026291ms)
✔ muzzle uses the exact displayed fallback frame, alias, part offset and heading while a page loads (21.025042ms)
✔ shot weapon and resolved armor survive source loss, conversion and landed aircraft (2.449084ms)
✔ legacy absence and malformed metadata remain distinct and never claim a miss (0.897666ms)
✔ positive hit facts cannot recover a removed, contained, dead or undisclosed target (5.656917ms)
✔ area and strategic metadata never manufacture victim identity (0.793ms)
✔ cover feedback requires explicit positive small-arm mitigation on infantry (0.56275ms)
✔ trace may not bridge a hidden pocket or extrapolate off the known map (1.292792ms)
✔ accessibility variants take priority over decorative quality (0.246375ms)
✔ axial flash direction follows dimetric displayed headings, including independent turret directions (0.404167ms)
✔ projectile direction needs real successive movement and never a guessed first sample or target (1.418917ms)
✔ rotated frame bounds keep large offscreen-origin smoke and cull genuinely absent ink (0.468042ms)
✔ confirmed hits and cover select exact art IDs; ambiguity never becomes miss or blocked (3.324875ms)
✔ interception is a warning-point outcome distinct from a launch or decoy (0.388708ms)
✔ scope, future events, stale cues and unsupported kinds fail closed (0.627333ms)
✔ timeline deduplicates aggregates, freezes paused tick, expires and ignores future watermark (4.535584ms)
✔ first load, replacement, perspective, rewind and long gaps establish empty baselines (0.917333ms)
✔ lost hit anchors disappear immediately, without manufacturing death or hidden locations (0.154584ms)
✔ trails retain only successive authorized samples and reset on loss, reuse or replacement (0.233083ms)
✔ full legal actor-scale burst preserves all essential cues independently of decoration budgets (5.759458ms)
✔ destruction specializes only the identified preceding permitted actor, with bounded authored clip clocks (12.716208ms)
✔ death classification cannot use hidden history, foreign ownership, containers or a redacted impact (0.647709ms)
✔ combat audio uses the emitted weapon after source conversion, death or disappearance (1.47225ms)
✔ combat audio consumes positive resolution armor, including landed aircraft, without current type guessing (0.566625ms)
✔ known unknown/area/invalid metadata cannot recover material from current or previous victim (0.518083ms)
✔ only absent metadata retains older runtime audio behavior (0.559917ms)
✔ explicit decoy/interception events remain separate, deduplicate IDs and never guess a defender or failed shot (11.910625ms)
✔ director ignores future combat cues and consumes a valid later delivery only once (0.781916ms)
✔ fixed batteries and mobile Aegis warn on owned charge depletion, not ammo or foreign counts (1.505916ms)
✔ repeated connected observer polls preserve new audio; real reconnect establishes a fresh baseline (3.891ms)
✔ rebase retains targeted Return semantics while ordinary Return remains queueable (9.963792ms)
✔ context aircraft choose rebase only through Go capability and target approval (1.680208ms)
✔ explicit intents reject hostile ownership and hidden/memory targets before invoking gameplay preview (32.105042ms)
✔ large movement selections split safely while semantic abilities never repeat implicitly (95.671209ms)
✔ mixed selection previews preserve exact failures and require explicit opt-in for partial commands (0.498ms)
✔ contextual mixed forces capture or attack legally without making support or air-only units chase ground targets (1.129125ms)
✔ context commands use owned private data for unload and preserve producer-per-order semantics (0.27675ms)
✔ queue and packet limits are explicit and never silently truncate or modify intentions (0.347375ms)
✔ unavailable previews are labeled unverified and preview callbacks cannot mutate outbound order data (0.725ms)
✔ multi-point ability identity stays locked and selection changes invalidate pending previews (4.779916ms)
✔ explicit command batches use one sequential preview and retain joint affordability failures (1.865791ms)
✔ context prefetch batches 65 units, skips unused fallbacks, and sequentially rechecks combined orders (4.393542ms)
✔ publicly impossible contextual candidates fall back, then final shared assignment failures stay rejected (0.764875ms)
✔ candidate and final batch waits both discard stale selection without sending or mutating intentions (2.33ms)
✔ library passes exact detached map/mission bytes through Go adapters before preparing launch (131.843416ms)
✔ strict index rejects traversal, private URLs, duplicates, unknown fields and missing dependencies (3.797125ms)
✔ integrity or Go validation failure preserves source and never reports ready or launches substitute data (4.391541ms)
✔ failed refresh retains last valid registry; explicit retry succeeds and original index remains exportable (1.832292ms)
✔ mismatched authoritative metadata rejects the file and leaves caller buffers unchanged (3.11225ms)
✔ stream overflow is canceled, canceled work is discarded and changing the index invalidates in-flight validation (1.743041ms)
✔ empty installed index is explicit missing content, while private/executable pack manifests are rejected (0.322917ms)
✔ lost vision removes entity and replaces private state without mutating the prior frame (1.682042ms)
✔ protobuf retains large seed and currency values and new control/status fields (2.043542ms)
✔ display conversion and reconnect sequence retain boundaries (0.109042ms)
✔ SHA-256 fallback matches published empty, abc, multiblock and million-a vectors (44.090875ms)
✔ SHA-256 handles every padding boundary, sliced views, high bytes, and arbitrary binary blocks (61.31475ms)
✔ fallback snapshots input and yields during large-file hashing without accepting later mutations (294.713333ms)
✔ insecure-origin capability fallback uses CSPRNG UUIDv4 and never weak randomness (2.637083ms)
✔ editor handle stays 32 CSS pixels on square/rectangular resized grids and keeps exact anchor (0.535208ms)
✔ editor loads immutable first beauty frames, paints fixed icons and releases only owned sheets (2.12575ms)
✔ missing marker art and failed draw retain the callers vector fallback (0.11625ms)
✔ leaving during editor atlas loading cannot publish a stale frame and still releases resources (0.08925ms)
✔ a grouped paint/object/mission edit is one reversible transaction with detached snapshots (16.211ms)
✔ failed transactions are atomic; no-op and escaped edits cannot corrupt undo history (14.731833ms)
✔ undo history is bounded; editing after undo removes the abandoned redo branch (12.657959ms)
✔ resizing preserves surviving cells and objects for explicit repair; snapping is geometry only (7.241208ms)
✔ Go validation errors remain precise and prevent export and practice launch (182.859459ms)
✔ validation that races an edit is stale and can never authorize a launch (22.193834ms)
✔ editor exports verify checksums, preserve supported mission/presentation, and keep background edits dirty (22.188792ms)
✔ map and mission practice launches are validated, cannot mutate editor state, and retain the draft on return (36.506834ms)
✔ mission edits reject executable/non-JSON values and prototype paths without changing the document (26.158875ms)
✔ draft persistence is CAS protected and preserves exact portable documents (30.5445ms)
✔ a microtask edit after Go validation resolves cannot be substituted into a validated export (18.869083ms)
✔ a failed summary write aborts the entire draft save and keeps the dirty document available (10.551417ms)
✔ supported optional map arrays normalize without losing metadata, and mission corruption is detected on draft import (13.539375ms)
✔ draft deletion retains revisions across reopen so stale tabs cannot overwrite or delete recreated drafts (10.573833ms)
✔ schema-one draft migration preserves content and starts the tombstone above the old revision (5.098666ms)
✔ FX schema is immutable, supports shared variants and rejects invalid paths/frames/references (7.646083ms)
✔ FX PNG inspection rejects corruption, truncation, appended bytes and unsupported dimensions (1.347334ms)
✔ FX metadata loads once, pages load on demand, shared variants reuse frames, release owns all textures (99.716ms)
✔ FX wrong bytes fail before decode and explicit retry recovers, without silent replacement (4.40075ms)
✔ FX strict residency budget includes pending decode and evicts only old pages under pressure (17.845ms)
✔ FX late texture decode cannot resurrect a released session (2.015208ms)
✔ FX decoded image dimension mismatch is released and index integrity mismatch rejects init (9.043125ms)
✔ FX release during metadata fetch prevents late sheet installation (0.96625ms)
✔ FX optional absence preserves old art index; complete exact dependency graph is advertised (151.714792ms)
✔ FX partial/corrupt/unknown/symlink packs fail instead of advertising completion (78.574917ms)
✔ FX symlinked root and traversal metadata cannot escape the installed build (8.831ms)
✔ FX dev middleware serves checked exact bytes only and rejects traversal/unlisted/corrupt pages (46.191417ms)
✔ FX actual build hook packages referenced files with exact base-pack hashes; tampering rejects repack (39.601791ms)
✔ Copper Junction pilot binds unchanged map bytes and exactly ten mirrored public entries (11.544333ms)
✔ optional scenery is exact-byte verified after the public map passes Go validation (61.291583ms)
✔ a reused map ID/version cannot authorize scenery for different terrain, objects or starts (6.598667ms)
✔ corrupt optional bytes remain exportable and mismatched source bindings are rejected (2.67275ms)
✔ environment descriptors reject unsafe paths, unknown fields and excessive declared sizes (0.760917ms)
✔ cancellation and index replacement cannot install an in-flight scenery response (1.568792ms)
✔ environment decoder binds exact map bytes, rejects unsupported data and freezes detached output (14.542458ms)
✔ skins cannot invent object classes, missing actors, duplicates, factions or state (11.174041ms)
✔ solid props need the complete impassable safety area and opaque masses need real sight blocking (4.301084ms)
✔ scrub cannot invent cover, overlap dressing or float across mixed-height support (0.777333ms)
✔ bridge variants keep every internal road lane open in all four orientations (2.788166ms)
✔ public dressing follows exploration and skin rubble still requires Go disclosure (22.611584ms)
✔ Go maps with a null empty resource slice still disclose later shipment cargo (47.129625ms)
✔ public explored locations never invent initial cargo or station ownership (0.211625ms)
✔ only disclosed field and station facts update presentation memory; hidden changes do not (0.3585ms)
✔ dynamic shipment cargo follows real fields and coalesces old depleted shipments without timers (0.396084ms)
✔ rubble requires explicit selected-player disclosure and disappears exactly on rewind or perspective change (0.466ms)
✔ object art uses explicit legal classes and actual health/destruction independently of neutral enabled status (0.512625ms)
✔ aircraft empty payload and orbit art use only owner-private facts; observed service is public (3.703ms)
✔ launcher ready art never derives another player’s exact charges (0.372041ms)
✔ initial and reset flight states are stable; transitions only follow observed landing changes (2.173375ms)
✔ interrupted flight and crash remain continuous and settle on terrain without gameplay delay (0.483625ms)
✔ selection uses owned live entities and never treats remembered or enemy entities as commandable (5.924333ms)
✔ box and same-type screen selection preserve shift add/remove semantics without selecting fog memory (34.768375ms)
✔ control groups prune removed/captured units, retain embarked members and center only on deliberate double tap (0.394916ms)
✔ selection tokens change with composition, perspective and session but not with ordinary movement (0.171792ms)
✔ escape and actionable alerts return camera/menu intentions without changing selection (0.116958ms)
✔ native keyboard activation is not consumed as chat or alert navigation (1.949375ms)
✔ default and classic controls have no shortcut conflicts, including queued commands and groups (1.65025ms)
✔ remapping is transactional and detects overlaps introduced by the queue modifier (0.842917ms)
✔ accessible modifier toggles preserve normal shortcuts and clear cleanly on focus loss (0.172042ms)
✔ text entry, composition, disabled surfaces and already consumed events suppress battlefield shortcuts (0.119ms)
✔ standard and classic pointer presets return correct selection, targeting and queued command intentions (0.800708ms)
✔ map context transmits only explicit admission and verifies declared map hash before exposing map (16.9235ms)
✔ map moderator submits both displayed revisions and preserves reported evidence when author changes concurrently (2.761042ms)
✔ minimap paints an already paused snapshot immediately after attachment (8.411667ms)
✔ paused camera pan, zoom and resize repaint with a bounded cadence (0.376ms)
✔ mission and actual resize invalidation survive the paint throttle (1.079417ms)
✔ detach releases its resize observer and stops later camera painting (1.525709ms)
✔ stale cleanup cannot detach a newer attachment of the same canvas (0.466541ms)
✔ an attachment before the first authorized snapshot paints when it arrives (0.499208ms)
✔ radar keeps battlefield projection across maps and accessibility panel sizes (3.288375ms)
✔ late failed FX load cannot disclose a prior perspective through missing-art diagnostics (12.845375ms)
✔ actor fallback and payload diagnostics are derived from current visible actors (0.144666ms)
✔ original-force labels merge only selected faction and reject ambiguous or incompatible metadata (1.21175ms)
✔ marked forces contain only living currently-owned originals; carried members are counted without selecting their carrier (0.285833ms)
✔ authored objective markers resolve public regions and disappear only after authoritative completion (0.953417ms)
✔ mission marker loading rejects wrong versions, duplicate IDs, invalid regions and hidden/failure objectives (0.28925ms)
✔ operator credential remains memory-only, reviews use displayed revision and locking drops all evidence (29.894042ms)
✔ operator never sends credential to LAN or deceptively named hosts; malformed tokens stay local (0.735167ms)
✔ locking during a pending privileged request discards its response and does not resurrect operator state (0.623791ms)
✔ stale review keeps concrete evidence and requires explicit reload; writes are never retried automatically (1.316583ms)
✔ revoked operator credential clears previously loaded private evidence on server denial (1.468333ms)
✔ network guest can reach host without a profile; profile credentials stay out of public controller state (49.696959ms)
✔ ready proves matching Go version and actual asset loading; failure never sends ready flags (6.634333ms)
✔ configuration mutation during assets preflight uses captured revision and requires renewed readiness (19.48525ms)
✔ start installs real slot connection and validated host map, while slot token never enters observable state (5.753542ms)
✔ expired profile authentication produces recoverable local sign-in without deleting saves (14.31525ms)
✔ product sync requires explicit per-item decisions and preserves exact engine bytes through migration (31.291167ms)
✔ completed lobby recovers durable result for an eliminated socket without replaying commands (7.225458ms)
✔ chat reads every retained page, displays new messages beyond the first 100 and removes newly filtered history (8.404459ms)
✔ expired profile can create a replacement identity without inheriting old lobby membership or deleting files (9.578625ms)
✔ profile replacement without a lobby clears private reports, host copies and prior notices immediately (1.599792ms)
✔ credential expiry removes report evidence from public state even without a lobby (4.706416ms)
✔ workshop preparation never uploads implicitly; explicit private write uses reviewed revision and stale writes preserve preview (2.894ms)
✔ leaving an active online session stops automatic re-entry while explicit reconnect remains available (3.90775ms)
✔ missing retained lobby recovers only an exact durable result and never rejoins a frozen participant (1.512208ms)
✔ missing lobby without a committed record stays unresolved and transient history failures can retry (2.171542ms)
✔ recorded history is available without a lobby and is cleared on profile change (6.569ms)
✔ delayed observer installs no early world state, authenticates only through header and rejects every command/clock mutation (236.103167ms)
✔ observer rejects wrong perspective, metadata, player command receipts and changed delay before publishing (4.870875ms)
✔ observer reconnect preserves last permitted snapshot and rejects a rewind or terminal authorization loss (0.714333ms)
✔ disposing while a response is in flight cannot publish a stale observer frame or restart polling (0.265917ms)
✔ transient background observer failure retries without repeated command-error dialogs and clears the status on recovery (608.100416ms)
✔ disposing during buffered response decoding leaves the feed closed (22.683292ms)
✔ completed content upgrades remain coherent offline; corrupt staging cannot activate or delete old packs (60.155917ms)
✔ elimination terminal preserves final permitted frame and stops reconnect without generic runtime error (386.214208ms)
✔ owner operation preview preserves all three exact Go routes and deadlines without retaining response aliases (1.289583ms)
✔ operation preview rejects mismatched intent, duplicate plans, invalid coordinates/times and independent disclosure (1.847375ms)
✔ LAN preview exposes plans only through validated sequential advice and never turns estimates into certainty (29.499959ms)
✔ strike review waits for advice, binds immutable targets, cancels stale responses and confirms only once (1.863209ms)
✔ older runtimes and rejected previews cannot confirm a strike (1.218708ms)
✔ rejected ground feedback copies only a finite explicit local order position (1.326291ms)
✔ ordinary planned command receives exactly one current owner rejection marker and preserves the authoritative queue (1.557333ms)
✔ accepted, foreign, reset and disconnected receipts never paint stale rejection positions (0.642792ms)
✔ rejected marker stays bounded, static and expires without altering snapshots or looking up entities (0.716208ms)
✔ out-of-order batch receipts each acknowledge once without dropping earlier entries (0.244667ms)
✔ owner ranges keep exact Go values and only actual public assignments, detached from wire (2.1825ms)
✔ old runtimes, allies, enemies, embarked and destroyed actors never acquire guessed ranges (0.342375ms)
✔ assignment links require matching live public warning and unexpired exact ID (0.535042ms)
✔ zero perception is explicit, malformed metadata fails closed and paused/full time stays absent (0.153875ms)
✔ selection of a ready defense requires exact Go readiness consistent with its tick and charges (0.079917ms)
✔ construction ghost waits for body beauty, keeps physical @2x scale, and suppresses unmatched turret paint (3.329541ms)
✔ cleared, switched and disposed proposals reject late art admission (1.954791ms)
✔ final interceptor launch uses an empty rack only for disclosed owned charges (1.850166ms)
✔ owned structural battery art preserves priority and known charge count with legacy fallback (0.932792ms)
✔ cosmetic squad casualties follow only disclosed health and restore with healing (0.253083ms)
✔ authoritative support and channel names select their authored work animation (0.251ms)
✔ deployment, packing and damage cannot disappear behind ordinary idle art (0.260041ms)
✔ boarding receiver context opens only authored doors and blocked unloading keeps them open (0.292834ms)
✔ building animations follow known power and service facts without disclosing enemy assignments (0.769833ms)
✔ F1 straight fog edges make each boundary fan coplanar, removing the centre-to-corner crease (13.908917ms)
✔ F1 fully visible interiors stay exactly clear and an all-visible fragment needs no fog (3.514792ms)
✔ F1 unknown/remembered vertices are unchanged, visible vertices never drop, and only fan centres rise (capped) (82.015416ms)
✔ F1 a lone visible tile becomes a flat capped patch, identical across depth fragments (7.71675ms)
✔ F1 topology reads every tile the far corners touch, so changed-tile memoization sees them; geometry untouched (1.584167ms)
✔ F5 last-seen tag follows the UI scale and never falls below 11px (1.0595ms)
✔ offline discontinuity arrives before replacement snapshots, but ordinary ticks do not reset effects (3.551292ms)
✔ production navigation keeps the chosen facility while combat selection changes (1.712292ms)
✔ producer focus discards dead, carried, removed and foreign sources without inferring availability (0.171042ms)
✔ sidebar advice never leaks production actions into selected troops or mutates Go advice (0.08225ms)
✔ campaign completion is idempotent across tabs and replay playback never updates progression (20.310959ms)
✔ future progress schema and invalid completion remain untouched (7.070083ms)
✔ damaged progress records cannot turn counters into invalid values (3.606125ms)
✔ practice results cannot update campaign progress even when mislabeled as live by a caller (1.388209ms)
✔ point-target reach preserves distance from circular and rectangular firing footprints (2.869833ms)
✔ range modes never substitute public base sight/detection for absent owner disclosure (0.308417ms)
✔ recorded result reads only authenticated result metadata and preserves original payload bytes (1.083292ms)
✔ frozen result cue requires matching committed result and never replaces live or observer state (0.167917ms)
✔ reports send participant context only and propagate quota without retrying (19.197625ms)
✔ own report paging encodes cursors and history retains the exact result payload (0.412791ms)
✔ conflict preview displays both timestamps and mission progress, with unchanged large integer engine bytes (41.695917ms)
✔ guest migration previews exact stable copy targets and unsupported local-only items before explicit choices (35.155375ms)
✔ any local or remote revision change after preview blocks all writes before execution (17.591709ms)
✔ copying remote data to a manual local target preserves exact bytes and requires human commander choices (8.201375ms)
✔ cancellation after a completed copy stops remaining copies and never rolls back by deleting files (7.270333ms)
✔ an uncertain network write is reported honestly and never retried automatically (6.70225ms)
✔ preview tampering cannot redirect targets or authorize another account (7.538542ms)
✔ incompatible saves remain intact and can only be skipped or mapped to a separate destination (4.798042ms)
✔ settings previews expose missing host timestamps and use both local and host revision checks (4.213417ms)
✔ a source edit during upload remains local and the receipt identifies that the reviewed snapshot was copied (6.916709ms)
✔ host CAS still protects a change that occurs after preflight, and pre-start cancellation writes nothing (6.232292ms)
✔ destination names are part of the reviewed copy mapping and obey actual host byte limits (7.471709ms)
✔ delete/recreate before preflight is detected even if the revision number repeats (9.418625ms)
✔ campaign preview compares actual mission records and timestamps; explicit replacement preserves authoritative results elsewhere (12.217208ms)
✔ campaign remote changes and CAS races preserve both revisions; uncertain writes are not retried (8.867916ms)
✔ campaign upload preserves a concurrently updated local ledger and never crosses account context (13.660417ms)
✔ future or malformed campaign ledger remains preserved and cannot overwrite a supported copy (8.905833ms)
✔ metadata-only archive selection supports more than64 files and downloads selected files only (15.073875ms)
✔ inventory selected revision changes reject before downloading, and account changes invalidate selection (21.704333ms)
✔ unknown host sizes reserve64MiB and aggregate byte bound applies before selected payload downloads (4.255042ms)
✔ real source heights support the actual service center/grid, highest plane and zero-height ground distinctly (2.419416ms)
✔ retained physical footprint and sim-local axes determine support, not the converted faction capacity (1.182417ms)
✔ edge/vertex sampling is inclusive for either winding but outside collinear extensions remain ground (1.267792ms)
✔ invalid or invented support metadata cannot supply a blanket lift (0.835584ms)
✔ an eliminated online commander has a frozen badge regardless of stale pause, without changing the permitted snapshot (1.358791ms)
✔ observer, paused and replay labels retain priority; only a real finished snapshot labels the battlefield ended (0.450208ms)
✔ terminal and disconnected menus never display old teammate, latency or shared-pause data as current (0.493583ms)
✔ failed replacement retains live match, successful replacement disposes it once (1.996416ms)
✔ a slower canceled launch cannot overwrite the latest session (0.300625ms)
✔ replay skips autosave, has read-only save/restart controls, and releases worker on menu (0.308958ms)
✔ manual save cannot write a newly selected session under an old request (0.233541ms)
✔ new restart session has a new autosave identity and remains paused until UI resumes (0.287209ms)
✔ observer replacement is read-only, may buffer without a snapshot, and never creates autosaves (0.230375ms)
✔ only the exact currently disclosed owned sale suppresses its cleanup destruction (0.534625ms)
✔ owned sale retains sell audio without explosion or building-lost announcement; combat death remains (2.056792ms)
✔ sale cleanup cannot cause actor death feedback or camera shake (0.40975ms)
✔ authored reverse aliases retain progress and map all layers/hardpoints to exact source poses (0.985292ms)
✔ concurrent save edits have exactly one winner and preserve the conflict (26.756459ms)
✔ three autosaves rotate atomically without consuming manual saves (18.598458ms)
✔ export/import preserves exact large integer bytes and previews existing records (8.901083ms)
✔ settings use a separate revision and failed validation leaves saves untouched (2.651042ms)
✔ backup restores saves/settings/progress/replays together with explicit decisions and exact bytes (46.109042ms)
✔ backup conflict aborts every selected write and keeps both versions available (14.519125ms)
✔ failed backup write rolls back earlier writes and never discards the source (5.877375ms)
✔ unsupported backup and mixed incompatible save preserve exact originals for later recovery (3.847042ms)
✔ preview mutations cannot bypass validation or overwrite a revision not reviewed (4.897ms)
✔ replay validation is bounded, integrity checked, CAS protected, and corrupt files remain exportable (2.26725ms)
✔ schema upgrade preserves version-one saves and future databases are never downgraded (19.38475ms)
✔ settings reject malformed JSON, byte limits and invalid revisions without replacing existing data (9.841792ms)
✔ an unreadable backup can be kept byte for byte without replacing current records (1.248375ms)
✔ deleted save and replay IDs never reuse revisions across tabs and reopen (3.920541ms)
✔ atomic backup CAS rejects delete/recreate races; backup restore and autosave respect tombstones (4.87ms)
✔ legacy revisions migrate to durable high-water marks without rewriting their bytes (2.069083ms)
✔ revision exhaustion fails safely and never wraps an existing save (2.897542ms)
✔ campaign backup validation preserves malformed story originals without replacing a supported local ledger (4.334333ms)
✔ browser backup streams cursor records without retaining all raw archive payloads (27.795125ms)
✔ world-space rings preserve exact radius at every sample, including large zones (1.025792ms)
✔ caption semantics retain pending launch versus impact and round up the last live tick (0.111917ms)
✔ coincident and nearby salvo captions remain separate without moving their target points (0.537916ms)
✔ command symbols distinguish target, ground, queued guard, patrol and return intent (0.08325ms)
✔ restored ping baseline survives selection refresh; new pings expire and remain bounded (0.200208ms)
✔ all 28 catalog weapons retain exact splash; known artillery and tactical radii are world units (1.373625ms)
✔ hidden warning coordinates do not become projectile bodies or launch routes; unknown strategic radii stay explicit (0.239875ms)
✔ operation semantics distinguish actual impact, pending launch, observed arrival and raid exits (0.297792ms)
✔ zones use exact authorized radius/start/until including preparation, expiry and rewind (0.231792ms)
✔ endgame structure pulses remain minimap-only and defeat deadlines come from player summaries (0.102458ms)
✔ own order intentions never turn target-only defaults or stale memory into routes (0.435834ms)
✔ return uses only current owned home intent; rally sentinel and foreign private state are not displayed (1.352584ms)
✔ range references use actual max_range and retained footprint, never silently become hit eligibility (0.435166ms)
✔ semantic event cues retain uncertainty, attacker-owned interception, and authorized scopes (0.177ms)
✔ pure snapshots rebuild without sharing mutable geometry, clocks, playback state or quality budgets (0.219958ms)
✔ cosmetic projectile choices reference manifest effects without inventing installed art or interceptor trajectories (8.01275ms)
✔ optional instance splash overrides catalog and explicit body visibility preserves presence semantics (0.38125ms)
✔ operation splash is authoritative only for blast warnings; missing or invalid radii never get invented (0.322708ms)
✔ open ground never displays the cover or rubble material, across broad material transitions (13.424208ms)
✔ water, shore and beach remain distinct without changing gameplay terrain (4.967375ms)
✔ low scree only dresses open neighbors of real rock and never changes their rules (4.375041ms)
✔ flat surface preserves the original isometric projection and exact roundtrips, including partial chunks (37.936333ms)
✔ all passable road/open/ramp height joins share exact geometry and are traversable in all four directions (5.373625ms)
✔ disconnected diagonal walkable sectors do not average across impassable tiles (0.533666ms)
✔ raised plateau centers and conservative map bounds include the full four-level lift (0.817042ms)
✔ face picking selects the actual near cliff surface and returns its blocked owner rather than lower ground (0.496125ms)
✔ arbitrary valid height maps have exact projected intersections and no duplicate edge ownership (11.689416ms)
✔ fog geometry always uses conservative owner disclosure and does not mutate visible arrays (0.184167ms)
✔ mixed-height structure support has an exact clipped perimeter and never mutates terrain or invents placement validity (0.358375ms)
✔ surface is an immutable public-map snapshot and rejects unsupported heights (0.415958ms)
✔ two boarders deduplicate exact explicit receiver (3.932375ms)
✔ one interrupted boarder does not hide the remaining boarder (1.814625ms)
✔ all interrupted boarders immediately clear doors (0.820083ms)
✔ completion or expired channel does not linger (5.331542ms)
✔ moving approach orders alone do not open doors (1.487042ms)
✔ missing receiver remains unknown despite nearby airlift (0.8535ms)
✔ foreign receiver is not inferred or opened (0.556458ms)
✔ foreign passenger with artificial private data is ignored (0.364375ms)
✔ no private order means unknown even with public board state (0.544583ms)
✔ queued target does not replace active head order (0.549875ms)
✔ destroyed receiver closes independently of old order (0.501542ms)
✔ disabled receiver closes independently of old order (0.324958ms)
✔ neutral garrison requires exact disclosed target (0.355042ms)
✔ multiple receivers sorted independent of snapshot order (0.360875ms)
✔ reconnect/replay snapshot without active boarders clears context (0.259958ms)
✔ tutorial gesture memory merges tab updates, survives restart, isolates mission versions and never grants campaign progress (13.434625ms)
✔ incompatible tutorial memory stays preserved (1.374917ms)
✔ transport input lessons persist independently of authoritative world objectives (2.834625ms)
ℹ tests 483
ℹ suites 0
ℹ pass 483
ℹ fail 0
ℹ cancelled 0
ℹ skipped 0
ℹ todo 0
ℹ duration_ms 2814.649667
