=== RUN   TestAuthoredSkirmishAcceptance
=== RUN   TestAuthoredSkirmishAcceptance/four-ffa
    authored_skirmish_acceptance_test.go:292: four-ffa minute1 actors22
    authored_skirmish_acceptance_test.go:292: four-ffa minute2 actors38
    authored_skirmish_acceptance_test.go:292: four-ffa minute3 actors50
    authored_skirmish_acceptance_test.go:292: four-ffa minute4 actors69
    authored_skirmish_acceptance_test.go:292: four-ffa minute5 actors69
    authored_skirmish_acceptance_test.go:292: four-ffa minute6 actors63
    authored_skirmish_acceptance_test.go:292: four-ffa minute7 actors64
    authored_skirmish_acceptance_test.go:292: four-ffa minute8 actors71
    authored_skirmish_acceptance_test.go:292: four-ffa minute9 actors72
    authored_skirmish_acceptance_test.go:292: four-ffa minute10 actors68
    authored_skirmish_acceptance_test.go:292: four-ffa minute11 actors57
    authored_skirmish_acceptance_test.go:292: four-ffa minute12 actors65
    authored_skirmish_acceptance_test.go:292: four-ffa minute13 actors66
    authored_skirmish_acceptance_test.go:292: four-ffa minute14 actors71
    authored_skirmish_acceptance_test.go:292: four-ffa minute15 actors65
    authored_skirmish_acceptance_test.go:292: four-ffa minute16 actors64
    authored_skirmish_acceptance_test.go:292: four-ffa minute17 actors57
    authored_skirmish_acceptance_test.go:292: four-ffa minute18 actors57
    authored_skirmish_acceptance_test.go:292: four-ffa minute19 actors49
    authored_skirmish_acceptance_test.go:292: four-ffa minute20 actors46
    authored_skirmish_acceptance_test.go:292: four-ffa minute21 actors42
    authored_skirmish_acceptance_test.go:371: four-ffa map=border-depots tick=25901 outcome={Finished:true Draw:false WinningTeam:4 Reason:elimination Tick:25901} hash=dbea9bc72cb06401d62dc0ca892d453d8e784bc8719f60bc1128ab60b3b44c98 fullReplay=true issues=[]
--- PASS: TestAuthoredSkirmishAcceptance (23.56s)
    --- PASS: TestAuthoredSkirmishAcceptance/four-ffa (23.56s)
PASS
