=== RUN   TestAuthoredSkirmishAcceptance
=== RUN   TestAuthoredSkirmishAcceptance/mirror-SY
    authored_skirmish_acceptance_test.go:292: mirror-SY minute1 actors14
    authored_skirmish_acceptance_test.go:292: mirror-SY minute2 actors21
    authored_skirmish_acceptance_test.go:292: mirror-SY minute3 actors26
    authored_skirmish_acceptance_test.go:292: mirror-SY minute4 actors37
    authored_skirmish_acceptance_test.go:292: mirror-SY minute5 actors40
    authored_skirmish_acceptance_test.go:292: mirror-SY minute6 actors44
    authored_skirmish_acceptance_test.go:292: mirror-SY minute7 actors47
    authored_skirmish_acceptance_test.go:292: mirror-SY minute8 actors52
    authored_skirmish_acceptance_test.go:292: mirror-SY minute9 actors51
    authored_skirmish_acceptance_test.go:292: mirror-SY minute10 actors53
    authored_skirmish_acceptance_test.go:292: mirror-SY minute11 actors50
    authored_skirmish_acceptance_test.go:292: mirror-SY minute12 actors50
    authored_skirmish_acceptance_test.go:292: mirror-SY minute13 actors50
    authored_skirmish_acceptance_test.go:292: mirror-SY minute14 actors52
    authored_skirmish_acceptance_test.go:292: mirror-SY minute15 actors52
    authored_skirmish_acceptance_test.go:292: mirror-SY minute16 actors51
    authored_skirmish_acceptance_test.go:292: mirror-SY minute17 actors52
    authored_skirmish_acceptance_test.go:292: mirror-SY minute18 actors48
    authored_skirmish_acceptance_test.go:371: mirror-SY map=dry-river tick=22137 outcome={Finished:true Draw:false WinningTeam:1 Reason:elimination Tick:22137} hash=db99a2eb3ec2a4dfd4b2aea7b7e9166d532897ea64f0c34bc0cb0fe7cff87a93 fullReplay=true issues=[]
--- PASS: TestAuthoredSkirmishAcceptance (8.97s)
    --- PASS: TestAuthoredSkirmishAcceptance/mirror-SY (8.97s)
PASS
