=== RUN   TestAuthoredSkirmishAcceptance
=== RUN   TestAuthoredSkirmishAcceptance/mirror-IR
    authored_skirmish_acceptance_test.go:292: mirror-IR minute1 actors14
    authored_skirmish_acceptance_test.go:292: mirror-IR minute2 actors20
    authored_skirmish_acceptance_test.go:292: mirror-IR minute3 actors27
    authored_skirmish_acceptance_test.go:292: mirror-IR minute4 actors36
    authored_skirmish_acceptance_test.go:292: mirror-IR minute5 actors46
    authored_skirmish_acceptance_test.go:292: mirror-IR minute6 actors41
    authored_skirmish_acceptance_test.go:292: mirror-IR minute7 actors46
    authored_skirmish_acceptance_test.go:292: mirror-IR minute8 actors49
    authored_skirmish_acceptance_test.go:292: mirror-IR minute9 actors50
    authored_skirmish_acceptance_test.go:292: mirror-IR minute10 actors55
    authored_skirmish_acceptance_test.go:292: mirror-IR minute11 actors59
    authored_skirmish_acceptance_test.go:292: mirror-IR minute12 actors61
    authored_skirmish_acceptance_test.go:292: mirror-IR minute13 actors56
    authored_skirmish_acceptance_test.go:292: mirror-IR minute14 actors58
    authored_skirmish_acceptance_test.go:292: mirror-IR minute15 actors60
    authored_skirmish_acceptance_test.go:292: mirror-IR minute16 actors53
    authored_skirmish_acceptance_test.go:292: mirror-IR minute17 actors52
    authored_skirmish_acceptance_test.go:292: mirror-IR minute18 actors59
    authored_skirmish_acceptance_test.go:292: mirror-IR minute19 actors59
    authored_skirmish_acceptance_test.go:292: mirror-IR minute20 actors61
    authored_skirmish_acceptance_test.go:292: mirror-IR minute21 actors59
    authored_skirmish_acceptance_test.go:292: mirror-IR minute22 actors59
    authored_skirmish_acceptance_test.go:292: mirror-IR minute23 actors61
    authored_skirmish_acceptance_test.go:292: mirror-IR minute24 actors64
    authored_skirmish_acceptance_test.go:292: mirror-IR minute25 actors63
    authored_skirmish_acceptance_test.go:292: mirror-IR minute26 actors59
    authored_skirmish_acceptance_test.go:371: mirror-IR map=relay-heights tick=31225 outcome={Finished:true Draw:false WinningTeam:1 Reason:elimination Tick:31225} hash=d64ac67ed432215f7f414b04ccecb0f35e9f43aff700cb8332fe6abfa04e50f1 fullReplay=true issues=[]
--- PASS: TestAuthoredSkirmishAcceptance (44.90s)
    --- PASS: TestAuthoredSkirmishAcceptance/mirror-IR (44.90s)
PASS
