=== RUN   TestAuthoredSkirmishAcceptance
=== RUN   TestAuthoredSkirmishAcceptance/mirror-SA
    authored_skirmish_acceptance_test.go:292: mirror-SA minute1 actors12
    authored_skirmish_acceptance_test.go:292: mirror-SA minute2 actors20
    authored_skirmish_acceptance_test.go:292: mirror-SA minute3 actors26
    authored_skirmish_acceptance_test.go:292: mirror-SA minute4 actors35
    authored_skirmish_acceptance_test.go:292: mirror-SA minute5 actors42
    authored_skirmish_acceptance_test.go:292: mirror-SA minute6 actors47
    authored_skirmish_acceptance_test.go:292: mirror-SA minute7 actors47
    authored_skirmish_acceptance_test.go:292: mirror-SA minute8 actors43
    authored_skirmish_acceptance_test.go:292: mirror-SA minute9 actors41
    authored_skirmish_acceptance_test.go:292: mirror-SA minute10 actors42
    authored_skirmish_acceptance_test.go:292: mirror-SA minute11 actors44
    authored_skirmish_acceptance_test.go:292: mirror-SA minute12 actors47
    authored_skirmish_acceptance_test.go:292: mirror-SA minute13 actors50
    authored_skirmish_acceptance_test.go:292: mirror-SA minute14 actors50
    authored_skirmish_acceptance_test.go:371: mirror-SA map=border-depots tick=17875 outcome={Finished:true Draw:false WinningTeam:1 Reason:elimination Tick:17875} hash=7991d82c8671d50d7ce4f844fd55fc95891804b0dda5c2ac8ee2f4e718b22ea3 fullReplay=true issues=[]
--- PASS: TestAuthoredSkirmishAcceptance (8.74s)
    --- PASS: TestAuthoredSkirmishAcceptance/mirror-SA (8.74s)
PASS
