=== RUN   TestAuthoredSkirmishAcceptance
=== RUN   TestAuthoredSkirmishAcceptance/pair-US-IR
    authored_skirmish_acceptance_test.go:292: pair-US-IR minute1 actors14
    authored_skirmish_acceptance_test.go:292: pair-US-IR minute2 actors23
    authored_skirmish_acceptance_test.go:292: pair-US-IR minute3 actors31
    authored_skirmish_acceptance_test.go:292: pair-US-IR minute4 actors39
    authored_skirmish_acceptance_test.go:292: pair-US-IR minute5 actors44
    authored_skirmish_acceptance_test.go:292: pair-US-IR minute6 actors42
    authored_skirmish_acceptance_test.go:292: pair-US-IR minute7 actors45
    authored_skirmish_acceptance_test.go:292: pair-US-IR minute8 actors44
    authored_skirmish_acceptance_test.go:292: pair-US-IR minute9 actors40
    authored_skirmish_acceptance_test.go:292: pair-US-IR minute10 actors43
    authored_skirmish_acceptance_test.go:292: pair-US-IR minute11 actors46
    authored_skirmish_acceptance_test.go:292: pair-US-IR minute12 actors50
    authored_skirmish_acceptance_test.go:292: pair-US-IR minute13 actors52
    authored_skirmish_acceptance_test.go:292: pair-US-IR minute14 actors50
    authored_skirmish_acceptance_test.go:292: pair-US-IR minute15 actors48
    authored_skirmish_acceptance_test.go:292: pair-US-IR minute16 actors50
    authored_skirmish_acceptance_test.go:292: pair-US-IR minute17 actors50
    authored_skirmish_acceptance_test.go:371: pair-US-IR map=copper-junction tick=21107 outcome={Finished:true Draw:false WinningTeam:1 Reason:elimination Tick:21107} hash=7a26837d78b10353454c5daca2bc7203fcabdf01118c5b75ca051ea3cf4feafe fullReplay=true issues=[]
--- PASS: TestAuthoredSkirmishAcceptance (7.04s)
    --- PASS: TestAuthoredSkirmishAcceptance/pair-US-IR (7.03s)
PASS
