=== RUN   TestAuthoredSkirmishAcceptance
=== RUN   TestAuthoredSkirmishAcceptance/pair-IR-SY
    authored_skirmish_acceptance_test.go:292: pair-IR-SY minute1 actors20
    authored_skirmish_acceptance_test.go:292: pair-IR-SY minute2 actors32
    authored_skirmish_acceptance_test.go:292: pair-IR-SY minute3 actors40
    authored_skirmish_acceptance_test.go:292: pair-IR-SY minute4 actors50
    authored_skirmish_acceptance_test.go:292: pair-IR-SY minute5 actors50
    authored_skirmish_acceptance_test.go:292: pair-IR-SY minute6 actors55
    authored_skirmish_acceptance_test.go:292: pair-IR-SY minute7 actors61
    authored_skirmish_acceptance_test.go:292: pair-IR-SY minute8 actors60
    authored_skirmish_acceptance_test.go:292: pair-IR-SY minute9 actors61
    authored_skirmish_acceptance_test.go:292: pair-IR-SY minute10 actors62
    authored_skirmish_acceptance_test.go:292: pair-IR-SY minute11 actors62
    authored_skirmish_acceptance_test.go:292: pair-IR-SY minute12 actors62
    authored_skirmish_acceptance_test.go:292: pair-IR-SY minute13 actors61
    authored_skirmish_acceptance_test.go:292: pair-IR-SY minute14 actors59
    authored_skirmish_acceptance_test.go:371: pair-IR-SY map=industrial-valley tick=17344 outcome={Finished:true Draw:false WinningTeam:2 Reason:elimination Tick:17344} hash=dd1da40c5fa413f2d300c108bbaee8f437c5923ae5c6535f98bc014af39e6b24 fullReplay=true issues=[]
--- PASS: TestAuthoredSkirmishAcceptance (14.93s)
    --- PASS: TestAuthoredSkirmishAcceptance/pair-IR-SY (14.93s)
PASS
