=== RUN   TestAuthoredSkirmishAcceptance
=== RUN   TestAuthoredSkirmishAcceptance/pair-SY-SA
    authored_skirmish_acceptance_test.go:292: pair-SY-SA minute1 actors38
    authored_skirmish_acceptance_test.go:292: pair-SY-SA minute2 actors46
    authored_skirmish_acceptance_test.go:292: pair-SY-SA minute3 actors53
    authored_skirmish_acceptance_test.go:292: pair-SY-SA minute4 actors63
    authored_skirmish_acceptance_test.go:292: pair-SY-SA minute5 actors71
    authored_skirmish_acceptance_test.go:292: pair-SY-SA minute6 actors70
    authored_skirmish_acceptance_test.go:292: pair-SY-SA minute7 actors72
    authored_skirmish_acceptance_test.go:292: pair-SY-SA minute8 actors73
    authored_skirmish_acceptance_test.go:292: pair-SY-SA minute9 actors75
    authored_skirmish_acceptance_test.go:292: pair-SY-SA minute10 actors70
    authored_skirmish_acceptance_test.go:292: pair-SY-SA minute11 actors67
    authored_skirmish_acceptance_test.go:292: pair-SY-SA minute12 actors70
    authored_skirmish_acceptance_test.go:292: pair-SY-SA minute13 actors64
    authored_skirmish_acceptance_test.go:292: pair-SY-SA minute14 actors66
    authored_skirmish_acceptance_test.go:292: pair-SY-SA minute15 actors68
    authored_skirmish_acceptance_test.go:292: pair-SY-SA minute16 actors69
    authored_skirmish_acceptance_test.go:292: pair-SY-SA minute17 actors70
    authored_skirmish_acceptance_test.go:371: pair-SY-SA map=port-outskirts tick=21427 outcome={Finished:true Draw:false WinningTeam:2 Reason:elimination Tick:21427} hash=a6af04403dd6787d153d22481e70f8d50237751a91b66bb906b298a529c0aaba fullReplay=true issues=[]
--- PASS: TestAuthoredSkirmishAcceptance (9.40s)
    --- PASS: TestAuthoredSkirmishAcceptance/pair-SY-SA (9.40s)
PASS
