=== RUN   TestAuthoredSkirmishAcceptance
=== RUN   TestAuthoredSkirmishAcceptance/three-ffa
    authored_skirmish_acceptance_test.go:292: three-ffa minute1 actors26
    authored_skirmish_acceptance_test.go:292: three-ffa minute2 actors40
    authored_skirmish_acceptance_test.go:292: three-ffa minute3 actors52
    authored_skirmish_acceptance_test.go:292: three-ffa minute4 actors65
    authored_skirmish_acceptance_test.go:292: three-ffa minute5 actors64
    authored_skirmish_acceptance_test.go:292: three-ffa minute6 actors70
    authored_skirmish_acceptance_test.go:292: three-ffa minute7 actors76
    authored_skirmish_acceptance_test.go:292: three-ffa minute8 actors78
    authored_skirmish_acceptance_test.go:292: three-ffa minute9 actors74
    authored_skirmish_acceptance_test.go:292: three-ffa minute10 actors84
    authored_skirmish_acceptance_test.go:292: three-ffa minute11 actors89
    authored_skirmish_acceptance_test.go:292: three-ffa minute12 actors88
    authored_skirmish_acceptance_test.go:292: three-ffa minute13 actors86
    authored_skirmish_acceptance_test.go:292: three-ffa minute14 actors78
    authored_skirmish_acceptance_test.go:292: three-ffa minute15 actors75
    authored_skirmish_acceptance_test.go:292: three-ffa minute16 actors78
    authored_skirmish_acceptance_test.go:292: three-ffa minute17 actors79
    authored_skirmish_acceptance_test.go:292: three-ffa minute18 actors78
    authored_skirmish_acceptance_test.go:292: three-ffa minute19 actors78
    authored_skirmish_acceptance_test.go:292: three-ffa minute20 actors70
    authored_skirmish_acceptance_test.go:292: three-ffa minute21 actors69
    authored_skirmish_acceptance_test.go:292: three-ffa minute22 actors70
    authored_skirmish_acceptance_test.go:292: three-ffa minute23 actors68
    authored_skirmish_acceptance_test.go:292: three-ffa minute24 actors69
    authored_skirmish_acceptance_test.go:292: three-ffa minute25 actors72
    authored_skirmish_acceptance_test.go:292: three-ffa minute26 actors75
    authored_skirmish_acceptance_test.go:292: three-ffa minute27 actors74
    authored_skirmish_acceptance_test.go:292: three-ffa minute28 actors75
    authored_skirmish_acceptance_test.go:371: three-ffa map=industrial-valley tick=33976 outcome={Finished:true Draw:false WinningTeam:3 Reason:elimination Tick:33976} hash=2235cd45f17fd57c87e5421d7d9cc154c0d1cd54265d8f6755696a492763928a fullReplay=true issues=[]
--- PASS: TestAuthoredSkirmishAcceptance (48.83s)
    --- PASS: TestAuthoredSkirmishAcceptance/three-ffa (48.83s)
PASS
