
> frontline-command-client@0.1.0 test:runtime
> node scripts/runtime/test.mjs

✔ guest solo needs no profile; remembered local profiles restore without appearing in state or game backups (81.174083ms)
✔ 401 becomes a recoverable sign-in state and removes only the rejected token (5.643667ms)
✔ offline restore retains remembered credentials and a later successful service request recovers (74.021917ms)
✔ tokens are host scoped and stale logout cannot erase a newer remembered profile (14.539916ms)
✔ session-only sign-in clears the prior remembered credential and logout preserves gameplay files (19.203209ms)
✔ credential vault CAS rejects cross-tab replacement without exposing tokens in error details (27.583667ms)
✔ credential revisions survive logout/recreation, rejecting stale writes and stale cleanup of the same token (15.977833ms)
✔ schema-one credentials migrate without token loss and seed the next revision after removal (12.078ms)
✔ stale session logout cannot remove the same token restored into a newer credential generation (24.877833ms)
✔ explicit private sign-in keys restore only their exact host and verified profile; never public state or backups (12.82725ms)
✔ sign-in key parsing rejects malformed, oversized and unsupported files without exposing token in errors (4.651583ms)
✔ profile changes during asynchronous key reads reject before adopting the old exported account (4.004083ms)
✔ a new structural condition interrupts a current real ActorVisual launch and cannot revive it (13.248209ms)
✔ strategic activation respects structural low power while enemy charge privacy stays generic (0.148959ms)
✔ actor effect deadlines use exact Go ticks including indefinite aura and expire without cooldown guesses (10.525167ms)
✔ only the owner receives magazine, ambush, service and emergency countdown information (2.565833ms)
✔ runtime without new metadata never starts an invented emergency timer or active buff (3.754209ms)
✔ a retained Return order does not label a landed aircraft as still returning (2.807625ms)
✔ known public effects remain visible on foreign authorized actors without private economy (2.378958ms)
✔ channel progress and countdown come from Go state, and cancellation removes them (3.746625ms)
✔ charges use the actual Go catalog while ABM count does not invent a capacity (0.62775ms)
✔ unknown/malformed/internal effects and contained or destroyed actors have no labels (0.232417ms)
✔ air production service wait is an owner-only unavailable badge, not a guessed capacity count (3.256458ms)
✔ only the active Return order describes current return flight (1.522917ms)
✔ current owned inactive home distinguishes paused service from low power and unknown home data (4.818ms)
✔ grounded emergency no-home warning remains distinct from takeoff deadline and airborne endurance (1.697542ms)
✔ only explicit recoverable advisor failures become nonblocking feedback (0.53375ms)
✔ background timeout never opens global error dialog; stale production is disabled and later Go advice restores it (1.170625ms)
✔ recovery preserves newer unrelated notices and unrelated failures still reach global error path (0.233166ms)
✔ a late failure for an obsolete selection does not change controls or notices (0.190708ms)
✔ explicit order advice failure sends nothing and never automatically resubmits the command (1.007208ms)
✔ LAN advice uses only slot auth, preserves orders and exposes uncertainty (192.178417ms)
✔ advice rejects wrong player, unexpected IDs, tick and result acceptance (3.260417ms)
✔ one advice request is pending and stale selection discards its response (0.829375ms)
✔ advice respects request bounds and propagates rate error without retries (0.710667ms)
✔ production menu status remains independent, bounded and authorized (2.57675ms)
✔ ready offline environment prefetches selection-wide affordances then separates alternatives from final orders (39.9265ms)
✔ ready environment guards session changes during affordance prefetch and batch validation (0.589083ms)
✔ online environment shares a paced request budget and uses independent candidate mode before sequential final check (527.316541ms)
✔ canceling a paced advice update prevents a second network request (0.925042ms)
✔ advice pacing starts after dispatch even when request setup is delayed (1.195541ms)
✔ actual aircraft poses retain current owned empty payload through parked, service, damage and final-shot cues (9.691833ms)
✔ payload appearance checks current viewer, current owner and current private data every time (0.353959ms)
✔ all departure/recovery aliases keep canonical frame clocks and altitude when payload changes (0.401ms)
✔ missing empty variants stay explicit incomplete art without changing authoritative state (0.1385ms)
✔ a decoding atlas cannot retain stale payload pixels across empty or viewer boundaries (0.87075ms)
✔ atlas mask preserves faint body opacity across byte and row boundaries (1.318708ms)
✔ normal tolerance reaches nearby body but never pixels belonging to a neighboring atlas frame (0.232958ms)
✔ empty body page remains unselectable and malformed decoded dimensions are rejected (0.250792ms)
✔ all twelve ambient effects come from current disclosed state or an exact transition (5.956583ms)
✔ movement and building work stop on actual stagnation; paused tick preserves phases and transitions once (0.41675ms)
✔ baseline, replacement, perspective, rewind and long gaps suppress historical bursts and depletion (0.274209ms)
✔ lost, dead, contained, recovered and replaced actors cannot retain their looping cosmetics (0.2705ms)
✔ depletion requires consecutive visible matching fields, never zero on first sight or a hidden transition (0.199459ms)
✔ event scopes, high water, future timestamps, bounded expiry and unknown aircraft crashes fail closed (0.185792ms)
✔ wreck smoke needs the identified immediately prior ground vehicle and ends on visibility loss (0.102791ms)
✔ ambient attachments track displayed actor height and interpolation; motion reductions keep a static frame (4.125375ms)
✔ rotor wash stays on ground and requires a disclosed low visual altitude (0.383875ms)
✔ combat keeps priority in the shared bounded pool and reset releases every ambient node (5.879083ms)
✔ seek publishes the replacement frame within 100ms before its paused clock and reply (1.287875ms)
✔ each reset while replacement is pending preserves the final authorized frame (0.127959ms)
✔ pause flushes the last throttled frame even without a replacement or finished outcome (0.1755ms)
✔ load/session replacement publishes its first frame immediately and clears the old owner (0.084625ms)
✔ same-tick perspective replacement publishes the new authorized owner immediately (0.091459ms)
✔ steady play retains the HUD throttle while every snapshot reaches the renderer (0.391416ms)
✔ menu and a buffering replacement never flush the previous session snapshot on pause (0.095792ms)
✔ already paused frames and a terminal outcome publish without waiting for another tick (0.106167ms)
✔ simultaneous art initialization and sheet requests share one verified generation (54.062792ms)
✔ a changed host cannot supply new sprite metadata beneath a retained art index (9.937334ms)
✔ failed index replacement keeps prior art; valid idle replacement moves metadata and identity together (6.235375ms)
✔ content reload canceled at its idle boundary cannot publish a new generation (3.532084ms)
✔ dispose aborts pending initialization and prevents late generation publication (3.09375ms)
✔ generation adapter keeps bytes exact and excludes private, cross-origin and non-GET requests (7.744959ms)
✔ index capture preserves exact whitespace and rejects oversized/incompatible data (1.078625ms)
✔ a full 136-type roster request completes without caching queue overflow as missing art (55.246583ms)
✔ transient metadata failures can retry and explicit same-index reload verifies a fresh capture (3.601ms)
✔ an image download failure does not retain a rejected image promise (4.635875ms)
✔ a transient sprite page retries after a bounded delay and disposes its owned texture (303.769042ms)
✔ a hard integrity error after a transient retry is surfaced and remains held (301.756417ms)
✔ every Go roster and faction building maps exactly to the approved art inventory (3.563791ms)
✔ captured air producers and safehouses keep their original physical art (0.485125ms)
✔ actor identity refreshes generic faction art on capture and is stable after restore (0.3155ms)
✔ object skins follow explicit Go classes without inventing faction or objective identity (0.830208ms)
✔ actual cameo consumer uses full advertised building portrait and build keys independently (1.226042ms)
✔ actual build cameo falls back to its independently advertised portrait, and units retain legacy keys (0.238666ms)
✔ an advertised illustration load failure retains the existing missing-art result without unadvertised retries (0.138875ms)
✔ resolver prefers exact advertised keys independently and never guesses absent UI (0.100958ms)
✔ resolver rejects path traversal and URL syntax even when the malformed key is advertised (0.23375ms)
✔ captures exact index/manifest and verifies online bytes before JSON/decode (38.839541ms)
✔ retained A reads only A cache after B activation; explicit removal is fail closed (13.665417ms)
✔ cold new generation needs no worker or network; legacy reconnect must match exact index (30.042417ms)
✔ copied index, canonical manifest identity and private/unknown path exclusion (15.025292ms)
✔ manifest/index mismatch, duplicates, reserved URLs and corrupt cache metadata fail before payload (8.683084ms)
✔ truncated/oversized/corrupt payloads and canceled streams do not return bytes (5.758875ms)
✔ leased object URLs are verified, keyed, reference-counted, bounded and disposed (3.471958ms)
✔ bounded metadata, declared file sizes and redirected origins are rejected (0.688916ms)
✔ 961-request roster envelope finishes through the bounded active queue (465.848625ms)
✔ queued cancellation and dispose never start waiting network; queue length is bounded (19.672833ms)
✔ aggregate declared active bytes stop a second large reader without allocating it (1.44775ms)
✔ installer stores canonical manifest before READY; metadata failure/cancel keeps old usable cache (18.380291ms)
✔ legacy reinstall creates a verified successor; mutation of caller manifest cannot alter the transaction (2.207791ms)
✔ different queued descriptors preserve FIFO across canceled middle jobs (78.416042ms)
✔ standard verifies selected world pages plus actual 2x portrait/build pairs, without unused 2x world pages (25.630917ms)
✔ high quality uses 2x world pages; the missing-high fallback matches the renderer (4.16175ms)
✔ a portrait also satisfies build fallback; missing portrait conservatively verifies every 2x beauty/team page (2.011917ms)
✔ a high-quality cameo fallback shares already verified metadata and images (0.276167ms)
✔ per-launch concurrent URL dedup counts bytes and decode only once; later launches reverify (0.673875ms)
✔ image verification is sequential and closes each bitmap before the next decode (0.285042ms)
✔ completed native EOF clears its deadline and detaches parent abort while preserving subsequent launch cancellation (0.506209ms)
✔ in-flight parent cancellation keeps its exact reason and clears the deadline (0.249292ms)
✔ in-flight 15s deadline remains a real TimeoutError and detaches parent listener (0.109292ms)
✔ download deadline is cleared at EOF before an asynchronous image decode finishes (0.141459ms)
✔ failure cleanup cannot be replaced by a later timeout or parent abort while reader cancellation settles (0.224084ms)
✔ a queued already-canceled call performs no fetch (0.064458ms)
✔ fetch/header failures and native body errors preserve cause and clean the deadline (0.166792ms)
✔ parent cancellation during image decoding closes the bitmap and is never relabeled as a corrupt image (0.139917ms)
✔ bad HTTP, empty body, malformed JSON and image decode failures remain failures (0.292ms)
✔ encoded per-file/total limits still fail, stop the reader, and are counted once (0.236458ms)
✔ the file ceiling is bounded, sealed-roster-derived, and cannot be raised by a caller (0.145417ms)
✔ a valid 4550-file graph exceeds the old ceiling and verifies within the new bound (233.628875ms)
✔ path traversal, malformed or partial atlases, and conflicting image dimensions are rejected (2.678708ms)
✔ decoded atlas bounds and explicit UI pair dimensions must agree (0.889959ms)
✔ full advertised building UI keys replace unused high-world fallback pages (0.807125ms)
✔ preflight resolves portrait and build keys independently and keeps missing-portrait world fallback (1.094333ms)
✔ newly reachable advertised building UI missing from disk fails preflight rather than taking an unadvertised fallback (0.318125ms)
✔ one captured draw deduplicates exact metadata and owned image leases; release is idempotent (82.022042ms)
✔ A atlas coordinates cannot consume changed B pixels at the same URL (20.579542ms)
✔ idle replacement cancels delayed A reads; a new scope reads B geometry and image (30.125916ms)
✔ failed replacement keeps the old scope and its loaded image available (4.22525ms)
✔ resize or unmount cancellation during decode rejects promptly and clears the image and lease (4.855708ms)
✔ library replacement during image decode cancels old work and disposes its lease (5.146291ms)
✔ decode failure releases verified bytes and does not silently fetch an unverified URL (2.835ms)
✔ an already canceled capture performs no subsequent image or metadata read (2.3965ms)
✔ changed index at the same URL cannot reuse a decoded old clip (22.96625ms)
✔ pending old decode cannot satisfy or delete the new descriptor request (4.314917ms)
✔ failed candidate index retains the previous decoded generation (0.91875ms)
✔ only a validated changed index stops old sources and clears old captions (1.664875ms)
✔ exact same index retry verifies again without discarding coherent decoded clips (3.183417ms)
✔ buffer keys include byte/hash/duration and codec fallback identity (0.371667ms)
✔ different same-URL descriptors and concurrent exact descriptors remain distinct/deduplicated (6.218583ms)
✔ failed reads release pending entries; corrupt recovery never reaches the decoder (2.108875ms)
✔ disposed pending decode cannot publish a buffer or issue more index requests (2.142833ms)
✔ dispose during index capture prevents late index publication (0.690333ms)
✔ index retry preserves four-decode admission until old decoders finish (1.331917ms)
✔ audio manifest rejects unsafe URLs, malformed bounds and partial codec fallbacks (0.938375ms)
✔ audio byte read bounds hold without length headers (31.07525ms)
✔ warning bundles and selection cooldowns are location specific and resettable (0.116083ms)
✔ director consumes only new permitted events; rewind/reconnect/new perspective never burst old sound (0.955417ms)
✔ selection and command acknowledgment require owned actors or actual receipt; lost vision is not death (2.089667ms)
✔ owner economy, teammate and public endgame transitions produce captions without inventing hidden readiness (0.305458ms)
✔ service-loss audio warns only when the current living owned aircraft has no replacement home (2.337416ms)
✔ service-loss warning does not repeat across duplicate IDs, reset, rewind or foreign perspective (0.187834ms)
✔ autosaves follow simulation ticks, save checkpoints once, and begin a new schedule on load (1.629333ms)
✔ failed checkpoint retries with simulation backoff and quota errors wait for explicit recovery (1.318708ms)
✔ replay and online notifications never save; closing or replacing a session discards a captured old snapshot (0.330792ms)
✔ concurrent tick notifications coalesce and never overlap writes (0.335625ms)
✔ status callbacks may observe new ticks without reentrant captures and failed writes retain their exact snapshot (1.193792ms)
✔ defeat countdowns follow the actual perspective and simulation tick, never the wall clock (2.154834ms)
✔ recovery, defeat, finished outcomes and absent/invalid deadlines clear warnings (0.490083ms)
✔ memory captions preserve the observation timestamp across later ticks and reject future or malformed times (0.13675ms)
✔ build power estimate includes both capacity and demand without altering current economy (0.104208ms)
✔ continuous sound selects nearest three current screen actors, with quiet bed and no fog memory (12.95575ms)
✔ stationary, dead, landed and embarked actors have no engine, jets use bounded passes (0.245542ms)
✔ impact material requires an identified authorized entity, never a nearest-target guess (0.095458ms)
✔ map ambience derives solely from public map presentation (0.202917ms)
✔ enemy strategic alert uses only public threshold transition and never initial/seek catchup or ally charge (0.7715ms)
✔ endurance event alone supplies exact loss reason and suppresses generic duplicate independent of array order (0.289792ms)
✔ impact event material can use only current or immediately previous permitted target (0.138666ms)
✔ battlefield attachment follows explicit pause and detachment without retaining renderer callbacks (0.646625ms)
✔ verified pack responses drop transport and Vary headers without changing bytes or content type (28.956291ms)
✔ campaign order unlocks on any difficulty and keeps version-specific medals separate (40.603708ms)
✔ missing story predecessor remains locked while prior completed missions can be replayed (7.886916ms)
✔ live solo victory records authoritative mission version and completed optional objectives exactly once (13.343875ms)
✔ replay, practice, unfinished, defeat and changing sessions never award progression (3.992084ms)
✔ online completion requires committed matching commander result, excludes observers and remains host-scoped (7.78675ms)
✔ first run requires explicit settings, preserves conflicting choices and returns a launch intent only (6.109291ms)
✔ future first-run settings remain untouched and do not silently enable sound (1.621959ms)
✔ muzzle uses the exact displayed fallback frame, alias, part offset and heading while a page loads (19.284292ms)
✔ shot weapon and resolved armor survive source loss, conversion and landed aircraft (1.009875ms)
✔ legacy absence and malformed metadata remain distinct and never claim a miss (0.239875ms)
✔ positive hit facts cannot recover a removed, contained, dead or undisclosed target (0.173209ms)
✔ area and strategic metadata never manufacture victim identity (0.126459ms)
✔ cover feedback requires explicit positive small-arm mitigation on infantry (0.15675ms)
✔ trace may not bridge a hidden pocket or extrapolate off the known map (0.52225ms)
✔ accessibility variants take priority over decorative quality (0.081208ms)
✔ axial flash direction follows dimetric displayed headings, including independent turret directions (0.146834ms)
✔ projectile direction needs real successive movement and never a guessed first sample or target (0.610667ms)
✔ rotated frame bounds keep large offscreen-origin smoke and cull genuinely absent ink (0.120291ms)
✔ confirmed hits and cover select exact art IDs; ambiguity never becomes miss or blocked (1.09075ms)
✔ interception is a warning-point outcome distinct from a launch or decoy (0.127042ms)
✔ scope, future events, stale cues and unsupported kinds fail closed (0.170167ms)
✔ timeline deduplicates aggregates, freezes paused tick, expires and ignores future watermark (0.421958ms)
✔ first load, replacement, perspective, rewind and long gaps establish empty baselines (0.233333ms)
✔ lost hit anchors disappear immediately, without manufacturing death or hidden locations (0.087709ms)
✔ trails retain only successive authorized samples and reset on loss, reuse or replacement (0.245917ms)
✔ full legal actor-scale burst preserves all essential cues independently of decoration budgets (0.999125ms)
✔ destruction specializes only the identified preceding permitted actor, with bounded authored clip clocks (2.104916ms)
✔ death classification cannot use hidden history, foreign ownership, containers or a redacted impact (0.586667ms)
✔ combat audio uses the emitted weapon after source conversion, death or disappearance (4.587875ms)
✔ combat audio consumes positive resolution armor, including landed aircraft, without current type guessing (0.229583ms)
✔ known unknown/area/invalid metadata cannot recover material from current or previous victim (0.14425ms)
✔ only absent metadata retains older runtime audio behavior (0.108375ms)
✔ explicit decoy/interception events remain separate, deduplicate IDs and never guess a defender or failed shot (1.292417ms)
✔ director ignores future combat cues and consumes a valid later delivery only once (0.185458ms)
✔ fixed batteries and mobile Aegis warn on owned charge depletion, not ammo or foreign counts (0.707083ms)
✔ repeated connected observer polls preserve new audio; real reconnect establishes a fresh baseline (0.389959ms)
✔ rebase retains targeted Return semantics while ordinary Return remains queueable (1.893083ms)
✔ context aircraft choose rebase only through Go capability and target approval (0.613083ms)
✔ explicit intents reject hostile ownership and hidden/memory targets before invoking gameplay preview (0.327ms)
✔ large movement selections split safely while semantic abilities never repeat implicitly (1.144417ms)
✔ mixed selection previews preserve exact failures and require explicit opt-in for partial commands (0.272667ms)
✔ contextual mixed forces capture or attack legally without making support or air-only units chase ground targets (0.551333ms)
✔ context commands use owned private data for unload and preserve producer-per-order semantics (0.281958ms)
✔ queue and packet limits are explicit and never silently truncate or modify intentions (0.354416ms)
✔ unavailable previews are labeled unverified and preview callbacks cannot mutate outbound order data (0.170916ms)
✔ multi-point ability identity stays locked and selection changes invalidate pending previews (5.481667ms)
✔ explicit command batches use one sequential preview and retain joint affordability failures (5.024333ms)
✔ context prefetch batches 65 units, skips unused fallbacks, and sequentially rechecks combined orders (7.0315ms)
✔ publicly impossible contextual candidates fall back, then final shared assignment failures stay rejected (0.363125ms)
✔ candidate and final batch waits both discard stale selection without sending or mutating intentions (0.21425ms)
✔ library passes exact detached map/mission bytes through Go adapters before preparing launch (29.754ms)
✔ strict index rejects traversal, private URLs, duplicates, unknown fields and missing dependencies (8.158708ms)
✔ integrity or Go validation failure preserves source and never reports ready or launches substitute data (2.853333ms)
✔ failed refresh retains last valid registry; explicit retry succeeds and original index remains exportable (1.639166ms)
✔ mismatched authoritative metadata rejects the file and leaves caller buffers unchanged (3.157834ms)
✔ stream overflow is canceled, canceled work is discarded and changing the index invalidates in-flight validation (4.788333ms)
✔ empty installed index is explicit missing content, while private/executable pack manifests are rejected (0.195166ms)
✔ lost vision removes entity and replaces private state without mutating the prior frame (1.065917ms)
✔ protobuf retains large seed and currency values and new control/status fields (1.18375ms)
✔ display conversion and reconnect sequence retain boundaries (0.138291ms)
✔ SHA-256 fallback matches published empty, abc, multiblock and million-a vectors (38.650125ms)
✔ SHA-256 handles every padding boundary, sliced views, high bytes, and arbitrary binary blocks (65.53075ms)
✔ fallback snapshots input and yields during large-file hashing without accepting later mutations (61.467167ms)
✔ insecure-origin capability fallback uses CSPRNG UUIDv4 and never weak randomness (1.356166ms)
✔ editor handle stays 32 CSS pixels on square/rectangular resized grids and keeps exact anchor (0.551208ms)
✔ editor loads immutable first beauty frames, paints fixed icons and releases only owned sheets (0.568417ms)
✔ missing marker art and failed draw retain the callers vector fallback (0.101166ms)
✔ leaving during editor atlas loading cannot publish a stale frame and still releases resources (0.088583ms)
✔ a grouped paint/object/mission edit is one reversible transaction with detached snapshots (11.998209ms)
✔ failed transactions are atomic; no-op and escaped edits cannot corrupt undo history (4.539042ms)
✔ undo history is bounded; editing after undo removes the abandoned redo branch (10.846542ms)
✔ resizing preserves surviving cells and objects for explicit repair; snapping is geometry only (3.805ms)
✔ Go validation errors remain precise and prevent export and practice launch (9.509167ms)
✔ validation that races an edit is stale and can never authorize a launch (4.619208ms)
✔ editor exports verify checksums, preserve supported mission/presentation, and keep background edits dirty (15.401375ms)
✔ map and mission practice launches are validated, cannot mutate editor state, and retain the draft on return (13.196625ms)
✔ mission edits reject executable/non-JSON values and prototype paths without changing the document (5.881167ms)
✔ draft persistence is CAS protected and preserves exact portable documents (45.588792ms)
✔ a microtask edit after Go validation resolves cannot be substituted into a validated export (3.342625ms)
✔ a failed summary write aborts the entire draft save and keeps the dirty document available (11.412625ms)
✔ supported optional map arrays normalize without losing metadata, and mission corruption is detected on draft import (7.511041ms)
✔ draft deletion retains revisions across reopen so stale tabs cannot overwrite or delete recreated drafts (8.25875ms)
✔ schema-one draft migration preserves content and starts the tombstone above the old revision (6.139208ms)
✔ FX schema is immutable, supports shared variants and rejects invalid paths/frames/references (2.526042ms)
✔ FX PNG inspection rejects corruption, truncation, appended bytes and unsupported dimensions (0.807875ms)
✔ FX metadata loads once, pages load on demand, shared variants reuse frames, release owns all textures (14.400875ms)
✔ FX wrong bytes fail before decode and explicit retry recovers, without silent replacement (6.023666ms)
✔ FX strict residency budget includes pending decode and evicts only old pages under pressure (4.211417ms)
✔ FX late texture decode cannot resurrect a released session (1.233917ms)
✔ FX decoded image dimension mismatch is released and index integrity mismatch rejects init (2.966083ms)
✔ FX release during metadata fetch prevents late sheet installation (1.097625ms)
✔ FX optional absence preserves old art index; complete exact dependency graph is advertised (35.762208ms)
✔ FX partial/corrupt/unknown/symlink packs fail instead of advertising completion (56.762375ms)
✔ FX symlinked root and traversal metadata cannot escape the installed build (28.924083ms)
✔ FX dev middleware serves checked exact bytes only and rejects traversal/unlisted/corrupt pages (99.683333ms)
✔ FX actual build hook packages referenced files with exact base-pack hashes; tampering rejects repack (125.914084ms)
✔ Copper Junction pilot binds unchanged map bytes and exactly ten mirrored public entries (8.197584ms)
✔ optional scenery is exact-byte verified after the public map passes Go validation (40.196ms)
✔ a reused map ID/version cannot authorize scenery for different terrain, objects or starts (6.335667ms)
✔ corrupt optional bytes remain exportable and mismatched source bindings are rejected (4.888708ms)
✔ environment descriptors reject unsafe paths, unknown fields and excessive declared sizes (1.999792ms)
✔ cancellation and index replacement cannot install an in-flight scenery response (2.835583ms)
✔ environment decoder binds exact map bytes, rejects unsupported data and freezes detached output (3.836667ms)
✔ skins cannot invent object classes, missing actors, duplicates, factions or state (2.315708ms)
✔ solid props need the complete impassable safety area and opaque masses need real sight blocking (0.958916ms)
✔ scrub cannot invent cover, overlap dressing or float across mixed-height support (0.449125ms)
✔ bridge variants keep every internal road lane open in all four orientations (5.686083ms)
✔ public dressing follows exploration and skin rubble still requires Go disclosure (13.20725ms)
✔ Go maps with a null empty resource slice still disclose later shipment cargo (7.417084ms)
✔ public explored locations never invent initial cargo or station ownership (0.155416ms)
✔ only disclosed field and station facts update presentation memory; hidden changes do not (0.401291ms)
✔ dynamic shipment cargo follows real fields and coalesces old depleted shipments without timers (0.210667ms)
✔ rubble requires explicit selected-player disclosure and disappears exactly on rewind or perspective change (0.3015ms)
✔ object art uses explicit legal classes and actual health/destruction independently of neutral enabled status (0.298459ms)
✔ aircraft empty payload and orbit art use only owner-private facts; observed service is public (1.315291ms)
✔ launcher ready art never derives another player’s exact charges (0.33575ms)
✔ initial and reset flight states are stable; transitions only follow observed landing changes (1.469416ms)
✔ interrupted flight and crash remain continuous and settle on terrain without gameplay delay (2.248125ms)
✔ selection uses owned live entities and never treats remembered or enemy entities as commandable (3.223083ms)
✔ box and same-type screen selection preserve shift add/remove semantics without selecting fog memory (14.496541ms)
✔ control groups prune removed/captured units, retain embarked members and center only on deliberate double tap (1.28625ms)
✔ selection tokens change with composition, perspective and session but not with ordinary movement (0.405917ms)
✔ escape and actionable alerts return camera/menu intentions without changing selection (0.550792ms)
✔ native keyboard activation is not consumed as chat or alert navigation (2.639958ms)
✔ default and classic controls have no shortcut conflicts, including queued commands and groups (4.644625ms)
✔ remapping is transactional and detects overlaps introduced by the queue modifier (2.36125ms)
✔ accessible modifier toggles preserve normal shortcuts and clear cleanly on focus loss (0.225459ms)
✔ text entry, composition, disabled surfaces and already consumed events suppress battlefield shortcuts (0.140625ms)
✔ standard and classic pointer presets return correct selection, targeting and queued command intentions (0.993792ms)
✔ map context transmits only explicit admission and verifies declared map hash before exposing map (17.455292ms)
✔ map moderator submits both displayed revisions and preserves reported evidence when author changes concurrently (2.786ms)
✔ minimap paints an already paused snapshot immediately after attachment (3.797ms)
✔ paused camera pan, zoom and resize repaint with a bounded cadence (0.500375ms)
✔ mission and actual resize invalidation survive the paint throttle (0.433792ms)
✔ detach releases its resize observer and stops later camera painting (0.449583ms)
✔ stale cleanup cannot detach a newer attachment of the same canvas (0.355791ms)
✔ an attachment before the first authorized snapshot paints when it arrives (0.271875ms)
✔ radar keeps battlefield projection across maps and accessibility panel sizes (1.56375ms)
✔ late failed FX load cannot disclose a prior perspective through missing-art diagnostics (2.659ms)
✔ actor fallback and payload diagnostics are derived from current visible actors (0.16375ms)
✔ original-force labels merge only selected faction and reject ambiguous or incompatible metadata (1.453667ms)
✔ marked forces contain only living currently-owned originals; carried members are counted without selecting their carrier (0.31225ms)
✔ authored objective markers resolve public regions and disappear only after authoritative completion (0.921709ms)
✔ mission marker loading rejects wrong versions, duplicate IDs, invalid regions and hidden/failure objectives (0.312334ms)
✔ operator credential remains memory-only, reviews use displayed revision and locking drops all evidence (20.15975ms)
✔ operator never sends credential to LAN or deceptively named hosts; malformed tokens stay local (0.467292ms)
✔ locking during a pending privileged request discards its response and does not resurrect operator state (0.642042ms)
✔ stale review keeps concrete evidence and requires explicit reload; writes are never retried automatically (1.491417ms)
✔ revoked operator credential clears previously loaded private evidence on server denial (1.407916ms)
✔ network guest can reach host without a profile; profile credentials stay out of public controller state (29.756208ms)
✔ ready proves matching Go version and actual asset loading; failure never sends ready flags (17.769958ms)
✔ configuration mutation during assets preflight uses captured revision and requires renewed readiness (2.852042ms)
✔ start installs real slot connection and validated host map, while slot token never enters observable state (1.495584ms)
✔ expired profile authentication produces recoverable local sign-in without deleting saves (22.623833ms)
✔ product sync requires explicit per-item decisions and preserves exact engine bytes through migration (36.460041ms)
✔ completed lobby recovers durable result for an eliminated socket without replaying commands (6.627792ms)
✔ chat reads every retained page, displays new messages beyond the first 100 and removes newly filtered history (18.089875ms)
✔ expired profile can create a replacement identity without inheriting old lobby membership or deleting files (17.29525ms)
✔ profile replacement without a lobby clears private reports, host copies and prior notices immediately (5.361708ms)
✔ credential expiry removes report evidence from public state even without a lobby (4.529042ms)
✔ workshop preparation never uploads implicitly; explicit private write uses reviewed revision and stale writes preserve preview (12.81425ms)
✔ leaving an active online session stops automatic re-entry while explicit reconnect remains available (5.168917ms)
✔ missing retained lobby recovers only an exact durable result and never rejoins a frozen participant (10.064458ms)
✔ missing lobby without a committed record stays unresolved and transient history failures can retry (15.530917ms)
✔ recorded history is available without a lobby and is cleared on profile change (21.296583ms)
✔ delayed observer installs no early world state, authenticates only through header and rejects every command/clock mutation (227.883833ms)
✔ observer rejects wrong perspective, metadata, player command receipts and changed delay before publishing (1.014834ms)
✔ observer reconnect preserves last permitted snapshot and rejects a rewind or terminal authorization loss (0.587584ms)
✔ disposing while a response is in flight cannot publish a stale observer frame or restart polling (0.226834ms)
✔ transient background observer failure retries without repeated command-error dialogs and clears the status on recovery (614.911292ms)
✔ disposing during buffered response decoding leaves the feed closed (22.457292ms)
✔ completed content upgrades remain coherent offline; corrupt staging cannot activate or delete old packs (54.464333ms)
✔ elimination terminal preserves final permitted frame and stops reconnect without generic runtime error (384.859375ms)
✔ owner operation preview preserves all three exact Go routes and deadlines without retaining response aliases (1.164ms)
✔ operation preview rejects mismatched intent, duplicate plans, invalid coordinates/times and independent disclosure (1.338834ms)
✔ LAN preview exposes plans only through validated sequential advice and never turns estimates into certainty (24.175375ms)
✔ strike review waits for advice, binds immutable targets, cancels stale responses and confirms only once (0.362166ms)
✔ older runtimes and rejected previews cannot confirm a strike (0.139625ms)
✔ rejected ground feedback copies only a finite explicit local order position (0.982084ms)
✔ ordinary planned command receives exactly one current owner rejection marker and preserves the authoritative queue (1.535875ms)
✔ accepted, foreign, reset and disconnected receipts never paint stale rejection positions (0.69575ms)
✔ rejected marker stays bounded, static and expires without altering snapshots or looking up entities (0.705209ms)
✔ out-of-order batch receipts each acknowledge once without dropping earlier entries (0.227ms)
✔ owner ranges keep exact Go values and only actual public assignments, detached from wire (2.245834ms)
✔ old runtimes, allies, enemies, embarked and destroyed actors never acquire guessed ranges (0.167875ms)
✔ assignment links require matching live public warning and unexpired exact ID (0.28925ms)
✔ zero perception is explicit, malformed metadata fails closed and paused/full time stays absent (0.141459ms)
✔ selection of a ready defense requires exact Go readiness consistent with its tick and charges (0.086625ms)
✔ construction ghost waits for body beauty, keeps physical @2x scale, and suppresses unmatched turret paint (7.995583ms)
✔ cleared, switched and disposed proposals reject late art admission (4.206625ms)
✔ final interceptor launch uses an empty rack only for disclosed owned charges (1.009041ms)
✔ owned structural battery art preserves priority and known charge count with legacy fallback (0.439333ms)
✔ cosmetic squad casualties follow only disclosed health and restore with healing (0.104375ms)
✔ authoritative support and channel names select their authored work animation (0.130542ms)
✔ deployment, packing and damage cannot disappear behind ordinary idle art (0.159208ms)
✔ boarding receiver context opens only authored doors and blocked unloading keeps them open (0.19375ms)
✔ building animations follow known power and service facts without disclosing enemy assignments (0.488958ms)
✔ F1 straight fog edges make each boundary fan coplanar, removing the centre-to-corner crease (10.935833ms)
✔ F1 fully visible interiors stay exactly clear and an all-visible fragment needs no fog (6.420166ms)
✔ F1 unknown/remembered vertices are unchanged, visible vertices never drop, and only fan centres rise (capped) (22.496625ms)
✔ F1 a lone visible tile becomes a flat capped patch, identical across depth fragments (1.280583ms)
✔ F1 topology reads every tile the far corners touch, so changed-tile memoization sees them; geometry untouched (0.60775ms)
✔ F5 last-seen tag follows the UI scale and never falls below 11px (0.181541ms)
✔ offline discontinuity arrives before replacement snapshots, but ordinary ticks do not reset effects (1.90375ms)
✔ production navigation keeps the chosen facility while combat selection changes (2.347792ms)
✔ producer focus discards dead, carried, removed and foreign sources without inferring availability (0.390667ms)
✔ sidebar advice never leaks production actions into selected troops or mutates Go advice (0.171709ms)
✔ campaign completion is idempotent across tabs and replay playback never updates progression (11.950875ms)
✔ future progress schema and invalid completion remain untouched (2.229667ms)
✔ damaged progress records cannot turn counters into invalid values (4.188125ms)
✔ practice results cannot update campaign progress even when mislabeled as live by a caller (1.490709ms)
✔ point-target reach preserves distance from circular and rectangular firing footprints (2.255417ms)
✔ range modes never substitute public base sight/detection for absent owner disclosure (0.330792ms)
✔ recorded result reads only authenticated result metadata and preserves original payload bytes (0.909708ms)
✔ frozen result cue requires matching committed result and never replaces live or observer state (0.185833ms)
✔ reports send participant context only and propagate quota without retrying (20.127542ms)
✔ own report paging encodes cursors and history retains the exact result payload (5.084917ms)
✔ conflict preview displays both timestamps and mission progress, with unchanged large integer engine bytes (38.675292ms)
✔ guest migration previews exact stable copy targets and unsupported local-only items before explicit choices (16.470584ms)
✔ any local or remote revision change after preview blocks all writes before execution (25.401125ms)
✔ copying remote data to a manual local target preserves exact bytes and requires human commander choices (26.006375ms)
✔ cancellation after a completed copy stops remaining copies and never rolls back by deleting files (6.383ms)
✔ an uncertain network write is reported honestly and never retried automatically (4.115209ms)
✔ preview tampering cannot redirect targets or authorize another account (9.601916ms)
✔ incompatible saves remain intact and can only be skipped or mapped to a separate destination (5.980833ms)
✔ settings previews expose missing host timestamps and use both local and host revision checks (8.199875ms)
✔ a source edit during upload remains local and the receipt identifies that the reviewed snapshot was copied (9.503625ms)
✔ host CAS still protects a change that occurs after preflight, and pre-start cancellation writes nothing (11.609625ms)
✔ destination names are part of the reviewed copy mapping and obey actual host byte limits (6.396792ms)
✔ delete/recreate before preflight is detected even if the revision number repeats (16.139292ms)
✔ campaign preview compares actual mission records and timestamps; explicit replacement preserves authoritative results elsewhere (21.182667ms)
✔ campaign remote changes and CAS races preserve both revisions; uncertain writes are not retried (7.834625ms)
✔ campaign upload preserves a concurrently updated local ledger and never crosses account context (6.703334ms)
✔ future or malformed campaign ledger remains preserved and cannot overwrite a supported copy (2.306792ms)
✔ metadata-only archive selection supports more than64 files and downloads selected files only (5.733458ms)
✔ inventory selected revision changes reject before downloading, and account changes invalidate selection (4.280083ms)
✔ unknown host sizes reserve64MiB and aggregate byte bound applies before selected payload downloads (1.585833ms)
✔ real source heights support the actual service center/grid, highest plane and zero-height ground distinctly (1.804125ms)
✔ retained physical footprint and sim-local axes determine support, not the converted faction capacity (0.8585ms)
✔ edge/vertex sampling is inclusive for either winding but outside collinear extensions remain ground (1.366167ms)
✔ invalid or invented support metadata cannot supply a blanket lift (1.46475ms)
✔ an eliminated online commander has a frozen badge regardless of stale pause, without changing the permitted snapshot (2.274ms)
✔ observer, paused and replay labels retain priority; only a real finished snapshot labels the battlefield ended (0.295958ms)
✔ terminal and disconnected menus never display old teammate, latency or shared-pause data as current (0.352792ms)
✔ failed replacement retains live match, successful replacement disposes it once (1.956166ms)
✔ a slower canceled launch cannot overwrite the latest session (0.348208ms)
✔ replay skips autosave, has read-only save/restart controls, and releases worker on menu (0.35975ms)
✔ manual save cannot write a newly selected session under an old request (0.296208ms)
✔ new restart session has a new autosave identity and remains paused until UI resumes (0.363792ms)
✔ observer replacement is read-only, may buffer without a snapshot, and never creates autosaves (0.29525ms)
✔ only the exact currently disclosed owned sale suppresses its cleanup destruction (0.561583ms)
✔ owned sale retains sell audio without explosion or building-lost announcement; combat death remains (1.479292ms)
✔ sale cleanup cannot cause actor death feedback or camera shake (0.199625ms)
✔ authored reverse aliases retain progress and map all layers/hardpoints to exact source poses (0.83775ms)
✔ concurrent save edits have exactly one winner and preserve the conflict (18.482125ms)
✔ three autosaves rotate atomically without consuming manual saves (20.276416ms)
✔ export/import preserves exact large integer bytes and previews existing records (4.221875ms)
✔ settings use a separate revision and failed validation leaves saves untouched (1.8755ms)
✔ backup restores saves/settings/progress/replays together with explicit decisions and exact bytes (17.292917ms)
✔ backup conflict aborts every selected write and keeps both versions available (15.184125ms)
✔ failed backup write rolls back earlier writes and never discards the source (13.15725ms)
✔ unsupported backup and mixed incompatible save preserve exact originals for later recovery (4.280583ms)
✔ preview mutations cannot bypass validation or overwrite a revision not reviewed (8.509416ms)
✔ replay validation is bounded, integrity checked, CAS protected, and corrupt files remain exportable (4.323708ms)
✔ schema upgrade preserves version-one saves and future databases are never downgraded (9.064958ms)
✔ settings reject malformed JSON, byte limits and invalid revisions without replacing existing data (11.256208ms)
✔ an unreadable backup can be kept byte for byte without replacing current records (2.232667ms)
✔ deleted save and replay IDs never reuse revisions across tabs and reopen (7.018208ms)
✔ atomic backup CAS rejects delete/recreate races; backup restore and autosave respect tombstones (11.687708ms)
✔ legacy revisions migrate to durable high-water marks without rewriting their bytes (2.350709ms)
✔ revision exhaustion fails safely and never wraps an existing save (2.045833ms)
✔ campaign backup validation preserves malformed story originals without replacing a supported local ledger (2.668916ms)
✔ browser backup streams cursor records without retaining all raw archive payloads (27.913708ms)
✔ world-space rings preserve exact radius at every sample, including large zones (2.386ms)
✔ caption semantics retain pending launch versus impact and round up the last live tick (0.288417ms)
✔ coincident and nearby salvo captions remain separate without moving their target points (1.157083ms)
✔ command symbols distinguish target, ground, queued guard, patrol and return intent (0.121333ms)
✔ restored ping baseline survives selection refresh; new pings expire and remain bounded (0.249917ms)
✔ all 28 catalog weapons retain exact splash; known artillery and tactical radii are world units (1.727208ms)
✔ hidden warning coordinates do not become projectile bodies or launch routes; unknown strategic radii stay explicit (0.255583ms)
✔ operation semantics distinguish actual impact, pending launch, observed arrival and raid exits (0.3765ms)
✔ zones use exact authorized radius/start/until including preparation, expiry and rewind (0.285667ms)
✔ endgame structure pulses remain minimap-only and defeat deadlines come from player summaries (0.125834ms)
✔ own order intentions never turn target-only defaults or stale memory into routes (0.434542ms)
✔ return uses only current owned home intent; rally sentinel and foreign private state are not displayed (0.207792ms)
✔ range references use actual max_range and retained footprint, never silently become hit eligibility (0.179875ms)
✔ semantic event cues retain uncertainty, attacker-owned interception, and authorized scopes (0.142333ms)
✔ pure snapshots rebuild without sharing mutable geometry, clocks, playback state or quality budgets (0.204ms)
✔ cosmetic projectile choices reference manifest effects without inventing installed art or interceptor trajectories (3.621208ms)
✔ optional instance splash overrides catalog and explicit body visibility preserves presence semantics (0.304084ms)
✔ operation splash is authoritative only for blast warnings; missing or invalid radii never get invented (0.281208ms)
✔ open ground never displays the cover or rubble material, across broad material transitions (13.64925ms)
✔ water, shore and beach remain distinct without changing gameplay terrain (4.697541ms)
✔ low scree only dresses open neighbors of real rock and never changes their rules (4.43075ms)
✔ flat surface preserves the original isometric projection and exact roundtrips, including partial chunks (38.621292ms)
✔ all passable road/open/ramp height joins share exact geometry and are traversable in all four directions (5.148041ms)
✔ disconnected diagonal walkable sectors do not average across impassable tiles (0.341583ms)
✔ raised plateau centers and conservative map bounds include the full four-level lift (0.816833ms)
✔ face picking selects the actual near cliff surface and returns its blocked owner rather than lower ground (0.658ms)
✔ arbitrary valid height maps have exact projected intersections and no duplicate edge ownership (13.454875ms)
✔ fog geometry always uses conservative owner disclosure and does not mutate visible arrays (0.190292ms)
✔ mixed-height structure support has an exact clipped perimeter and never mutates terrain or invents placement validity (0.37925ms)
✔ surface is an immutable public-map snapshot and rejects unsupported heights (0.453042ms)
✔ two boarders deduplicate exact explicit receiver (1.867458ms)
✔ one interrupted boarder does not hide the remaining boarder (0.219917ms)
✔ all interrupted boarders immediately clear doors (0.193917ms)
✔ completion or expired channel does not linger (0.166833ms)
✔ moving approach orders alone do not open doors (0.168667ms)
✔ missing receiver remains unknown despite nearby airlift (0.140666ms)
✔ foreign receiver is not inferred or opened (0.125875ms)
✔ foreign passenger with artificial private data is ignored (0.142833ms)
✔ no private order means unknown even with public board state (0.120084ms)
✔ queued target does not replace active head order (0.202ms)
✔ destroyed receiver closes independently of old order (0.143041ms)
✔ disabled receiver closes independently of old order (0.113125ms)
✔ neutral garrison requires exact disclosed target (0.130208ms)
✔ multiple receivers sorted independent of snapshot order (0.116ms)
✔ reconnect/replay snapshot without active boarders clears context (0.096625ms)
✔ tutorial gesture memory merges tab updates, survives restart, isolates mission versions and never grants campaign progress (14.184875ms)
✔ incompatible tutorial memory stays preserved (1.374917ms)
✔ transport input lessons persist independently of authoritative world objectives (2.450125ms)
ℹ tests 491
ℹ suites 0
ℹ pass 491
ℹ fail 0
ℹ cancelled 0
ℹ skipped 0
ℹ todo 0
ℹ duration_ms 2586.601166
