
> frontline-command-client@0.1.0 test:runtime
> node scripts/runtime/test.mjs

✔ guest solo needs no profile; remembered local profiles restore without appearing in state or game backups (82.673625ms)
✔ 401 becomes a recoverable sign-in state and removes only the rejected token (5.311708ms)
✔ offline restore retains remembered credentials and a later successful service request recovers (2.184542ms)
✔ tokens are host scoped and stale logout cannot erase a newer remembered profile (2.31ms)
✔ session-only sign-in clears the prior remembered credential and logout preserves gameplay files (2.226083ms)
✔ credential vault CAS rejects cross-tab replacement without exposing tokens in error details (2.261584ms)
✔ credential revisions survive logout/recreation, rejecting stale writes and stale cleanup of the same token (2.497917ms)
✔ schema-one credentials migrate without token loss and seed the next revision after removal (3.144208ms)
✔ stale session logout cannot remove the same token restored into a newer credential generation (1.745667ms)
✔ explicit private sign-in keys restore only their exact host and verified profile; never public state or backups (3.454625ms)
✔ sign-in key parsing rejects malformed, oversized and unsupported files without exposing token in errors (2.867917ms)
✔ profile changes during asynchronous key reads reject before adopting the old exported account (6.418791ms)
✔ a new structural condition interrupts a current real ActorVisual launch and cannot revive it (9.406875ms)
✔ strategic activation respects structural low power while enemy charge privacy stays generic (0.4095ms)
✔ actor effect deadlines use exact Go ticks including indefinite aura and expire without cooldown guesses (2.827042ms)
✔ only the owner receives magazine, ambush, service and emergency countdown information (0.586417ms)
✔ runtime without new metadata never starts an invented emergency timer or active buff (0.32875ms)
✔ a retained Return order does not label a landed aircraft as still returning (0.227875ms)
✔ known public effects remain visible on foreign authorized actors without private economy (0.678125ms)
✔ channel progress and countdown come from Go state, and cancellation removes them (5.5095ms)
✔ charges use the actual Go catalog while ABM count does not invent a capacity (0.613208ms)
✔ unknown/malformed/internal effects and contained or destroyed actors have no labels (0.6225ms)
✔ air production service wait is an owner-only unavailable badge, not a guessed capacity count (0.224708ms)
✔ only the active Return order describes current return flight (0.452125ms)
✔ current owned inactive home distinguishes paused service from low power and unknown home data (0.241709ms)
✔ grounded emergency no-home warning remains distinct from takeoff deadline and airborne endurance (0.138458ms)
✔ only explicit recoverable advisor failures become nonblocking feedback (1.459917ms)
✔ background timeout never opens global error dialog; stale production is disabled and later Go advice restores it (2.624792ms)
✔ recovery preserves newer unrelated notices and unrelated failures still reach global error path (0.55775ms)
✔ a late failure for an obsolete selection does not change controls or notices (0.470458ms)
✔ explicit order advice failure sends nothing and never automatically resubmits the command (2.0635ms)
✔ LAN advice uses only slot auth, preserves orders and exposes uncertainty (64.923042ms)
✔ advice rejects wrong player, unexpected IDs, tick and result acceptance (2.106208ms)
✔ one advice request is pending and stale selection discards its response (0.556708ms)
✔ advice respects request bounds and propagates rate error without retries (0.491ms)
✔ production menu status remains independent, bounded and authorized (1.737ms)
✔ ready offline environment prefetches selection-wide affordances then separates alternatives from final orders (70.334584ms)
✔ ready environment guards session changes during affordance prefetch and batch validation (1.045292ms)
✔ online environment shares a paced request budget and uses independent candidate mode before sequential final check (526.926208ms)
✔ canceling a paced advice update prevents a second network request (0.4815ms)
✔ advice pacing starts after dispatch even when request setup is delayed (1.008209ms)
✔ actual aircraft poses retain current owned empty payload through parked, service, damage and final-shot cues (7.640417ms)
✔ payload appearance checks current viewer, current owner and current private data every time (0.739958ms)
✔ all departure/recovery aliases keep canonical frame clocks and altitude when payload changes (2.470583ms)
✔ missing empty variants stay explicit incomplete art without changing authoritative state (12.273458ms)
✔ a decoding atlas cannot retain stale payload pixels across empty or viewer boundaries (3.207334ms)
✔ atlas mask preserves faint body opacity across byte and row boundaries (1.466291ms)
✔ normal tolerance reaches nearby body but never pixels belonging to a neighboring atlas frame (0.242583ms)
✔ empty body page remains unselectable and malformed decoded dimensions are rejected (0.443375ms)
✔ all twelve ambient effects come from current disclosed state or an exact transition (4.306209ms)
✔ movement and building work stop on actual stagnation; paused tick preserves phases and transitions once (0.544084ms)
✔ baseline, replacement, perspective, rewind and long gaps suppress historical bursts and depletion (0.535708ms)
✔ lost, dead, contained, recovered and replaced actors cannot retain their looping cosmetics (0.647834ms)
✔ depletion requires consecutive visible matching fields, never zero on first sight or a hidden transition (0.460583ms)
✔ event scopes, high water, future timestamps, bounded expiry and unknown aircraft crashes fail closed (0.375459ms)
✔ wreck smoke needs the identified immediately prior ground vehicle and ends on visibility loss (0.238417ms)
✔ ambient attachments track displayed actor height and interpolation; motion reductions keep a static frame (14.069625ms)
✔ rotor wash stays on ground and requires a disclosed low visual altitude (1.0795ms)
✔ combat keeps priority in the shared bounded pool and reset releases every ambient node (10.388125ms)
✔ seek publishes the replacement frame within 100ms before its paused clock and reply (2.753ms)
✔ each reset while replacement is pending preserves the final authorized frame (0.521125ms)
✔ pause flushes the last throttled frame even without a replacement or finished outcome (0.721208ms)
✔ load/session replacement publishes its first frame immediately and clears the old owner (0.2715ms)
✔ same-tick perspective replacement publishes the new authorized owner immediately (0.253125ms)
✔ steady play retains the HUD throttle while every snapshot reaches the renderer (0.821583ms)
✔ menu and a buffering replacement never flush the previous session snapshot on pause (0.23525ms)
✔ already paused frames and a terminal outcome publish without waiting for another tick (0.247833ms)
✔ simultaneous art initialization and sheet requests share one verified generation (54.30125ms)
✔ a changed host cannot supply new sprite metadata beneath a retained art index (12.8335ms)
✔ failed index replacement keeps prior art; valid idle replacement moves metadata and identity together (5.289042ms)
✔ content reload canceled at its idle boundary cannot publish a new generation (6.712ms)
✔ dispose aborts pending initialization and prevents late generation publication (1.541042ms)
✔ generation adapter keeps bytes exact and excludes private, cross-origin and non-GET requests (3.019583ms)
✔ index capture preserves exact whitespace and rejects oversized/incompatible data (3.988ms)
✔ a full 136-type roster request completes without caching queue overflow as missing art (39.681417ms)
✔ transient metadata failures can retry and explicit same-index reload verifies a fresh capture (2.60275ms)
✔ an image download failure does not retain a rejected image promise (3.533834ms)
✔ a transient sprite page retries after a bounded delay and disposes its owned texture (303.960041ms)
✔ a hard integrity error after a transient retry is surfaced and remains held (303.519834ms)
✔ every Go roster and faction building maps exactly to the approved art inventory (1.869166ms)
✔ captured air producers and safehouses keep their original physical art (0.21925ms)
✔ actor identity refreshes generic faction art on capture and is stable after restore (0.244125ms)
✔ object skins follow explicit Go classes without inventing faction or objective identity (0.934708ms)
✔ actual cameo consumer uses full advertised building portrait and build keys independently (5.023875ms)
✔ actual build cameo falls back to its independently advertised portrait, and units retain legacy keys (0.474041ms)
✔ an advertised illustration load failure retains the existing missing-art result without unadvertised retries (0.152125ms)
✔ resolver prefers exact advertised keys independently and never guesses absent UI (0.29675ms)
✔ resolver rejects path traversal and URL syntax even when the malformed key is advertised (0.660792ms)
✔ captures exact index/manifest and verifies online bytes before JSON/decode (49.252167ms)
✔ retained A reads only A cache after B activation; explicit removal is fail closed (8.952209ms)
✔ cold new generation needs no worker or network; legacy reconnect must match exact index (11.555667ms)
✔ copied index, canonical manifest identity and private/unknown path exclusion (2.772084ms)
✔ manifest/index mismatch, duplicates, reserved URLs and corrupt cache metadata fail before payload (2.644417ms)
✔ truncated/oversized/corrupt payloads and canceled streams do not return bytes (1.936875ms)
✔ leased object URLs are verified, keyed, reference-counted, bounded and disposed (2.645666ms)
✔ bounded metadata, declared file sizes and redirected origins are rejected (1.393167ms)
✔ 961-request roster envelope finishes through the bounded active queue (411.214875ms)
✔ queued cancellation and dispose never start waiting network; queue length is bounded (33.155708ms)
✔ aggregate declared active bytes stop a second large reader without allocating it (2.622875ms)
✔ installer stores canonical manifest before READY; metadata failure/cancel keeps old usable cache (44.331542ms)
✔ legacy reinstall creates a verified successor; mutation of caller manifest cannot alter the transaction (14.395542ms)
✔ different queued descriptors preserve FIFO across canceled middle jobs (57.154ms)
✔ standard verifies selected world pages plus actual 2x portrait/build pairs, without unused 2x world pages (15.706333ms)
✔ high quality uses 2x world pages; the missing-high fallback matches the renderer (1.815084ms)
✔ a portrait also satisfies build fallback; missing portrait conservatively verifies every 2x beauty/team page (2.777666ms)
✔ a high-quality cameo fallback shares already verified metadata and images (0.447459ms)
✔ per-launch concurrent URL dedup counts bytes and decode only once; later launches reverify (1.375625ms)
✔ image verification is sequential and closes each bitmap before the next decode (0.806542ms)
✔ completed native EOF clears its deadline and detaches parent abort while preserving subsequent launch cancellation (1.126708ms)
✔ in-flight parent cancellation keeps its exact reason and clears the deadline (0.632459ms)
✔ in-flight 15s deadline remains a real TimeoutError and detaches parent listener (0.207084ms)
✔ download deadline is cleared at EOF before an asynchronous image decode finishes (0.250125ms)
✔ failure cleanup cannot be replaced by a later timeout or parent abort while reader cancellation settles (0.37575ms)
✔ a queued already-canceled call performs no fetch (0.09875ms)
✔ fetch/header failures and native body errors preserve cause and clean the deadline (0.20375ms)
✔ parent cancellation during image decoding closes the bitmap and is never relabeled as a corrupt image (0.166958ms)
✔ bad HTTP, empty body, malformed JSON and image decode failures remain failures (0.345666ms)
✔ encoded per-file/total limits still fail, stop the reader, and are counted once (0.309875ms)
✔ the file ceiling is bounded, sealed-roster-derived, and cannot be raised by a caller (0.203625ms)
✔ a valid 4550-file graph exceeds the old ceiling and verifies within the new bound (208.504333ms)
✔ path traversal, malformed or partial atlases, and conflicting image dimensions are rejected (1.407125ms)
✔ decoded atlas bounds and explicit UI pair dimensions must agree (0.730833ms)
✔ full advertised building UI keys replace unused high-world fallback pages (0.928917ms)
✔ preflight resolves portrait and build keys independently and keeps missing-portrait world fallback (1.188417ms)
✔ newly reachable advertised building UI missing from disk fails preflight rather than taking an unadvertised fallback (0.331041ms)
✔ audio manifest rejects unsafe URLs, malformed bounds and partial codec fallbacks (1.816916ms)
✔ audio byte read bounds hold without length headers (25.42ms)
✔ warning bundles and selection cooldowns are location specific and resettable (0.203417ms)
✔ director consumes only new permitted events; rewind/reconnect/new perspective never burst old sound (1.801833ms)
✔ selection and command acknowledgment require owned actors or actual receipt; lost vision is not death (0.64125ms)
✔ owner economy, teammate and public endgame transitions produce captions without inventing hidden readiness (0.543375ms)
✔ service-loss audio warns only when the current living owned aircraft has no replacement home (5.5395ms)
✔ service-loss warning does not repeat across duplicate IDs, reset, rewind or foreign perspective (0.286125ms)
✔ autosaves follow simulation ticks, save checkpoints once, and begin a new schedule on load (1.443167ms)
✔ failed checkpoint retries with simulation backoff and quota errors wait for explicit recovery (1.410125ms)
✔ replay and online notifications never save; closing or replacing a session discards a captured old snapshot (0.199875ms)
✔ concurrent tick notifications coalesce and never overlap writes (0.176916ms)
✔ status callbacks may observe new ticks without reentrant captures and failed writes retain their exact snapshot (1.332959ms)
✔ defeat countdowns follow the actual perspective and simulation tick, never the wall clock (1.884666ms)
✔ recovery, defeat, finished outcomes and absent/invalid deadlines clear warnings (0.318375ms)
✔ memory captions preserve the observation timestamp across later ticks and reject future or malformed times (0.202792ms)
✔ build power estimate includes both capacity and demand without altering current economy (0.167541ms)
✔ continuous sound selects nearest three current screen actors, with quiet bed and no fog memory (11.138125ms)
✔ stationary, dead, landed and embarked actors have no engine, jets use bounded passes (0.436625ms)
✔ impact material requires an identified authorized entity, never a nearest-target guess (0.165792ms)
✔ map ambience derives solely from public map presentation (0.398709ms)
✔ enemy strategic alert uses only public threshold transition and never initial/seek catchup or ally charge (2.189292ms)
✔ endurance event alone supplies exact loss reason and suppresses generic duplicate independent of array order (0.654625ms)
✔ impact event material can use only current or immediately previous permitted target (0.336291ms)
✔ battlefield attachment follows explicit pause and detachment without retaining renderer callbacks (0.493333ms)
✔ verified pack responses drop transport and Vary headers without changing bytes or content type (28.70925ms)
✔ campaign order unlocks on any difficulty and keeps version-specific medals separate (43.161291ms)
✔ missing story predecessor remains locked while prior completed missions can be replayed (2.841417ms)
✔ live solo victory records authoritative mission version and completed optional objectives exactly once (10.637334ms)
✔ replay, practice, unfinished, defeat and changing sessions never award progression (3.656792ms)
✔ online completion requires committed matching commander result, excludes observers and remains host-scoped (4.92125ms)
✔ first run requires explicit settings, preserves conflicting choices and returns a launch intent only (3.318459ms)
✔ future first-run settings remain untouched and do not silently enable sound (1.583125ms)
✔ muzzle uses the exact displayed fallback frame, alias, part offset and heading while a page loads (3.165417ms)
✔ shot weapon and resolved armor survive source loss, conversion and landed aircraft (2.364208ms)
✔ legacy absence and malformed metadata remain distinct and never claim a miss (0.326291ms)
✔ positive hit facts cannot recover a removed, contained, dead or undisclosed target (0.480542ms)
✔ area and strategic metadata never manufacture victim identity (0.279875ms)
✔ cover feedback requires explicit positive small-arm mitigation on infantry (0.318666ms)
✔ trace may not bridge a hidden pocket or extrapolate off the known map (0.539042ms)
✔ accessibility variants take priority over decorative quality (0.082084ms)
✔ axial flash direction follows dimetric displayed headings, including independent turret directions (0.148834ms)
✔ projectile direction needs real successive movement and never a guessed first sample or target (1.293375ms)
✔ rotated frame bounds keep large offscreen-origin smoke and cull genuinely absent ink (0.158208ms)
✔ confirmed hits and cover select exact art IDs; ambiguity never becomes miss or blocked (2.222791ms)
✔ interception is a warning-point outcome distinct from a launch or decoy (0.319375ms)
✔ scope, future events, stale cues and unsupported kinds fail closed (0.356417ms)
✔ timeline deduplicates aggregates, freezes paused tick, expires and ignores future watermark (0.814ms)
✔ first load, replacement, perspective, rewind and long gaps establish empty baselines (0.502666ms)
✔ lost hit anchors disappear immediately, without manufacturing death or hidden locations (0.194ms)
✔ trails retain only successive authorized samples and reset on loss, reuse or replacement (0.441125ms)
✔ full legal actor-scale burst preserves all essential cues independently of decoration budgets (3.477916ms)
✔ destruction specializes only the identified preceding permitted actor, with bounded authored clip clocks (3.301334ms)
✔ death classification cannot use hidden history, foreign ownership, containers or a redacted impact (0.538375ms)
✔ combat audio uses the emitted weapon after source conversion, death or disappearance (0.862334ms)
✔ combat audio consumes positive resolution armor, including landed aircraft, without current type guessing (0.250375ms)
✔ known unknown/area/invalid metadata cannot recover material from current or previous victim (0.372042ms)
✔ only absent metadata retains older runtime audio behavior (0.353375ms)
✔ explicit decoy/interception events remain separate, deduplicate IDs and never guess a defender or failed shot (2.515625ms)
✔ director ignores future combat cues and consumes a valid later delivery only once (0.50075ms)
✔ fixed batteries and mobile Aegis warn on owned charge depletion, not ammo or foreign counts (2.356ms)
✔ repeated connected observer polls preserve new audio; real reconnect establishes a fresh baseline (0.235792ms)
✔ rebase retains targeted Return semantics while ordinary Return remains queueable (3.647083ms)
✔ context aircraft choose rebase only through Go capability and target approval (3.551292ms)
✔ explicit intents reject hostile ownership and hidden/memory targets before invoking gameplay preview (0.688ms)
✔ large movement selections split safely while semantic abilities never repeat implicitly (3.226584ms)
✔ mixed selection previews preserve exact failures and require explicit opt-in for partial commands (0.6245ms)
✔ contextual mixed forces capture or attack legally without making support or air-only units chase ground targets (0.903167ms)
✔ context commands use owned private data for unload and preserve producer-per-order semantics (0.53975ms)
✔ queue and packet limits are explicit and never silently truncate or modify intentions (0.810583ms)
✔ unavailable previews are labeled unverified and preview callbacks cannot mutate outbound order data (0.363292ms)
✔ multi-point ability identity stays locked and selection changes invalidate pending previews (3.629ms)
✔ explicit command batches use one sequential preview and retain joint affordability failures (0.371291ms)
✔ context prefetch batches 65 units, skips unused fallbacks, and sequentially rechecks combined orders (6.891792ms)
✔ publicly impossible contextual candidates fall back, then final shared assignment failures stay rejected (0.819416ms)
✔ candidate and final batch waits both discard stale selection without sending or mutating intentions (0.516375ms)
✔ library passes exact detached map/mission bytes through Go adapters before preparing launch (36.705125ms)
✔ strict index rejects traversal, private URLs, duplicates, unknown fields and missing dependencies (3.886667ms)
✔ integrity or Go validation failure preserves source and never reports ready or launches substitute data (2.898625ms)
✔ failed refresh retains last valid registry; explicit retry succeeds and original index remains exportable (3.107416ms)
✔ mismatched authoritative metadata rejects the file and leaves caller buffers unchanged (8.758416ms)
✔ stream overflow is canceled, canceled work is discarded and changing the index invalidates in-flight validation (5.151042ms)
✔ empty installed index is explicit missing content, while private/executable pack manifests are rejected (0.18875ms)
✔ lost vision removes entity and replaces private state without mutating the prior frame (1.3395ms)
✔ protobuf retains large seed and currency values and new control/status fields (1.825667ms)
✔ display conversion and reconnect sequence retain boundaries (0.2525ms)
✔ SHA-256 fallback matches published empty, abc, multiblock and million-a vectors (41.8435ms)
✔ SHA-256 handles every padding boundary, sliced views, high bytes, and arbitrary binary blocks (55.178375ms)
✔ fallback snapshots input and yields during large-file hashing without accepting later mutations (71.926375ms)
✔ insecure-origin capability fallback uses CSPRNG UUIDv4 and never weak randomness (2.783042ms)
✔ editor handle stays 32 CSS pixels on square/rectangular resized grids and keeps exact anchor (1.131125ms)
✔ editor loads immutable first beauty frames, paints fixed icons and releases only owned sheets (1.197ms)
✔ missing marker art and failed draw retain the callers vector fallback (0.251417ms)
✔ leaving during editor atlas loading cannot publish a stale frame and still releases resources (0.216416ms)
✔ a grouped paint/object/mission edit is one reversible transaction with detached snapshots (10.890042ms)
✔ failed transactions are atomic; no-op and escaped edits cannot corrupt undo history (13.236292ms)
✔ undo history is bounded; editing after undo removes the abandoned redo branch (12.998375ms)
✔ resizing preserves surviving cells and objects for explicit repair; snapping is geometry only (3.636584ms)
✔ Go validation errors remain precise and prevent export and practice launch (8.624666ms)
✔ validation that races an edit is stale and can never authorize a launch (3.388042ms)
✔ editor exports verify checksums, preserve supported mission/presentation, and keep background edits dirty (12.318917ms)
✔ map and mission practice launches are validated, cannot mutate editor state, and retain the draft on return (11.683291ms)
✔ mission edits reject executable/non-JSON values and prototype paths without changing the document (10.412667ms)
✔ draft persistence is CAS protected and preserves exact portable documents (31.90875ms)
✔ a microtask edit after Go validation resolves cannot be substituted into a validated export (4.725167ms)
✔ a failed summary write aborts the entire draft save and keeps the dirty document available (4.4895ms)
✔ supported optional map arrays normalize without losing metadata, and mission corruption is detected on draft import (6.614875ms)
✔ draft deletion retains revisions across reopen so stale tabs cannot overwrite or delete recreated drafts (4.983208ms)
✔ schema-one draft migration preserves content and starts the tombstone above the old revision (5.249542ms)
✔ FX schema is immutable, supports shared variants and rejects invalid paths/frames/references (2.105666ms)
✔ FX PNG inspection rejects corruption, truncation, appended bytes and unsupported dimensions (0.833958ms)
✔ FX metadata loads once, pages load on demand, shared variants reuse frames, release owns all textures (25.742875ms)
✔ FX wrong bytes fail before decode and explicit retry recovers, without silent replacement (4.018042ms)
✔ FX strict residency budget includes pending decode and evicts only old pages under pressure (1.7665ms)
✔ FX late texture decode cannot resurrect a released session (1.094458ms)
✔ FX decoded image dimension mismatch is released and index integrity mismatch rejects init (1.2225ms)
✔ FX release during metadata fetch prevents late sheet installation (0.582208ms)
✔ FX optional absence preserves old art index; complete exact dependency graph is advertised (27.238958ms)
✔ FX partial/corrupt/unknown/symlink packs fail instead of advertising completion (31.124583ms)
✔ FX symlinked root and traversal metadata cannot escape the installed build (10.295416ms)
✔ FX dev middleware serves checked exact bytes only and rejects traversal/unlisted/corrupt pages (51.310959ms)
✔ FX actual build hook packages referenced files with exact base-pack hashes; tampering rejects repack (39.761792ms)
✔ Copper Junction pilot binds unchanged map bytes and exactly ten mirrored public entries (18.319542ms)
✔ optional scenery is exact-byte verified after the public map passes Go validation (36.990166ms)
✔ a reused map ID/version cannot authorize scenery for different terrain, objects or starts (4.479791ms)
✔ corrupt optional bytes remain exportable and mismatched source bindings are rejected (6.054792ms)
✔ environment descriptors reject unsafe paths, unknown fields and excessive declared sizes (1.576083ms)
✔ cancellation and index replacement cannot install an in-flight scenery response (2.164291ms)
✔ environment decoder binds exact map bytes, rejects unsupported data and freezes detached output (4.086666ms)
✔ skins cannot invent object classes, missing actors, duplicates, factions or state (2.537583ms)
✔ solid props need the complete impassable safety area and opaque masses need real sight blocking (1.80075ms)
✔ scrub cannot invent cover, overlap dressing or float across mixed-height support (2.061ms)
✔ bridge variants keep every internal road lane open in all four orientations (3.573875ms)
✔ public dressing follows exploration and skin rubble still requires Go disclosure (24.6975ms)
✔ Go maps with a null empty resource slice still disclose later shipment cargo (14.846292ms)
✔ public explored locations never invent initial cargo or station ownership (0.345459ms)
✔ only disclosed field and station facts update presentation memory; hidden changes do not (0.45875ms)
✔ dynamic shipment cargo follows real fields and coalesces old depleted shipments without timers (0.511375ms)
✔ rubble requires explicit selected-player disclosure and disappears exactly on rewind or perspective change (0.583875ms)
✔ object art uses explicit legal classes and actual health/destruction independently of neutral enabled status (0.83525ms)
✔ aircraft empty payload and orbit art use only owner-private facts; observed service is public (3.003417ms)
✔ launcher ready art never derives another player’s exact charges (0.32525ms)
✔ initial and reset flight states are stable; transitions only follow observed landing changes (1.577375ms)
✔ interrupted flight and crash remain continuous and settle on terrain without gameplay delay (0.3245ms)
✔ selection uses owned live entities and never treats remembered or enemy entities as commandable (3.405042ms)
✔ box and same-type screen selection preserve shift add/remove semantics without selecting fog memory (11.318375ms)
✔ control groups prune removed/captured units, retain embarked members and center only on deliberate double tap (0.704625ms)
✔ selection tokens change with composition, perspective and session but not with ordinary movement (0.203833ms)
✔ escape and actionable alerts return camera/menu intentions without changing selection (0.138292ms)
✔ native keyboard activation is not consumed as chat or alert navigation (2.153041ms)
✔ default and classic controls have no shortcut conflicts, including queued commands and groups (3.341416ms)
✔ remapping is transactional and detects overlaps introduced by the queue modifier (2.226084ms)
✔ accessible modifier toggles preserve normal shortcuts and clear cleanly on focus loss (0.448209ms)
✔ text entry, composition, disabled surfaces and already consumed events suppress battlefield shortcuts (0.265417ms)
✔ standard and classic pointer presets return correct selection, targeting and queued command intentions (1.035042ms)
✔ map context transmits only explicit admission and verifies declared map hash before exposing map (23.195166ms)
✔ map moderator submits both displayed revisions and preserves reported evidence when author changes concurrently (1.250875ms)
✔ minimap paints an already paused snapshot immediately after attachment (2.760375ms)
✔ paused camera pan, zoom and resize repaint with a bounded cadence (0.298042ms)
✔ mission and actual resize invalidation survive the paint throttle (0.240417ms)
✔ detach releases its resize observer and stops later camera painting (0.19025ms)
✔ stale cleanup cannot detach a newer attachment of the same canvas (0.204417ms)
✔ an attachment before the first authorized snapshot paints when it arrives (0.166416ms)
✔ radar keeps battlefield projection across maps and accessibility panel sizes (1.843209ms)
✔ late failed FX load cannot disclose a prior perspective through missing-art diagnostics (5.691458ms)
✔ actor fallback and payload diagnostics are derived from current visible actors (0.45875ms)
✔ original-force labels merge only selected faction and reject ambiguous or incompatible metadata (3.029917ms)
✔ marked forces contain only living currently-owned originals; carried members are counted without selecting their carrier (0.639583ms)
✔ authored objective markers resolve public regions and disappear only after authoritative completion (1.08175ms)
✔ mission marker loading rejects wrong versions, duplicate IDs, invalid regions and hidden/failure objectives (0.343625ms)
✔ operator credential remains memory-only, reviews use displayed revision and locking drops all evidence (24.431709ms)
✔ operator never sends credential to LAN or deceptively named hosts; malformed tokens stay local (0.2385ms)
✔ locking during a pending privileged request discards its response and does not resurrect operator state (0.6145ms)
✔ stale review keeps concrete evidence and requires explicit reload; writes are never retried automatically (2.368584ms)
✔ revoked operator credential clears previously loaded private evidence on server denial (0.719709ms)
✔ network guest can reach host without a profile; profile credentials stay out of public controller state (50.128959ms)
✔ ready proves matching Go version and actual asset loading; failure never sends ready flags (6.667709ms)
✔ configuration mutation during assets preflight uses captured revision and requires renewed readiness (5.619166ms)
✔ start installs real slot connection and validated host map, while slot token never enters observable state (5.6165ms)
✔ expired profile authentication produces recoverable local sign-in without deleting saves (10.637833ms)
✔ product sync requires explicit per-item decisions and preserves exact engine bytes through migration (15.335333ms)
✔ completed lobby recovers durable result for an eliminated socket without replaying commands (4.857209ms)
✔ chat reads every retained page, displays new messages beyond the first 100 and removes newly filtered history (4.552125ms)
✔ expired profile can create a replacement identity without inheriting old lobby membership or deleting files (11.525708ms)
✔ profile replacement without a lobby clears private reports, host copies and prior notices immediately (6.212666ms)
✔ credential expiry removes report evidence from public state even without a lobby (3.816583ms)
✔ workshop preparation never uploads implicitly; explicit private write uses reviewed revision and stale writes preserve preview (4.282375ms)
✔ leaving an active online session stops automatic re-entry while explicit reconnect remains available (7.970917ms)
✔ missing retained lobby recovers only an exact durable result and never rejoins a frozen participant (7.527ms)
✔ missing lobby without a committed record stays unresolved and transient history failures can retry (4.311917ms)
✔ recorded history is available without a lobby and is cleared on profile change (16.555ms)
✔ delayed observer installs no early world state, authenticates only through header and rejects every command/clock mutation (229.570833ms)
✔ observer rejects wrong perspective, metadata, player command receipts and changed delay before publishing (1.159666ms)
✔ observer reconnect preserves last permitted snapshot and rejects a rewind or terminal authorization loss (0.798834ms)
✔ disposing while a response is in flight cannot publish a stale observer frame or restart polling (0.29825ms)
✔ transient background observer failure retries without repeated command-error dialogs and clears the status on recovery (608.416875ms)
✔ disposing during buffered response decoding leaves the feed closed (22.484125ms)
✔ completed content upgrades remain coherent offline; corrupt staging cannot activate or delete old packs (59.691459ms)
✔ elimination terminal preserves final permitted frame and stops reconnect without generic runtime error (380.578291ms)
✔ owner operation preview preserves all three exact Go routes and deadlines without retaining response aliases (1.689208ms)
✔ operation preview rejects mismatched intent, duplicate plans, invalid coordinates/times and independent disclosure (1.686083ms)
✔ LAN preview exposes plans only through validated sequential advice and never turns estimates into certainty (23.246417ms)
✔ strike review waits for advice, binds immutable targets, cancels stale responses and confirms only once (0.41825ms)
✔ older runtimes and rejected previews cannot confirm a strike (0.177125ms)
✔ rejected ground feedback copies only a finite explicit local order position (0.972791ms)
✔ ordinary planned command receives exactly one current owner rejection marker and preserves the authoritative queue (2.145583ms)
✔ accepted, foreign, reset and disconnected receipts never paint stale rejection positions (2.510333ms)
✔ rejected marker stays bounded, static and expires without altering snapshots or looking up entities (1.634959ms)
✔ out-of-order batch receipts each acknowledge once without dropping earlier entries (0.557417ms)
✔ owner ranges keep exact Go values and only actual public assignments, detached from wire (1.529875ms)
✔ old runtimes, allies, enemies, embarked and destroyed actors never acquire guessed ranges (0.158625ms)
✔ assignment links require matching live public warning and unexpired exact ID (0.323416ms)
✔ zero perception is explicit, malformed metadata fails closed and paused/full time stays absent (0.158708ms)
✔ selection of a ready defense requires exact Go readiness consistent with its tick and charges (0.096625ms)
✔ construction ghost waits for body beauty, keeps physical @2x scale, and suppresses unmatched turret paint (14.530916ms)
✔ cleared, switched and disposed proposals reject late art admission (21.201708ms)
✔ final interceptor launch uses an empty rack only for disclosed owned charges (1.069416ms)
✔ owned structural battery art preserves priority and known charge count with legacy fallback (0.450708ms)
✔ cosmetic squad casualties follow only disclosed health and restore with healing (0.106542ms)
✔ authoritative support and channel names select their authored work animation (0.145208ms)
✔ deployment, packing and damage cannot disappear behind ordinary idle art (0.140375ms)
✔ boarding receiver context opens only authored doors and blocked unloading keeps them open (0.179958ms)
✔ building animations follow known power and service facts without disclosing enemy assignments (0.556584ms)
✔ offline discontinuity arrives before replacement snapshots, but ordinary ticks do not reset effects (2.802334ms)
✔ production navigation keeps the chosen facility while combat selection changes (7.287958ms)
✔ producer focus discards dead, carried, removed and foreign sources without inferring availability (0.826417ms)
✔ sidebar advice never leaks production actions into selected troops or mutates Go advice (0.1825ms)
✔ campaign completion is idempotent across tabs and replay playback never updates progression (12.908958ms)
✔ future progress schema and invalid completion remain untouched (2.752833ms)
✔ damaged progress records cannot turn counters into invalid values (2.536958ms)
✔ practice results cannot update campaign progress even when mislabeled as live by a caller (1.168083ms)
✔ point-target reach preserves distance from circular and rectangular firing footprints (3.6975ms)
✔ range modes never substitute public base sight/detection for absent owner disclosure (0.665291ms)
✔ recorded result reads only authenticated result metadata and preserves original payload bytes (2.152333ms)
✔ frozen result cue requires matching committed result and never replaces live or observer state (0.375709ms)
✔ reports send participant context only and propagate quota without retrying (38.747375ms)
✔ own report paging encodes cursors and history retains the exact result payload (1.044667ms)
✔ conflict preview displays both timestamps and mission progress, with unchanged large integer engine bytes (49.524708ms)
✔ guest migration previews exact stable copy targets and unsupported local-only items before explicit choices (10.839916ms)
✔ any local or remote revision change after preview blocks all writes before execution (12.148958ms)
✔ copying remote data to a manual local target preserves exact bytes and requires human commander choices (8.947041ms)
✔ cancellation after a completed copy stops remaining copies and never rolls back by deleting files (5.116292ms)
✔ an uncertain network write is reported honestly and never retried automatically (5.213708ms)
✔ preview tampering cannot redirect targets or authorize another account (6.677208ms)
✔ incompatible saves remain intact and can only be skipped or mapped to a separate destination (4.01425ms)
✔ settings previews expose missing host timestamps and use both local and host revision checks (6.952834ms)
✔ a source edit during upload remains local and the receipt identifies that the reviewed snapshot was copied (4.044917ms)
✔ host CAS still protects a change that occurs after preflight, and pre-start cancellation writes nothing (3.624083ms)
✔ destination names are part of the reviewed copy mapping and obey actual host byte limits (17.036542ms)
✔ delete/recreate before preflight is detected even if the revision number repeats (18.221583ms)
✔ campaign preview compares actual mission records and timestamps; explicit replacement preserves authoritative results elsewhere (7.553375ms)
✔ campaign remote changes and CAS races preserve both revisions; uncertain writes are not retried (12.708833ms)
✔ campaign upload preserves a concurrently updated local ledger and never crosses account context (7.070125ms)
✔ future or malformed campaign ledger remains preserved and cannot overwrite a supported copy (10.34825ms)
✔ metadata-only archive selection supports more than64 files and downloads selected files only (11.233083ms)
✔ inventory selected revision changes reject before downloading, and account changes invalidate selection (27.990292ms)
✔ unknown host sizes reserve64MiB and aggregate byte bound applies before selected payload downloads (10.759334ms)
✔ real source heights support the actual service center/grid, highest plane and zero-height ground distinctly (1.613167ms)
✔ retained physical footprint and sim-local axes determine support, not the converted faction capacity (0.527334ms)
✔ edge/vertex sampling is inclusive for either winding but outside collinear extensions remain ground (1.000458ms)
✔ invalid or invented support metadata cannot supply a blanket lift (0.653542ms)
✔ an eliminated online commander has a frozen badge regardless of stale pause, without changing the permitted snapshot (1.109584ms)
✔ observer, paused and replay labels retain priority; only a real finished snapshot labels the battlefield ended (0.243667ms)
✔ terminal and disconnected menus never display old teammate, latency or shared-pause data as current (0.329875ms)
✔ failed replacement retains live match, successful replacement disposes it once (3.463583ms)
✔ a slower canceled launch cannot overwrite the latest session (0.40375ms)
✔ replay skips autosave, has read-only save/restart controls, and releases worker on menu (0.432666ms)
✔ manual save cannot write a newly selected session under an old request (0.398917ms)
✔ new restart session has a new autosave identity and remains paused until UI resumes (0.428291ms)
✔ observer replacement is read-only, may buffer without a snapshot, and never creates autosaves (0.350333ms)
✔ only the exact currently disclosed owned sale suppresses its cleanup destruction (0.861458ms)
✔ owned sale retains sell audio without explosion or building-lost announcement; combat death remains (2.144625ms)
✔ sale cleanup cannot cause actor death feedback or camera shake (0.27575ms)
✔ authored reverse aliases retain progress and map all layers/hardpoints to exact source poses (0.874416ms)
✔ concurrent save edits have exactly one winner and preserve the conflict (13.489875ms)
✔ three autosaves rotate atomically without consuming manual saves (19.538542ms)
✔ export/import preserves exact large integer bytes and previews existing records (5.797916ms)
✔ settings use a separate revision and failed validation leaves saves untouched (4.820875ms)
✔ backup restores saves/settings/progress/replays together with explicit decisions and exact bytes (12.901084ms)
✔ backup conflict aborts every selected write and keeps both versions available (21.662334ms)
✔ failed backup write rolls back earlier writes and never discards the source (14.297458ms)
✔ unsupported backup and mixed incompatible save preserve exact originals for later recovery (5.645667ms)
✔ preview mutations cannot bypass validation or overwrite a revision not reviewed (10.589459ms)
✔ replay validation is bounded, integrity checked, CAS protected, and corrupt files remain exportable (5.364959ms)
✔ schema upgrade preserves version-one saves and future databases are never downgraded (6.132625ms)
✔ settings reject malformed JSON, byte limits and invalid revisions without replacing existing data (14.877459ms)
✔ an unreadable backup can be kept byte for byte without replacing current records (1.767125ms)
✔ deleted save and replay IDs never reuse revisions across tabs and reopen (3.966292ms)
✔ atomic backup CAS rejects delete/recreate races; backup restore and autosave respect tombstones (6.320042ms)
✔ legacy revisions migrate to durable high-water marks without rewriting their bytes (2.854708ms)
✔ revision exhaustion fails safely and never wraps an existing save (1.591958ms)
✔ campaign backup validation preserves malformed story originals without replacing a supported local ledger (3.171334ms)
✔ browser backup streams cursor records without retaining all raw archive payloads (28.982958ms)
✔ world-space rings preserve exact radius at every sample, including large zones (1.5705ms)
✔ caption semantics retain pending launch versus impact and round up the last live tick (0.231958ms)
✔ coincident and nearby salvo captions remain separate without moving their target points (1.040917ms)
✔ command symbols distinguish target, ground, queued guard, patrol and return intent (0.172709ms)
✔ restored ping baseline survives selection refresh; new pings expire and remain bounded (0.434958ms)
✔ all 28 catalog weapons retain exact splash; known artillery and tactical radii are world units (2.0155ms)
✔ hidden warning coordinates do not become projectile bodies or launch routes; unknown strategic radii stay explicit (0.316459ms)
✔ operation semantics distinguish actual impact, pending launch, observed arrival and raid exits (0.411375ms)
✔ zones use exact authorized radius/start/until including preparation, expiry and rewind (0.331125ms)
✔ endgame structure pulses remain minimap-only and defeat deadlines come from player summaries (0.150041ms)
✔ own order intentions never turn target-only defaults or stale memory into routes (0.51825ms)
✔ return uses only current owned home intent; rally sentinel and foreign private state are not displayed (0.243541ms)
✔ range references use actual max_range and retained footprint, never silently become hit eligibility (0.206792ms)
✔ semantic event cues retain uncertainty, attacker-owned interception, and authorized scopes (0.172125ms)
✔ pure snapshots rebuild without sharing mutable geometry, clocks, playback state or quality budgets (0.241333ms)
✔ cosmetic projectile choices reference manifest effects without inventing installed art or interceptor trajectories (4.371417ms)
✔ optional instance splash overrides catalog and explicit body visibility preserves presence semantics (0.852583ms)
✔ operation splash is authoritative only for blast warnings; missing or invalid radii never get invented (0.331042ms)
✔ open ground never displays the cover or rubble material, across broad material transitions (15.838166ms)
✔ water, shore and beach remain distinct without changing gameplay terrain (5.141875ms)
✔ low scree only dresses open neighbors of real rock and never changes their rules (4.734459ms)
✔ flat surface preserves the original isometric projection and exact roundtrips, including partial chunks (40.559708ms)
✔ all passable road/open/ramp height joins share exact geometry and are traversable in all four directions (9.736583ms)
✔ disconnected diagonal walkable sectors do not average across impassable tiles (0.212208ms)
✔ raised plateau centers and conservative map bounds include the full four-level lift (0.466458ms)
✔ face picking selects the actual near cliff surface and returns its blocked owner rather than lower ground (0.265541ms)
✔ arbitrary valid height maps have exact projected intersections and no duplicate edge ownership (15.371916ms)
✔ fog geometry always uses conservative owner disclosure and does not mutate visible arrays (0.274ms)
✔ mixed-height structure support has an exact clipped perimeter and never mutates terrain or invents placement validity (0.577416ms)
✔ surface is an immutable public-map snapshot and rejects unsupported heights (0.638167ms)
✔ two boarders deduplicate exact explicit receiver (4.598709ms)
✔ one interrupted boarder does not hide the remaining boarder (1.335042ms)
✔ all interrupted boarders immediately clear doors (1.206792ms)
✔ completion or expired channel does not linger (0.909167ms)
✔ moving approach orders alone do not open doors (0.249125ms)
✔ missing receiver remains unknown despite nearby airlift (0.209917ms)
✔ foreign receiver is not inferred or opened (0.1925ms)
✔ foreign passenger with artificial private data is ignored (0.205417ms)
✔ no private order means unknown even with public board state (0.183875ms)
✔ queued target does not replace active head order (0.299708ms)
✔ destroyed receiver closes independently of old order (0.175875ms)
✔ disabled receiver closes independently of old order (0.147458ms)
✔ neutral garrison requires exact disclosed target (0.168458ms)
✔ multiple receivers sorted independent of snapshot order (0.218166ms)
✔ reconnect/replay snapshot without active boarders clears context (0.126958ms)
✔ tutorial gesture memory merges tab updates, survives restart, isolates mission versions and never grants campaign progress (19.710125ms)
✔ incompatible tutorial memory stays preserved (1.028916ms)
✔ transport input lessons persist independently of authoritative world objectives (2.1805ms)
ℹ tests 466
ℹ suites 0
ℹ pass 466
ℹ fail 0
ℹ cancelled 0
ℹ skipped 0
ℹ todo 0
ℹ duration_ms 2272.049875
