✔ prepare/check/promote exact tree; stale own atlas removed only in stage; originals and old backup preserved (375.907083ms)
✔ duplicate ID and missing ID rejected before copy (72.590125ms)
✔ complete scope requires exact full162; subset cannot promote (290.248333ms)
✔ changed export rejected and original baseline unchanged (53.407541ms)
✔ unsafe source path and destination alias reject (100.223666ms)
✔ symlink input and parent directory reject (95.180333ms)
✔ failed integrity/native receipts reject even when handoff repinned (95.68775ms)
✔ changed editable source and production helper reject (80.878375ms)
✔ normalization handoff identity and full four-mask scope reject (104.991083ms)
✔ mask ordering catches late original overwrite; failed stage is unsealed (112.007833ms)
✔ dependency mutation during copy caught by complete post-check (113.858584ms)
✔ check catches extra stale page, missing required2x and changed normalized mask (504.97575ms)
✔ plugin silent omission cannot pass advertised ID inventory (48.994417ms)
✔ unchanged baseline rejects late file addition before promotion (215.192458ms)
✔ ordinary failures after either rename rollback old bytes and retain failure receipt (636.864334ms)
✔ existing exclusive lock blocks mutation (279.961542ms)
✔ interrupted process after old rename recovered from exact bytes, not journal phase (388.110417ms)
✔ fixture designation cannot target live assets (229.413167ms)
ℹ tests 18
ℹ suites 0
ℹ pass 18
ℹ fail 0
ℹ cancelled 0
ℹ skipped 0
ℹ todo 0
ℹ duration_ms 3851.2335
