✔ prepare/check/promote exact tree; stale own atlas removed only in stage; originals and old backup preserved (369.693583ms)
✔ duplicate ID and missing ID rejected before copy (70.0375ms)
✔ complete scope requires exact full162; subset cannot promote (303.668833ms)
✔ changed export rejected and original baseline unchanged (48.959791ms)
✔ unsafe source path and destination alias reject (93.179709ms)
✔ symlink input and parent directory reject (85.850458ms)
✔ failed integrity/native receipts reject even when handoff repinned (96.140958ms)
✔ changed editable source and production helper reject (90.880041ms)
✔ normalization handoff identity and full four-mask scope reject (122.859208ms)
✔ mask ordering catches late original overwrite; failed stage is unsealed (119.028208ms)
✔ dependency mutation during copy caught by complete post-check (112.925416ms)
✔ check catches extra stale page, missing required2x and changed normalized mask (540.639791ms)
✔ plugin silent omission cannot pass advertised ID inventory (80.200667ms)
✔ unchanged baseline rejects late file addition before promotion (241.251541ms)
✔ ordinary failures after either rename rollback old bytes and retain failure receipt (643.225583ms)
✔ existing exclusive lock blocks mutation (266.555917ms)
✔ interrupted process after either rename recovered from exact bytes, not journal phase (798.292875ms)
✔ fixture designation cannot target live assets (272.242166ms)
✔ extra unselected advertised baseline ID rejects before publication (136.931458ms)
✔ tampered check receipt and final stage reject promotion without mutation (521.995875ms)
ℹ tests 20
ℹ suites 0
ℹ pass 20
ℹ fail 0
ℹ cancelled 0
ℹ skipped 0
ℹ todo 0
ℹ duration_ms 5069.997458
