✔ prepare/check/promote exact tree; stale own atlas removed only in stage; originals and old backup preserved (369.534083ms)
✔ duplicate ID and missing ID rejected before copy (78.004417ms)
✔ complete scope requires exact full162; subset cannot promote (315.21975ms)
✔ changed export rejected and original baseline unchanged (50.083625ms)
✔ unsafe source path and destination alias reject (89.519459ms)
✔ symlink input and parent directory reject (89.941292ms)
✔ failed integrity/native receipts reject even when handoff repinned (82.963833ms)
✔ changed editable source and production helper reject (83.851417ms)
✔ normalization handoff identity and full four-mask scope reject (112.1735ms)
✔ mask ordering catches late original overwrite; failed stage is unsealed (126.912583ms)
✔ dependency mutation during copy caught by complete post-check (113.772625ms)
✔ check catches extra stale page, missing required2x and changed normalized mask (552.039708ms)
✔ plugin silent omission cannot pass advertised ID inventory (53.07975ms)
✔ unchanged baseline rejects late file addition before promotion (221.710667ms)
✔ ordinary failures after either rename rollback old bytes and retain failure receipt (642.572209ms)
✔ existing exclusive lock blocks mutation (272.090667ms)
✔ interrupted process before commit decision rolls back explicitly and idempotently (1223.327917ms)
✔ fixture designation cannot target live assets (275.731875ms)
✔ extra unselected advertised baseline ID rejects before publication (143.687833ms)
✔ tampered check receipt and final stage reject promotion without mutation (561.63875ms)
✔ hard exit after lock mkdir leaves an unstealable orphan with unchanged old bytes (366.137875ms)
✔ interrupted process after durable commit completes archival without rollback (830.749208ms)
ℹ tests 22
ℹ suites 0
ℹ pass 22
ℹ fail 0
ℹ cancelled 0
ℹ skipped 0
ℹ todo 0
ℹ duration_ms 6703.44925
