✔ prepare/check/promote exact tree; stale own atlas removed only in stage; originals and old backup preserved (375.395209ms)
✔ duplicate ID and missing ID rejected before copy (77.000084ms)
✔ complete scope requires exact full162; subset cannot promote (289.915ms)
✔ changed export rejected and original baseline unchanged (50.366208ms)
✔ unsafe source path and destination alias reject (89.615625ms)
✔ symlink input and parent directory reject (97.920167ms)
✔ failed integrity/native receipts reject even when handoff repinned (105.99275ms)
✔ changed editable source and production helper reject (94.941291ms)
✔ normalization handoff identity and full four-mask scope reject (114.927458ms)
✔ mask ordering catches late original overwrite; failed stage is unsealed (108.920667ms)
✔ dependency mutation during copy caught by complete post-check (112.072167ms)
✔ check catches extra stale page, missing required2x and changed normalized mask (544.090417ms)
✔ plugin silent omission cannot pass advertised ID inventory (51.677792ms)
✔ unchanged baseline rejects late file addition before promotion (233.563458ms)
✔ ordinary failures after either rename rollback old bytes and retain failure receipt (641.615208ms)
✔ existing exclusive lock blocks mutation (285.269375ms)
✔ interrupted process before commit decision rolls back explicitly and idempotently (1221.300625ms)
✔ fixture designation cannot target live assets (298.212666ms)
✔ extra unselected advertised baseline ID rejects before publication (153.899625ms)
✔ tampered check receipt and final stage reject promotion without mutation (605.141041ms)
✔ hard exit after lock mkdir leaves an unstealable orphan with unchanged old bytes (327.072667ms)
✔ interrupted process after durable commit completes archival without rollback (873.756292ms)
ℹ tests 22
ℹ suites 0
ℹ pass 22
ℹ fail 0
ℹ cancelled 0
ℹ skipped 0
ℹ todo 0
ℹ duration_ms 6801.31875
