{
  "scope": "Actual owner2 view from earned3H1AI midpoint restored through exact integrated3d49 production WASM; no simulation advance or command. Not an original live capture at a rejected-order tick.",
  "inputs": {
    "work/multiplayer-current-loader-v1/3h1ai-01/round-1-native-audit/midpoint.save.json": "772e4e62c19c78de902b9a5ccc93fd02328f106ff5eaf878eb3d36f4cc49bf38",
    "work/runtime-034-integrated-source/runtime-builds/20260929T081745Z/runtime/frontline.wasm": "d1d7b97deaa4c73f58ba8b8035858d524d24c64d5c52f4ce4e71bcd47dbdb7ae",
    "work/runtime-034-integrated-source/runtime-builds/20260929T081745Z/runtime/wasm_exec.js": "0c949f4996f9a89698e4b5c586de32249c3b69b7baadb64d220073cc04acba14",
    "work/runtime-034-integrated-source/runtime-builds/20260929T081745Z/runtime/frontline_pb.ts": "db86802c777fd6d2660a7956adce34c7b20a788dd72e6926365cdc46dc88199f"
  },
  "version": {
    "adapter": "1",
    "content_hash": "318de8122eb9a6738a825a62d138f6833fda95b968722f02619b77949a0c4612",
    "go": "go1.27.1",
    "protocol": 1,
    "simulation": "0.3.4",
    "tick_rate": 20
  },
  "info": {
    "adapter": "1",
    "metadata": {
      "simulation": "0.3.4",
      "protocol": 1,
      "content_hash": "318de8122eb9a6738a825a62d138f6833fda95b968722f02619b77949a0c4612",
      "map_version": "1",
      "ruleset": "standard-v2",
      "seed": 478486907601900400
    },
    "tick": 21895,
    "local_players": [
      2
    ],
    "finished": false,
    "replay": false,
    "replay_start": 0,
    "replay_end": 0
  },
  "hashBefore": "60645f1b19cdcdf99e9a56535e92d15fb1ac65153788008b80a4c9bb87e16372",
  "station": {
    "id": 10,
    "owner": 3,
    "position": {
      "$typeName": "frontline.v1.Vec",
      "x": 80500,
      "y": 109500
    }
  },
  "wireSHA256": "9fc4c1753821cf98f7f45c6c9ddc2981d5b13f2690c2ab6b275a7cb48b298eb6",
  "hashAfter": "60645f1b19cdcdf99e9a56535e92d15fb1ac65153788008b80a4c9bb87e16372",
  "outputs": {
    "owner2-midpoint.json": {
      "bytes": 629211,
      "sha256": "62768e41a41723be18fc467110b49099b778777ed4e1f94688edc8ee7a812b5b"
    },
    "catalog.json": {
      "bytes": 50309,
      "sha256": "0fd2789d173787366e40e1af059277c228e8408d26ee47f256776433912c473b"
    },
    "owner2-midpoint.pb": {
      "bytes": 56815,
      "sha256": "9fc4c1753821cf98f7f45c6c9ddc2981d5b13f2690c2ab6b275a7cb48b298eb6"
    }
  },
  "goExited": true,
  "status": "passed"
}
