✔ selected ordinary-build artifact must bind exact product pack before any launch (2.62975ms)
✔ all preflight/course/memory budgets and selected controls remain finite (0.314125ms)
✔ art body beyond fixed hash cap, duplicate or unsafe URL is rejected (0.723125ms)
✔ control filtering removes only exact control URLs and preserves global observer faults (0.633041ms)
✔ paid construction needs matching accepted order, new owner structure and saved real price (1.297791ms)
✔ site selection needs current public visibility, owned build range and clearance; no hidden save (0.215584ms)
✔ boot validator and created match have separate method-proven ownership (0.855125ms)
✔ failed create, validator session reuse, foreign frame and unexplained worker reject (1.904333ms)
✔ live match, pending work, replaced validator and extra live worker never pass menu release (0.858959ms)
✔ cross-worker save/clock/result, changed preview point and wrong envelope hash reject (1.569875ms)
✔ independent control/resource stages run after an earlier failed lifecycle assertion (1.51325ms)
✔ requested hash/body/concurrency ceilings are explicit and finite (1.056792ms)
✔ one exact original body may prove bytes while raw same-run abort remains failed (0.638459ms)
✔ wrong descriptor is never replaced by whichever bytes happened to match (0.156208ms)
✔ EOF, realm, unique native ID, execution context, SW and nonoverlap are mandatory (0.349459ms)
✔ unsupported native JSON remains listed, not turned into an original-byte proof (0.109458ms)
✔ an ambiguous FAILED native JSON is never waived by successful body or scene observations (0.100833ms)
✔ native Blob is delivered unchanged without a local body read in this course (0.9385ms)
✔ native rejection object is forwarded and incomplete/truncated bytes never become proof (0.515834ms)
✔ missing capture, overflow, open hashes and CDP/PW disagreement never pass strict diagnostics (0.208166ms)
✔ API query credentials are excluded; complete static URL identity is preserved (0.102417ms)
✔ original fetch/reader result identity is forwarded, with no clone or extra read (0.344333ms)
✔ actual original texture identity, size reallocation and disposal are observed without double counting (1.000666ms)
✔ retained detached GL objects and unknown/unobserved contexts cannot become cleanup pass (1.059625ms)
✔ bounded resource observer fails closed after overflow, and never changes native errors (0.590167ms)
✔ passive worker observer never sends calls and preserves original post arguments/termination (16.706792ms)
ℹ tests 26
ℹ suites 0
ℹ pass 26
ℹ fail 0
ℹ cancelled 0
ℹ skipped 0
ℹ todo 0
ℹ duration_ms 172.801166
