✔ selected ordinary-build artifact must bind exact product pack before any launch (2.884333ms)
✔ all preflight/course/memory budgets and selected controls remain finite (0.167208ms)
✔ art body beyond fixed hash cap, duplicate or unsafe URL is rejected (0.323958ms)
✔ control filtering removes only exact control URLs and preserves global observer faults (0.255958ms)
✔ paid construction needs matching accepted order, new owner structure and saved real price (0.73275ms)
✔ site selection needs current public visibility, owned build range and clearance; no hidden save (0.173666ms)
✔ boot validator and created match have separate method-proven ownership (0.903042ms)
✔ failed create, validator session reuse, foreign frame and unexplained worker reject (1.276083ms)
✔ live match, pending work, replaced validator and extra live worker never pass menu release (0.362459ms)
✔ cross-worker save/clock/result, changed preview point and wrong envelope hash reject (0.596792ms)
✔ independent control/resource stages run after an earlier failed lifecycle assertion (1.101375ms)
✔ requested hash/body/concurrency ceilings are explicit and finite (0.416ms)
✔ one exact original body may prove bytes while raw same-run abort remains failed (0.561333ms)
✔ wrong descriptor is never replaced by whichever bytes happened to match (0.143042ms)
✔ EOF, realm, unique native ID, execution context, SW and nonoverlap are mandatory (0.310917ms)
✔ unsupported native JSON remains listed, not turned into an original-byte proof (0.100875ms)
✔ an ambiguous FAILED native JSON is never waived by successful body or scene observations (0.092084ms)
✔ native Blob is delivered unchanged without a local body read in this course (0.80025ms)
✔ native rejection object is forwarded and incomplete/truncated bytes never become proof (0.857375ms)
✔ missing capture, overflow, open hashes and CDP/PW disagreement never pass strict diagnostics (0.233375ms)
✔ API query credentials are excluded; complete static URL identity is preserved (0.104875ms)
✔ original fetch/reader result identity is forwarded, with no clone or extra read (0.335459ms)
✔ actual original texture identity, size reallocation and disposal are observed without double counting (1.046ms)
✔ retained detached GL objects and unknown/unobserved contexts cannot become cleanup pass (0.737667ms)
✔ bounded resource observer fails closed after overflow, and never changes native errors (0.540625ms)
✔ passive worker observer never sends calls and preserves original post arguments/termination (11.569333ms)
ℹ tests 26
ℹ suites 0
ℹ pass 26
ℹ fail 0
ℹ cancelled 0
ℹ skipped 0
ℹ todo 0
ℹ duration_ms 125.345041
