FC_RIFLE_OLD_NEW_EVALUATED_DONE 200
FC_RIFLE_OTHER_ROLE_EXACT unit.IR.at 200
FC_RIFLE_OTHER_ROLE_EXACT unit.IR.elite 248
FC_RIFLE_OTHER_ROLE_EXACT unit.IR.engineer 256
FC_RIFLE_OTHER_ROLE_EXACT unit.IR.medic 208
FC_RIFLE_OTHER_ROLE_EXACT unit.IR.recon 232
FC_RIFLE_OTHER_ROLE_EXACT unit.IR.rifle 200
FC_RIFLE_OTHER_ROLE_EXACT unit.SA.at 200
FC_RIFLE_OTHER_ROLE_EXACT unit.SA.elite 248
FC_RIFLE_OTHER_ROLE_EXACT unit.SA.engineer 256
FC_RIFLE_OTHER_ROLE_EXACT unit.SA.medic 208
FC_RIFLE_OTHER_ROLE_EXACT unit.SA.recon 232
FC_RIFLE_OTHER_ROLE_EXACT unit.SA.rifle 200
FC_RIFLE_OTHER_ROLE_EXACT unit.SY.at 200
FC_RIFLE_OTHER_ROLE_EXACT unit.SY.elite 264
FC_RIFLE_OTHER_ROLE_EXACT unit.SY.engineer 256
FC_RIFLE_OTHER_ROLE_EXACT unit.SY.medic 208
FC_RIFLE_OTHER_ROLE_EXACT unit.SY.portable_aa 200
FC_RIFLE_OTHER_ROLE_EXACT unit.SY.recon 248
FC_RIFLE_OTHER_ROLE_EXACT unit.SY.rifle 216
FC_RIFLE_OTHER_ROLE_EXACT unit.US.at 200
FC_RIFLE_OTHER_ROLE_EXACT unit.US.elite 248
FC_RIFLE_OTHER_ROLE_EXACT unit.US.engineer 256
FC_RIFLE_OTHER_ROLE_EXACT unit.US.medic 208
FC_RIFLE_OTHER_ROLE_EXACT unit.US.recon 232
FC_RIFLE_SOURCE_PROOF_DONE 24 200
Blender 5.2.2 LTS (hash d13f752e3b9c built 2026-09-15 01:49:19)

Blender quit
