✔ a new structural condition interrupts a current real ActorVisual launch and cannot revive it (10.97125ms)
✔ strategic activation respects structural low power while enemy charge privacy stays generic (0.302ms)
✔ actual aircraft poses retain current owned empty payload through parked, service, damage and final-shot cues (9.443791ms)
✔ payload appearance checks current viewer, current owner and current private data every time (0.629916ms)
✔ all departure/recovery aliases keep canonical frame clocks and altitude when payload changes (0.857209ms)
✔ missing empty variants stay explicit incomplete art without changing authoritative state (1.444292ms)
✔ a decoding atlas cannot retain stale payload pixels across empty or viewer boundaries (0.84875ms)
✔ all four owned launchers retain disclosed empty payload through mobile and transition states (7.610375ms)
✔ IR first and last shots use separate real cue clocks and current post-shot charges (0.471375ms)
✔ partial pose aliases preserve progress and current action epoch when knowledge changes (0.36075ms)
✔ current ownership and private knowledge gate every mobile, ready and firing variant (0.415417ms)
✔ packing, undeployment and structural interruptions discard launcher shot cues (4.435916ms)
✔ missing variants are an explicit incomplete-art diagnostic and unrelated actors remain unchanged (0.393333ms)
✔ pending real atlas pages cannot keep stale payload or an expired departing missile (1.865542ms)
✔ final interceptor launch uses an empty rack only for disclosed owned charges (0.727541ms)
✔ owned structural battery art preserves priority and known charge count with legacy fallback (0.315625ms)
✔ cosmetic squad casualties follow only disclosed health and restore with healing (0.074667ms)
✔ authoritative support and channel names select their authored work animation (0.108792ms)
✔ deployment, packing and damage cannot disappear behind ordinary idle art (0.116417ms)
✔ boarding receiver context opens only authored doors and blocked unloading keeps them open (0.161417ms)
✔ building animations follow known power and service facts without disclosing enemy assignments (0.392ms)
ℹ tests 21
ℹ suites 0
ℹ pass 21
ℹ fail 0
ℹ cancelled 0
ℹ skipped 0
ℹ todo 0
ℹ duration_ms 244.359791
