{"Time":"2026-09-29T21:21:41.621158+03:00","Action":"start","Package":"frontlinecommand/cmd/wasm"}
{"Time":"2026-09-29T21:21:42.051482+03:00","Action":"run","Package":"frontlinecommand/cmd/wasm","Test":"TestRuntimeCheckpointSessionOracle"}
{"Time":"2026-09-29T21:21:42.051763+03:00","Action":"output","Package":"frontlinecommand/cmd/wasm","Test":"TestRuntimeCheckpointSessionOracle","Output":"=== RUN   TestRuntimeCheckpointSessionOracle\n","OutputType":"frame"}
{"Time":"2026-09-29T21:21:42.355673+03:00","Action":"output","Package":"frontlinecommand/cmd/wasm","Test":"TestRuntimeCheckpointSessionOracle","Output":"--- PASS: TestRuntimeCheckpointSessionOracle (0.30s)\n","OutputType":"frame"}
{"Time":"2026-09-29T21:21:42.356139+03:00","Action":"pass","Package":"frontlinecommand/cmd/wasm","Test":"TestRuntimeCheckpointSessionOracle","Elapsed":0.3}
{"Time":"2026-09-29T21:21:42.356732+03:00","Action":"run","Package":"frontlinecommand/cmd/wasm","Test":"TestCandidateServiceSessionAdapterParity"}
{"Time":"2026-09-29T21:21:42.356741+03:00","Action":"output","Package":"frontlinecommand/cmd/wasm","Test":"TestCandidateServiceSessionAdapterParity","Output":"=== RUN   TestCandidateServiceSessionAdapterParity\n","OutputType":"frame"}
{"Time":"2026-09-29T21:21:42.356757+03:00","Action":"run","Package":"frontlinecommand/cmd/wasm","Test":"TestCandidateServiceSessionAdapterParity/IR-retained-US-six"}
{"Time":"2026-09-29T21:21:42.356761+03:00","Action":"output","Package":"frontlinecommand/cmd/wasm","Test":"TestCandidateServiceSessionAdapterParity/IR-retained-US-six","Output":"=== RUN   TestCandidateServiceSessionAdapterParity/IR-retained-US-six\n","OutputType":"frame"}
{"Time":"2026-09-29T21:21:42.372207+03:00","Action":"output","Package":"frontlinecommand/cmd/wasm","Test":"TestCandidateServiceSessionAdapterParity/IR-retained-US-six","Output":"    service_parking_candidate_test.go:85: loaded actual approach save, stepped browserSession, decoded owner wire; hashbcaf605d24f9616c0cf32d21a66da37ebfb3678777ec0422f3e4b0bddf7dc1da wire4dee6c253c1ea004ece417bd9f64a2a8cfcffe1b96496d9873a5e6bf2c96b0f8\n"}
{"Time":"2026-09-29T21:21:42.372414+03:00","Action":"output","Package":"frontlinecommand/cmd/wasm","Test":"TestCandidateServiceSessionAdapterParity/IR-retained-US-six","Output":"--- PASS: TestCandidateServiceSessionAdapterParity/IR-retained-US-six (0.02s)\n","OutputType":"frame"}
{"Time":"2026-09-29T21:21:42.372421+03:00","Action":"pass","Package":"frontlinecommand/cmd/wasm","Test":"TestCandidateServiceSessionAdapterParity/IR-retained-US-six","Elapsed":0.02}
{"Time":"2026-09-29T21:21:42.372426+03:00","Action":"run","Package":"frontlinecommand/cmd/wasm","Test":"TestCandidateServiceSessionAdapterParity/IR-six"}
{"Time":"2026-09-29T21:21:42.372429+03:00","Action":"output","Package":"frontlinecommand/cmd/wasm","Test":"TestCandidateServiceSessionAdapterParity/IR-six","Output":"=== RUN   TestCandidateServiceSessionAdapterParity/IR-six\n","OutputType":"frame"}
{"Time":"2026-09-29T21:21:42.392047+03:00","Action":"output","Package":"frontlinecommand/cmd/wasm","Test":"TestCandidateServiceSessionAdapterParity/IR-six","Output":"    service_parking_candidate_test.go:85: loaded actual approach save, stepped browserSession, decoded owner wire; hash1c8aa2b72ec09f903c861c5e247ea7e6ea8e524e0e1be01f98d5cf71bb0702ba wire4ee35050454df8fdd13530265f385977688d73f0014327b378a4fc2d9e944694\n"}
{"Time":"2026-09-29T21:21:42.39206+03:00","Action":"output","Package":"frontlinecommand/cmd/wasm","Test":"TestCandidateServiceSessionAdapterParity/IR-six","Output":"--- PASS: TestCandidateServiceSessionAdapterParity/IR-six (0.02s)\n","OutputType":"frame"}
{"Time":"2026-09-29T21:21:42.392065+03:00","Action":"pass","Package":"frontlinecommand/cmd/wasm","Test":"TestCandidateServiceSessionAdapterParity/IR-six","Elapsed":0.02}
{"Time":"2026-09-29T21:21:42.392075+03:00","Action":"run","Package":"frontlinecommand/cmd/wasm","Test":"TestCandidateServiceSessionAdapterParity/SA-four"}
{"Time":"2026-09-29T21:21:42.392079+03:00","Action":"output","Package":"frontlinecommand/cmd/wasm","Test":"TestCandidateServiceSessionAdapterParity/SA-four","Output":"=== RUN   TestCandidateServiceSessionAdapterParity/SA-four\n","OutputType":"frame"}
{"Time":"2026-09-29T21:21:42.410966+03:00","Action":"output","Package":"frontlinecommand/cmd/wasm","Test":"TestCandidateServiceSessionAdapterParity/SA-four","Output":"    service_parking_candidate_test.go:85: loaded actual approach save, stepped browserSession, decoded owner wire; hash70f952da0ea5333314a1344fa268a88f16e2cb59f5896b0d28b360dc8aec793c wirebf87f5819eafb26aa31015ddeb91bf77f9ae38d61d8867b6f5268bc950104ef4\n"}
{"Time":"2026-09-29T21:21:42.410974+03:00","Action":"output","Package":"frontlinecommand/cmd/wasm","Test":"TestCandidateServiceSessionAdapterParity/SA-four","Output":"--- PASS: TestCandidateServiceSessionAdapterParity/SA-four (0.02s)\n","OutputType":"frame"}
{"Time":"2026-09-29T21:21:42.411105+03:00","Action":"pass","Package":"frontlinecommand/cmd/wasm","Test":"TestCandidateServiceSessionAdapterParity/SA-four","Elapsed":0.02}
{"Time":"2026-09-29T21:21:42.411111+03:00","Action":"run","Package":"frontlinecommand/cmd/wasm","Test":"TestCandidateServiceSessionAdapterParity/SY-retained-US-six"}
{"Time":"2026-09-29T21:21:42.411114+03:00","Action":"output","Package":"frontlinecommand/cmd/wasm","Test":"TestCandidateServiceSessionAdapterParity/SY-retained-US-six","Output":"=== RUN   TestCandidateServiceSessionAdapterParity/SY-retained-US-six\n","OutputType":"frame"}
{"Time":"2026-09-29T21:21:42.427634+03:00","Action":"output","Package":"frontlinecommand/cmd/wasm","Test":"TestCandidateServiceSessionAdapterParity/SY-retained-US-six","Output":"    service_parking_candidate_test.go:85: loaded actual approach save, stepped browserSession, decoded owner wire; hash1305653909eedbf50d64a7bf05e3878e4d876d65396a76b1778f427a4f34ed42 wire47fe7502d99a45fc1456570ffa06a13dc25267d4176f24213cb79c08eddb8157\n"}
{"Time":"2026-09-29T21:21:42.427639+03:00","Action":"output","Package":"frontlinecommand/cmd/wasm","Test":"TestCandidateServiceSessionAdapterParity/SY-retained-US-six","Output":"--- PASS: TestCandidateServiceSessionAdapterParity/SY-retained-US-six (0.02s)\n","OutputType":"frame"}
{"Time":"2026-09-29T21:21:42.427643+03:00","Action":"pass","Package":"frontlinecommand/cmd/wasm","Test":"TestCandidateServiceSessionAdapterParity/SY-retained-US-six","Elapsed":0.02}
{"Time":"2026-09-29T21:21:42.427646+03:00","Action":"run","Package":"frontlinecommand/cmd/wasm","Test":"TestCandidateServiceSessionAdapterParity/SY-two"}
{"Time":"2026-09-29T21:21:42.427648+03:00","Action":"output","Package":"frontlinecommand/cmd/wasm","Test":"TestCandidateServiceSessionAdapterParity/SY-two","Output":"=== RUN   TestCandidateServiceSessionAdapterParity/SY-two\n","OutputType":"frame"}
{"Time":"2026-09-29T21:21:42.444596+03:00","Action":"output","Package":"frontlinecommand/cmd/wasm","Test":"TestCandidateServiceSessionAdapterParity/SY-two","Output":"    service_parking_candidate_test.go:85: loaded actual approach save, stepped browserSession, decoded owner wire; hashfa14d4e1bb6847b09fc62ffb804f95aee934420c153c3f1788fb10131feecce4 wirec6a565a8284fee12fe44b5ad2c9d13cb7abb1baa2b5f7701e35b85758118283a\n"}
{"Time":"2026-09-29T21:21:42.444602+03:00","Action":"output","Package":"frontlinecommand/cmd/wasm","Test":"TestCandidateServiceSessionAdapterParity/SY-two","Output":"--- PASS: TestCandidateServiceSessionAdapterParity/SY-two (0.02s)\n","OutputType":"frame"}
{"Time":"2026-09-29T21:21:42.444784+03:00","Action":"pass","Package":"frontlinecommand/cmd/wasm","Test":"TestCandidateServiceSessionAdapterParity/SY-two","Elapsed":0.02}
{"Time":"2026-09-29T21:21:42.444789+03:00","Action":"run","Package":"frontlinecommand/cmd/wasm","Test":"TestCandidateServiceSessionAdapterParity/US-six"}
{"Time":"2026-09-29T21:21:42.444791+03:00","Action":"output","Package":"frontlinecommand/cmd/wasm","Test":"TestCandidateServiceSessionAdapterParity/US-six","Output":"=== RUN   TestCandidateServiceSessionAdapterParity/US-six\n","OutputType":"frame"}
{"Time":"2026-09-29T21:21:42.462399+03:00","Action":"output","Package":"frontlinecommand/cmd/wasm","Test":"TestCandidateServiceSessionAdapterParity/US-six","Output":"    service_parking_candidate_test.go:85: loaded actual approach save, stepped browserSession, decoded owner wire; hashfda83068182d3d513f335984a32355b4ead87ca8978a70566b24af9cf95a1394 wire61cc51f45bb5dc435349f3dd15e5bfb8b5c9c9b4db80693516e18ed10df92ef1\n"}
{"Time":"2026-09-29T21:21:42.462408+03:00","Action":"output","Package":"frontlinecommand/cmd/wasm","Test":"TestCandidateServiceSessionAdapterParity/US-six","Output":"--- PASS: TestCandidateServiceSessionAdapterParity/US-six (0.02s)\n","OutputType":"frame"}
{"Time":"2026-09-29T21:21:42.462411+03:00","Action":"pass","Package":"frontlinecommand/cmd/wasm","Test":"TestCandidateServiceSessionAdapterParity/US-six","Elapsed":0.02}
{"Time":"2026-09-29T21:21:42.462414+03:00","Action":"output","Package":"frontlinecommand/cmd/wasm","Test":"TestCandidateServiceSessionAdapterParity","Output":"--- PASS: TestCandidateServiceSessionAdapterParity (0.11s)\n","OutputType":"frame"}
{"Time":"2026-09-29T21:21:42.462416+03:00","Action":"pass","Package":"frontlinecommand/cmd/wasm","Test":"TestCandidateServiceSessionAdapterParity","Elapsed":0.11}
{"Time":"2026-09-29T21:21:42.462419+03:00","Action":"output","Package":"frontlinecommand/cmd/wasm","Output":"PASS\n","OutputType":"frame"}
{"Time":"2026-09-29T21:21:42.463919+03:00","Action":"output","Package":"frontlinecommand/cmd/wasm","Output":"ok  \tfrontlinecommand/cmd/wasm\t0.842s\n"}
{"Time":"2026-09-29T21:21:42.463928+03:00","Action":"pass","Package":"frontlinecommand/cmd/wasm","Elapsed":0.843}
