✔ actual Vite build: separate CSS font/chrome assets map to the exact originals (40.222ms)
✔ non-generated worker source drift during runtime build is rejected (36.045917ms)
✔ generated runtime and protocol outputs may change during runtime build (28.670458ms)
✔ nested source dependency bytes are guarded (27.496083ms)
✔ hashed CSS .woff2 output corruption fails even with exact plugin copy (28.44ms)
✔ hashed CSS .png output corruption fails even with exact plugin copy (26.569875ms)
✔ post-capture addition of a selected art file is rejected (27.597666ms)
✔ post-capture art removal is rejected (23.93725ms)
✔ new audio license notice is rejected (28.179625ms)
✔ input-only effect approval manifest drift is rejected (33.35425ms)
✔ public collision with art/ui/chrome/panel.png is rejected (40.853375ms)
✔ public collision with content/index.json is rejected (29.478667ms)
✔ public collision with build-assets.json is rejected (27.749084ms)
✔ only generated pack version may alter the authored content index (34.597584ms)
✔ generated pack version must match the actual base pack (39.8355ms)
✔ source symlink escape is rejected (24.184041ms)
✔ source directory cycle is rejected (29.11275ms)
ℹ tests 17
ℹ suites 0
ℹ pass 17
ℹ fail 0
ℹ cancelled 0
ℹ skipped 0
ℹ todo 0
ℹ duration_ms 791.890583
