✔ actual Vite build: separate CSS font/chrome assets map to the exact originals (30.95775ms)
✔ non-generated worker source drift during runtime build is rejected (25.607459ms)
✔ generated runtime and protocol outputs may change during runtime build (21.348542ms)
✔ nested source dependency bytes are guarded (23.208833ms)
✔ hashed CSS .woff2 output corruption fails even with exact plugin copy (24.003583ms)
✔ hashed CSS .png output corruption fails even with exact plugin copy (22.319ms)
✔ post-capture addition of a selected art file is rejected (22.835583ms)
✔ post-capture art removal is rejected (22.588875ms)
✔ new audio license notice is rejected (23.344666ms)
✔ input-only effect approval manifest drift is rejected (21.913291ms)
✔ public collision with art/ui/chrome/panel.png is rejected (21.813417ms)
✔ public collision with content/index.json is rejected (21.308666ms)
✔ public collision with build-assets.json is rejected (21.061167ms)
✔ public collision with index.html is rejected (20.834042ms)
✔ dynamic Vite output cannot collide with a public copy even with identical bytes (28.005917ms)
✔ only generated pack version may alter the authored content index (19.998583ms)
✔ generated pack version must match the actual base pack (20.83975ms)
✔ source symlink escape is rejected (18.185209ms)
✔ source directory cycle is rejected (16.777917ms)
✔ native host keeps authored content exact while browser gets generated pack identity (17.298208ms)
ℹ tests 20
ℹ suites 0
ℹ pass 20
ℹ fail 0
ℹ cancelled 0
ℹ skipped 0
ℹ todo 0
ℹ duration_ms 589.239208
