vite v8.3.1 building client environment for production...
transforming...

/art/ui/chrome/console_plate@2x.png referenced in /art/ui/chrome/console_plate@2x.png didn't resolve at build time, it will remain unchanged to be resolved at runtime

/art/ui/chrome/well@2x.png referenced in /art/ui/chrome/well@2x.png didn't resolve at build time, it will remain unchanged to be resolved at runtime

/art/ui/chrome/brass_bezel@2x.png referenced in /art/ui/chrome/brass_bezel@2x.png didn't resolve at build time, it will remain unchanged to be resolved at runtime

/art/ui/chrome/button_normal@2x.png referenced in /art/ui/chrome/button_normal@2x.png didn't resolve at build time, it will remain unchanged to be resolved at runtime

/art/ui/chrome/button_hover@2x.png referenced in /art/ui/chrome/button_hover@2x.png didn't resolve at build time, it will remain unchanged to be resolved at runtime

/art/ui/chrome/button_pressed@2x.png referenced in /art/ui/chrome/button_pressed@2x.png didn't resolve at build time, it will remain unchanged to be resolved at runtime

/art/ui/chrome/button_active@2x.png referenced in /art/ui/chrome/button_active@2x.png didn't resolve at build time, it will remain unchanged to be resolved at runtime

/art/ui/chrome/button_disabled@2x.png referenced in /art/ui/chrome/button_disabled@2x.png didn't resolve at build time, it will remain unchanged to be resolved at runtime

/art/ui/chrome/cameo_frame@2x.png referenced in /art/ui/chrome/cameo_frame@2x.png didn't resolve at build time, it will remain unchanged to be resolved at runtime

/art/ui/chrome/metal_noise.png referenced in /art/ui/chrome/metal_noise.png didn't resolve at build time, it will remain unchanged to be resolved at runtime
✓ 977 modules transformed.
rendering chunks...
computing gzip size...
work/package-presentation-guard-v1/checks-product-01/product/assets/well@2x-BcfMkIZy.png                              1.00 kB
work/package-presentation-guard-v1/checks-product-01/product/index.html                                               1.18 kB │ gzip:   0.62 kB
work/package-presentation-guard-v1/checks-product-01/product/assets/cameo_frame@2x-b-4_uaIk.png                       2.24 kB
work/package-presentation-guard-v1/checks-product-01/product/assets/brass_bezel@2x-D8ufsW9Q.png                       5.41 kB
work/package-presentation-guard-v1/checks-product-01/product/build-assets.json                                        5.92 kB │ gzip:   1.02 kB
work/package-presentation-guard-v1/checks-product-01/product/assets/console_plate@2x-BNHCQEd0.png                    10.32 kB
work/package-presentation-guard-v1/checks-product-01/product/assets/button@2x-DfSzGOnj.png                           13.71 kB
work/package-presentation-guard-v1/checks-product-01/product/assets/metal_noise-CFnlGhM8.png                         20.09 kB
work/package-presentation-guard-v1/checks-product-01/product/assets/ShareTechMono-Regular-BC4QgGwP.ttf               43.27 kB
work/package-presentation-guard-v1/checks-product-01/product/assets/BarlowCondensed-Regular-u9oSiJc6.ttf            102.48 kB
work/package-presentation-guard-v1/checks-product-01/product/assets/BarlowCondensed-Medium-kxnlQoDx.ttf             103.36 kB
work/package-presentation-guard-v1/checks-product-01/product/assets/Barlow-Medium-BYD2zMwq.ttf                      103.53 kB
work/package-presentation-guard-v1/checks-product-01/product/assets/Barlow-Regular-BeTQORF1.ttf                     104.06 kB
work/package-presentation-guard-v1/checks-product-01/product/assets/Barlow-Bold-CqhdknQi.ttf                        108.22 kB
work/package-presentation-guard-v1/checks-product-01/product/assets/Barlow-SemiBold-DrsHaTWO.ttf                    108.34 kB
work/package-presentation-guard-v1/checks-product-01/product/assets/BarlowCondensed-SemiBold-B7YG4rBL.ttf           109.42 kB
work/package-presentation-guard-v1/checks-product-01/product/assets/BarlowCondensed-Bold-v1X23fbx.ttf               109.91 kB
work/package-presentation-guard-v1/checks-product-01/product/assets/BigShouldersStencilDisplay-wght-D7r8AJdo.ttf    226.50 kB
work/package-presentation-guard-v1/checks-product-01/product/assets/index-BbY5EhDp.css                              113.82 kB │ gzip:  23.29 kB
work/package-presentation-guard-v1/checks-product-01/product/assets/webworkerAll-CvDSp9kE.js                          0.05 kB │ gzip:   0.06 kB
work/package-presentation-guard-v1/checks-product-01/product/assets/getTextureBatchBindGroup-BKKqjbfz.js              0.40 kB │ gzip:   0.32 kB │ map:     2.03 kB
work/package-presentation-guard-v1/checks-product-01/product/assets/canvasUtils-DMb7rZel.js                           6.10 kB │ gzip:   2.09 kB │ map:    23.33 kB
work/package-presentation-guard-v1/checks-product-01/product/assets/BufferResource-DjsMg8cd.js                       11.08 kB │ gzip:   2.86 kB │ map:    27.60 kB
work/package-presentation-guard-v1/checks-product-01/product/assets/init-Cm_0ItAk.js                                 15.40 kB │ gzip:   4.83 kB │ map:    56.23 kB
work/package-presentation-guard-v1/checks-product-01/product/assets/browserAll-D1cAZIaB.js                           42.69 kB │ gzip:  11.23 kB │ map:   161.44 kB
work/package-presentation-guard-v1/checks-product-01/product/assets/RenderTargetSystem-IFUccLKt.js                   78.16 kB │ gzip:  22.14 kB │ map:   298.68 kB
work/package-presentation-guard-v1/checks-product-01/product/assets/CanvasPool-LcM3R_HP.js                          110.41 kB │ gzip:  33.62 kB │ map:   552.99 kB
work/package-presentation-guard-v1/checks-product-01/product/assets/index-ChIca_x-.js                             1,260.70 kB │ gzip: 376.26 kB │ map: 4,679.01 kB

✓ built in 407ms
{
  "started": "2026-09-29T18:42:05.312Z",
  "status": "passed",
  "scope": "Private ordinary-config Vite rehearsal, candidate art plugin and manifest enabled, existing accepted runtime and incomplete art. No runtime rebuild, host, browser, final art or release claim.",
  "candidate": {
    "scripts/package-presentation-inputs.mjs": {
      "bytes": 8793,
      "sha256": "b68e98ae082547bb4e0407116e449869a457bdc0fe7c46efe8d7da2855fc02e1"
    },
    "scripts/local.mjs": {
      "bytes": 14611,
      "sha256": "c195f5428047231b8b4a614e2c2b7baeda9fe3f9da7058cc90e72582ef97c9e8"
    },
    "scripts/package-integrity.mjs": {
      "bytes": 8745,
      "sha256": "351de7f3e1850128b2865e324663063a51914c4581c33a4db9092e598aebcc2d"
    },
    "client/vite.config.ts": {
      "bytes": 1060,
      "sha256": "982455b8602ccaebe3f92b35b1f237898e4fd9100061cde646365b35829dd7ca"
    },
    "client/scripts/ui/art-plugin.mjs": {
      "bytes": 14439,
      "sha256": "a23292d5e18c59fe07231a7aede4323e091dfb40a668eae732da85fbfe5fe7d1"
    },
    "client/scripts/ui/effect-pack.mjs": {
      "bytes": 5173,
      "sha256": "e5e7cc2f6105715f0992266b91d7b306233ceca039b84cddb6241193239ba974"
    },
    "client/src/content/effect-assets.mjs": {
      "bytes": 7254,
      "sha256": "25f72c5a7a6c920403280498d28a8300c22c860ec8423a5f40d2f8ee34dfdb17"
    }
  },
  "driver": {
    "bytes": 3166,
    "sha256": "882f9cf5ab61af0bd3220941997ffb86429e9791cac28a8ca5a792f6c22cf3ee"
  },
  "product": {
    "files": 4531,
    "bytes": 552381724,
    "id": "2.0.0",
    "version": "content-v1-1330e2fa8592008e640dd41d6281dfcba617d5762a359356bc9d95fa765e1d8a",
    "packSHA256": "eb5199b52b2e7fde8c8671ccbaee7d4d60cdcc5adb140463326e175b8d655776",
    "runtime": {
      "adapter": "1",
      "content_hash": "318de8122eb9a6738a825a62d138f6833fda95b968722f02619b77949a0c4612",
      "go": "go1.27.1",
      "protocol": 1,
      "simulation": "0.3.4"
    },
    "inventoryFiles": 4542,
    "cssDependencies": 26,
    "scope": "Read-only static integrity; no browser boot, MIME response, art completeness or release certification"
  },
  "presentation": {
    "sourceFiles": 6157,
    "sourceSHA256": "ae274bfeb039b96e251d338711443bddff96c5ed0db751d73b73ea5201d37d50",
    "copiedFiles": 4505,
    "outputSHA256": "9195fa66a29b466ff31f926fa581d14d1f8d6dd136fea1e0b8a643b870576293",
    "viteAssets": 16,
    "scope": "Client sources, nested source dependencies, public outputs and selected art/content copies are consistent. Top-level installed tools use pinned lockfiles; final reviewed art completeness is a separate receipt gate."
  },
  "pack": {
    "bytes": 869118,
    "sha256": "eb5199b52b2e7fde8c8671ccbaee7d4d60cdcc5adb140463326e175b8d655776"
  },
  "viteManifest": {
    "bytes": 5921,
    "sha256": "1b422aa4fac8d7781fb2483c362d6bcef8dce9f05a6cff9155bb7cd63750be24"
  },
  "ended": "2026-09-29T18:42:11.531Z"
}
