{"Time":"2026-09-29T10:21:54.484629+03:00","Action":"start","Package":"frontlinecommand/internal/viewproto"}
{"Time":"2026-09-29T10:21:55.363392+03:00","Action":"run","Package":"frontlinecommand/internal/viewproto","Test":"TestSnapshotMatchesPriorJSONContract"}
{"Time":"2026-09-29T10:21:55.363459+03:00","Action":"output","Package":"frontlinecommand/internal/viewproto","Test":"TestSnapshotMatchesPriorJSONContract","Output":"=== RUN   TestSnapshotMatchesPriorJSONContract\n","OutputType":"frame"}
{"Time":"2026-09-29T10:21:55.795036+03:00","Action":"output","Package":"frontlinecommand/internal/viewproto","Test":"TestSnapshotMatchesPriorJSONContract","Output":"--- PASS: TestSnapshotMatchesPriorJSONContract (0.43s)\n","OutputType":"frame"}
{"Time":"2026-09-29T10:21:55.795078+03:00","Action":"pass","Package":"frontlinecommand/internal/viewproto","Test":"TestSnapshotMatchesPriorJSONContract","Elapsed":0.43}
{"Time":"2026-09-29T10:21:55.795104+03:00","Action":"run","Package":"frontlinecommand/internal/viewproto","Test":"TestOptionalZeroPresenceAndAbsentPrivate"}
{"Time":"2026-09-29T10:21:55.795109+03:00","Action":"output","Package":"frontlinecommand/internal/viewproto","Test":"TestOptionalZeroPresenceAndAbsentPrivate","Output":"=== RUN   TestOptionalZeroPresenceAndAbsentPrivate\n","OutputType":"frame"}
{"Time":"2026-09-29T10:21:55.795822+03:00","Action":"output","Package":"frontlinecommand/internal/viewproto","Test":"TestOptionalZeroPresenceAndAbsentPrivate","Output":"--- PASS: TestOptionalZeroPresenceAndAbsentPrivate (0.00s)\n","OutputType":"frame"}
{"Time":"2026-09-29T10:21:55.795831+03:00","Action":"pass","Package":"frontlinecommand/internal/viewproto","Test":"TestOptionalZeroPresenceAndAbsentPrivate","Elapsed":0}
{"Time":"2026-09-29T10:21:55.795867+03:00","Action":"output","Package":"frontlinecommand/internal/viewproto","Output":"PASS\n","OutputType":"frame"}
{"Time":"2026-09-29T10:21:56.80217+03:00","Action":"output","Package":"frontlinecommand/internal/viewproto","Output":"ok  \tfrontlinecommand/internal/viewproto\t2.317s\n"}
{"Time":"2026-09-29T10:21:56.802218+03:00","Action":"pass","Package":"frontlinecommand/internal/viewproto","Elapsed":2.318}
{"Time":"2026-09-29T10:21:57.207353+03:00","Action":"start","Package":"frontlinecommand/cmd/wasm"}
{"Time":"2026-09-29T10:21:57.635506+03:00","Action":"run","Package":"frontlinecommand/cmd/wasm","Test":"TestCombatFeedbackCodecPresenceAndLegacy"}
{"Time":"2026-09-29T10:21:57.635558+03:00","Action":"output","Package":"frontlinecommand/cmd/wasm","Test":"TestCombatFeedbackCodecPresenceAndLegacy","Output":"=== RUN   TestCombatFeedbackCodecPresenceAndLegacy\n","OutputType":"frame"}
{"Time":"2026-09-29T10:21:57.63724+03:00","Action":"output","Package":"frontlinecommand/cmd/wasm","Test":"TestCombatFeedbackCodecPresenceAndLegacy","Output":"--- PASS: TestCombatFeedbackCodecPresenceAndLegacy (0.00s)\n","OutputType":"frame"}
{"Time":"2026-09-29T10:21:57.637253+03:00","Action":"pass","Package":"frontlinecommand/cmd/wasm","Test":"TestCombatFeedbackCodecPresenceAndLegacy","Elapsed":0}
{"Time":"2026-09-29T10:21:57.63736+03:00","Action":"run","Package":"frontlinecommand/cmd/wasm","Test":"TestTacticalOptionalWirePresence"}
{"Time":"2026-09-29T10:21:57.637368+03:00","Action":"output","Package":"frontlinecommand/cmd/wasm","Test":"TestTacticalOptionalWirePresence","Output":"=== RUN   TestTacticalOptionalWirePresence\n","OutputType":"frame"}
{"Time":"2026-09-29T10:21:57.63826+03:00","Action":"output","Package":"frontlinecommand/cmd/wasm","Test":"TestTacticalOptionalWirePresence","Output":"--- PASS: TestTacticalOptionalWirePresence (0.00s)\n","OutputType":"frame"}
{"Time":"2026-09-29T10:21:57.638267+03:00","Action":"pass","Package":"frontlinecommand/cmd/wasm","Test":"TestTacticalOptionalWirePresence","Elapsed":0}
{"Time":"2026-09-29T10:21:57.638323+03:00","Action":"output","Package":"frontlinecommand/cmd/wasm","Output":"PASS\n","OutputType":"frame"}
{"Time":"2026-09-29T10:21:58.64402+03:00","Action":"output","Package":"frontlinecommand/cmd/wasm","Output":"ok  \tfrontlinecommand/cmd/wasm\t1.437s\n"}
{"Time":"2026-09-29T10:21:58.644057+03:00","Action":"pass","Package":"frontlinecommand/cmd/wasm","Elapsed":1.437}
{"Time":"2026-09-29T10:22:00.971529+03:00","Action":"start","Package":"frontlinecommand/internal/server"}
{"Time":"2026-09-29T10:22:01.566149+03:00","Action":"run","Package":"frontlinecommand/internal/server","Test":"TestCommandAdviceUsesSlotAuthenticationAndNeverChangesMatch"}
{"Time":"2026-09-29T10:22:01.566215+03:00","Action":"output","Package":"frontlinecommand/internal/server","Test":"TestCommandAdviceUsesSlotAuthenticationAndNeverChangesMatch","Output":"=== RUN   TestCommandAdviceUsesSlotAuthenticationAndNeverChangesMatch\n","OutputType":"frame"}
{"Time":"2026-09-29T10:22:01.971541+03:00","Action":"output","Package":"frontlinecommand/internal/server","Test":"TestCommandAdviceUsesSlotAuthenticationAndNeverChangesMatch","Output":"--- PASS: TestCommandAdviceUsesSlotAuthenticationAndNeverChangesMatch (0.41s)\n","OutputType":"frame"}
{"Time":"2026-09-29T10:22:01.971579+03:00","Action":"pass","Package":"frontlinecommand/internal/server","Test":"TestCommandAdviceUsesSlotAuthenticationAndNeverChangesMatch","Elapsed":0.41}
{"Time":"2026-09-29T10:22:01.971603+03:00","Action":"run","Package":"frontlinecommand/internal/server","Test":"TestCommandAdviceRateAndInFlightBounds"}
{"Time":"2026-09-29T10:22:01.971612+03:00","Action":"output","Package":"frontlinecommand/internal/server","Test":"TestCommandAdviceRateAndInFlightBounds","Output":"=== RUN   TestCommandAdviceRateAndInFlightBounds\n","OutputType":"frame"}
{"Time":"2026-09-29T10:22:02.21267+03:00","Action":"output","Package":"frontlinecommand/internal/server","Test":"TestCommandAdviceRateAndInFlightBounds","Output":"--- PASS: TestCommandAdviceRateAndInFlightBounds (0.24s)\n","OutputType":"frame"}
{"Time":"2026-09-29T10:22:02.212692+03:00","Action":"pass","Package":"frontlinecommand/internal/server","Test":"TestCommandAdviceRateAndInFlightBounds","Elapsed":0.24}
{"Time":"2026-09-29T10:22:02.2127+03:00","Action":"run","Package":"frontlinecommand/internal/server","Test":"TestCommandAdviceSkybreakerOwnerPlan"}
{"Time":"2026-09-29T10:22:02.212703+03:00","Action":"output","Package":"frontlinecommand/internal/server","Test":"TestCommandAdviceSkybreakerOwnerPlan","Output":"=== RUN   TestCommandAdviceSkybreakerOwnerPlan\n","OutputType":"frame"}
{"Time":"2026-09-29T10:22:02.597511+03:00","Action":"output","Package":"frontlinecommand/internal/server","Test":"TestCommandAdviceSkybreakerOwnerPlan","Output":"--- PASS: TestCommandAdviceSkybreakerOwnerPlan (0.38s)\n","OutputType":"frame"}
{"Time":"2026-09-29T10:22:02.597541+03:00","Action":"pass","Package":"frontlinecommand/internal/server","Test":"TestCommandAdviceSkybreakerOwnerPlan","Elapsed":0.38}
{"Time":"2026-09-29T10:22:02.597556+03:00","Action":"run","Package":"frontlinecommand/internal/server","Test":"TestAdviceDoesNotConsumeGeneralWriteAdmission"}
{"Time":"2026-09-29T10:22:02.59756+03:00","Action":"output","Package":"frontlinecommand/internal/server","Test":"TestAdviceDoesNotConsumeGeneralWriteAdmission","Output":"=== RUN   TestAdviceDoesNotConsumeGeneralWriteAdmission\n","OutputType":"frame"}
{"Time":"2026-09-29T10:22:02.597807+03:00","Action":"output","Package":"frontlinecommand/internal/server","Test":"TestAdviceDoesNotConsumeGeneralWriteAdmission","Output":"--- PASS: TestAdviceDoesNotConsumeGeneralWriteAdmission (0.00s)\n","OutputType":"frame"}
{"Time":"2026-09-29T10:22:02.597816+03:00","Action":"pass","Package":"frontlinecommand/internal/server","Test":"TestAdviceDoesNotConsumeGeneralWriteAdmission","Elapsed":0}
{"Time":"2026-09-29T10:22:02.597833+03:00","Action":"run","Package":"frontlinecommand/internal/server","Test":"TestCombatFeedbackCodecPresenceAndLegacy"}
{"Time":"2026-09-29T10:22:02.597837+03:00","Action":"output","Package":"frontlinecommand/internal/server","Test":"TestCombatFeedbackCodecPresenceAndLegacy","Output":"=== RUN   TestCombatFeedbackCodecPresenceAndLegacy\n","OutputType":"frame"}
{"Time":"2026-09-29T10:22:02.5984+03:00","Action":"output","Package":"frontlinecommand/internal/server","Test":"TestCombatFeedbackCodecPresenceAndLegacy","Output":"--- PASS: TestCombatFeedbackCodecPresenceAndLegacy (0.00s)\n","OutputType":"frame"}
{"Time":"2026-09-29T10:22:02.598419+03:00","Action":"pass","Package":"frontlinecommand/internal/server","Test":"TestCombatFeedbackCodecPresenceAndLegacy","Elapsed":0}
{"Time":"2026-09-29T10:22:02.598541+03:00","Action":"run","Package":"frontlinecommand/internal/server","Test":"TestMissionOriginProtocolSnapshotAndOwnershipDelta"}
{"Time":"2026-09-29T10:22:02.598545+03:00","Action":"output","Package":"frontlinecommand/internal/server","Test":"TestMissionOriginProtocolSnapshotAndOwnershipDelta","Output":"=== RUN   TestMissionOriginProtocolSnapshotAndOwnershipDelta\n","OutputType":"frame"}
{"Time":"2026-09-29T10:22:02.598739+03:00","Action":"output","Package":"frontlinecommand/internal/server","Test":"TestMissionOriginProtocolSnapshotAndOwnershipDelta","Output":"--- PASS: TestMissionOriginProtocolSnapshotAndOwnershipDelta (0.00s)\n","OutputType":"frame"}
{"Time":"2026-09-29T10:22:02.598743+03:00","Action":"pass","Package":"frontlinecommand/internal/server","Test":"TestMissionOriginProtocolSnapshotAndOwnershipDelta","Elapsed":0}
{"Time":"2026-09-29T10:22:02.598871+03:00","Action":"run","Package":"frontlinecommand/internal/server","Test":"TestTacticalOptionalWirePresence"}
{"Time":"2026-09-29T10:22:02.598875+03:00","Action":"output","Package":"frontlinecommand/internal/server","Test":"TestTacticalOptionalWirePresence","Output":"=== RUN   TestTacticalOptionalWirePresence\n","OutputType":"frame"}
{"Time":"2026-09-29T10:22:02.599332+03:00","Action":"output","Package":"frontlinecommand/internal/server","Test":"TestTacticalOptionalWirePresence","Output":"--- PASS: TestTacticalOptionalWirePresence (0.00s)\n","OutputType":"frame"}
{"Time":"2026-09-29T10:22:02.599336+03:00","Action":"pass","Package":"frontlinecommand/internal/server","Test":"TestTacticalOptionalWirePresence","Elapsed":0}
{"Time":"2026-09-29T10:22:02.599375+03:00","Action":"output","Package":"frontlinecommand/internal/server","Output":"PASS\n","OutputType":"frame"}
{"Time":"2026-09-29T10:22:03.606579+03:00","Action":"output","Package":"frontlinecommand/internal/server","Output":"ok  \tfrontlinecommand/internal/server\t2.635s\n"}
{"Time":"2026-09-29T10:22:03.606624+03:00","Action":"pass","Package":"frontlinecommand/internal/server","Elapsed":2.635}
