fx.weapon_muzzle.RIF packed 14 unique frames, 5480 decoded bytes, 0.117 seconds
fx.weapon_muzzle.REC packed 13 unique frames, 4800 decoded bytes, 0.082 seconds
fx.weapon_muzzle.ELI packed 14 unique frames, 6336 decoded bytes, 0.083 seconds
fx.weapon_muzzle.APC packed 14 unique frames, 6820 decoded bytes, 0.085 seconds
fx.weapon_muzzle.AUTO packed 15 unique frames, 8736 decoded bytes, 0.12 seconds
fx.weapon_muzzle.TANK packed 15 unique frames, 16252 decoded bytes, 0.113 seconds
fx.weapon_muzzle.AT packed 14 unique frames, 15340 decoded bytes, 0.111 seconds
fx.weapon_muzzle.ART packed 15 unique frames, 23920 decoded bytes, 0.112 seconds
fx.weapon_muzzle.AA packed 14 unique frames, 15340 decoded bytes, 0.114 seconds
fx.weapon_muzzle.FIGHT packed 14 unique frames, 13536 decoded bytes, 0.141 seconds
fx.weapon_muzzle.STRIKE packed 9 unique frames, 6552 decoded bytes, 0.098 seconds
fx.weapon_muzzle.GUN packed 15 unique frames, 9932 decoded bytes, 0.134 seconds
fx.weapon_muzzle.US_FIGHT packed 14 unique frames, 15340 decoded bytes, 0.129 seconds
fx.weapon_muzzle.US_STRIKE packed 9 unique frames, 6552 decoded bytes, 0.081 seconds
fx.weapon_muzzle.US_GUN packed 15 unique frames, 10660 decoded bytes, 0.124 seconds
fx.weapon_muzzle.IR_ART packed 14 unique frames, 21660 decoded bytes, 0.111 seconds
fx.weapon_muzzle.IR_FIGHT packed 14 unique frames, 12912 decoded bytes, 0.12 seconds
fx.weapon_muzzle.IR_STRIKE packed 9 unique frames, 6552 decoded bytes, 0.098 seconds
fx.weapon_muzzle.IR_LOITER packed 15 unique frames, 7128 decoded bytes, 0.142 seconds
fx.weapon_muzzle.SY_ART packed 15 unique frames, 25256 decoded bytes, 0.138 seconds
fx.weapon_muzzle.SY_AA packed 14 unique frames, 13536 decoded bytes, 0.126 seconds
fx.weapon_muzzle.SY_BUGGY packed 14 unique frames, 12912 decoded bytes, 0.122 seconds
fx.weapon_muzzle.SY_TANK packed 15 unique frames, 14160 decoded bytes, 0.236 seconds
fx.weapon_muzzle.MISSILE packed 14 unique frames, 28152 decoded bytes, 0.147 seconds
fx.weapon_muzzle.IR_MISSILE packed 14 unique frames, 30888 decoded bytes, 0.123 seconds
fx.weapon_muzzle.SY_ROCKET packed 14 unique frames, 26384 decoded bytes, 0.127 seconds
fx.weapon_muzzle.TURRET packed 15 unique frames, 16252 decoded bytes, 0.117 seconds
fx.weapon_muzzle.AA_POST packed 14 unique frames, 18032 decoded bytes, 0.109 seconds
fx.projectile.tracer_small packed 9 unique frames, 3456 decoded bytes, 0.063 seconds
fx.projectile.tracer_auto packed 9 unique frames, 4608 decoded bytes, 0.069 seconds
fx.projectile.shell_cannon packed 2 unique frames, 1360 decoded bytes, 0.066 seconds
fx.projectile.missile_at packed 9 unique frames, 14112 decoded bytes, 0.074 seconds
fx.projectile.shell_artillery packed 2 unique frames, 1600 decoded bytes, 0.075 seconds
fx.projectile.rocket_ir packed 9 unique frames, 15120 decoded bytes, 0.07 seconds
fx.projectile.mortar packed 2 unique frames, 1536 decoded bytes, 0.066 seconds
fx.projectile.missile_aa packed 9 unique frames, 13104 decoded bytes, 0.061 seconds
fx.projectile.bomb packed 2 unique frames, 2464 decoded bytes, 0.058 seconds
fx.projectile.tactical_missile packed 9 unique frames, 20664 decoded bytes, 0.064 seconds
fx.projectile.strategic_missile packed 9 unique frames, 27216 decoded bytes, 0.072 seconds
fx.projectile.interceptor packed 9 unique frames, 15120 decoded bytes, 0.065 seconds
