{
  "scope": "Source-executed topology storage accounting over actual TerrainSurface chunk/depth groups, one chunk at a time. Full-map totals are sums, not simultaneous measured residency. No browser, textures, GPU, heap high-water, timing or FPS measurement.",
  "sizes": "40² and256² public maps, flat and a deterministic raised/cliff map",
  "construction": "Compact topology creates the original numeric arrays/two Maps and a temporary per-top-tile Set. Recorded maximum numeric element and Map/Set-entry counts describe the conversion working set; engine object/string/Map overhead and garbage-collection timing are unmeasured. It retains only added Int32 fogTiles plus their1-byte memo entries, no far-point/range/fan arrays. Face fragments remain byte-identical in size. Far-corner clear checks allocate nothing and read at most2x4 current visible bits only after the leaf/shared-edge predicate passes.",
  "results": [
    {
      "size": 40,
      "raised": false,
      "fragments": 462,
      "triangles": 6400,
      "faceTriangles": 0,
      "beforeBytes": 268984,
      "indexedBytes": 453144,
      "afterBytes": 306488,
      "addedTopologyBytes": 37504,
      "savedFromIndexedBytes": 146656,
      "beforeMemoBytes": 16896,
      "afterMemoBytes": 26272,
      "addedMemoBytes": 9376,
      "totalAddedTopologyAndMemoBytes": 46880,
      "retainedFarIndexBytes": 0,
      "maxFragmentBeforeBytes": 1340,
      "maxFragmentAfterBytes": 1508,
      "maxChunkBeforeBytes": 43720,
      "maxChunkAfterBytes": 50296,
      "maxConstructionNumericElements": 628,
      "maxConstructionPointMapEntries": 65,
      "maxConstructionTileMapEntries": 126,
      "maxConstructionAddedTopSetEntries": 16
    },
    {
      "size": 40,
      "raised": true,
      "fragments": 686,
      "triangles": 6736,
      "faceTriangles": 336,
      "beforeBytes": 283184,
      "indexedBytes": 468016,
      "afterBytes": 320688,
      "addedTopologyBytes": 37504,
      "savedFromIndexedBytes": 147328,
      "beforeMemoBytes": 18034,
      "afterMemoBytes": 27410,
      "addedMemoBytes": 9376,
      "totalAddedTopologyAndMemoBytes": 46880,
      "retainedFarIndexBytes": 0,
      "maxFragmentBeforeBytes": 1340,
      "maxFragmentAfterBytes": 1508,
      "maxChunkBeforeBytes": 45394,
      "maxChunkAfterBytes": 51970,
      "maxConstructionNumericElements": 628,
      "maxConstructionPointMapEntries": 65,
      "maxConstructionTileMapEntries": 126,
      "maxConstructionAddedTopSetEntries": 16
    },
    {
      "size": 256,
      "raised": false,
      "fragments": 15872,
      "triangles": 262144,
      "faceTriangles": 0,
      "beforeBytes": 11151408,
      "indexedBytes": 18929400,
      "afterBytes": 12792480,
      "addedTopologyBytes": 1641072,
      "savedFromIndexedBytes": 6136920,
      "beforeMemoBytes": 712712,
      "afterMemoBytes": 1122980,
      "addedMemoBytes": 410268,
      "totalAddedTopologyAndMemoBytes": 2051340,
      "retainedFarIndexBytes": 0,
      "maxFragmentBeforeBytes": 1340,
      "maxFragmentAfterBytes": 1508,
      "maxChunkBeforeBytes": 43720,
      "maxChunkAfterBytes": 50296,
      "maxConstructionNumericElements": 628,
      "maxConstructionPointMapEntries": 65,
      "maxConstructionTileMapEntries": 126,
      "maxConstructionAddedTopSetEntries": 16
    },
    {
      "size": 256,
      "raised": true,
      "fragments": 20225,
      "triangles": 270045,
      "faceTriangles": 7901,
      "beforeBytes": 11492012,
      "indexedBytes": 19285806,
      "afterBytes": 13133084,
      "addedTopologyBytes": 1641072,
      "savedFromIndexedBytes": 6152722,
      "beforeMemoBytes": 740480,
      "afterMemoBytes": 1150748,
      "addedMemoBytes": 410268,
      "totalAddedTopologyAndMemoBytes": 2051340,
      "retainedFarIndexBytes": 0,
      "maxFragmentBeforeBytes": 1340,
      "maxFragmentAfterBytes": 1508,
      "maxChunkBeforeBytes": 46026,
      "maxChunkAfterBytes": 52184,
      "maxConstructionNumericElements": 628,
      "maxConstructionPointMapEntries": 65,
      "maxConstructionTileMapEntries": 126,
      "maxConstructionAddedTopSetEntries": 16
    }
  ]
}
