✔ metadata status streams beyond default capture limit and still checks final exit (117.649292ms)
✔ actual git metadata distinguishes clean, untracked and staged work (94.282333ms)
✔ packaged CSS resolves fonts, textures and imports and rejects unresolved source paths (0.850792ms)
✔ Go notices support archive and Homebrew layouts without accepting unrelated licenses (2.497084ms)
✔ native target removes inherited cross and CGO settings (0.200375ms)
✔ portable inventory rejects escape, Windows reserved names and symlinks (1.740333ms)
✔ native headers must match the recorded package platform and CPU (1.244542ms)
✔ offline package rejects missing runtime, changed bytes, unlisted resources and reused version (13.014709ms)
✔ installed runtime supplements include all pinned upstream notices (12.188708ms)
✔ missing, changed or version-mismatched supplemental notices fail before copying (11.298041ms)
✔ actual Vite build: separate CSS font/chrome assets map to the exact originals (37.601375ms)
✔ non-generated worker source drift during runtime build is rejected (35.709458ms)
✔ generated runtime and protocol outputs may change during runtime build (26.695042ms)
✔ nested source dependency bytes are guarded (23.4685ms)
✔ presentation capture cannot adopt a newer worker than the runtime build baseline (28.408708ms)
✔ hashed CSS .woff2 output corruption fails even with exact plugin copy (28.8225ms)
✔ hashed CSS .png output corruption fails even with exact plugin copy (24.451167ms)
✔ post-capture addition of a selected art file is rejected (24.12ms)
✔ post-capture art removal is rejected (20.4645ms)
✔ new audio license notice is rejected (21.394791ms)
✔ input-only effect approval manifest drift is rejected (19.4755ms)
✔ public collision with art/ui/chrome/panel.png is rejected (20.041208ms)
✔ public collision with content/index.json is rejected (18.201ms)
✔ public collision with build-assets.json is rejected (21.020584ms)
✔ public collision with index.html is rejected (21.832167ms)
✔ dynamic Vite output cannot collide with a public copy even with identical bytes (26.65825ms)
✔ dynamic entry cannot overwrite reserved index.html (21.272459ms)
✔ dynamic entry cannot overwrite reserved assets/packs/base.json (20.771417ms)
✔ dynamic entry cannot overwrite reserved build-assets.json (21.079666ms)
✔ only generated pack version may alter the authored content index (21.982666ms)
✔ generated pack version must match the actual base pack (27.946416ms)
✔ source symlink escape is rejected (15.997375ms)
✔ source directory cycle is rejected (19.043083ms)
✔ native host keeps authored content exact while browser gets generated pack identity (17.596042ms)
✔ transient copied extra art/audio/notices/transient.txt cannot survive source recapture (23.672208ms)
✔ transient copied extra assets/fonts/transient.woff2 cannot survive source recapture (23.460292ms)
✔ transient copied extra content/maps/transient.json cannot survive source recapture (21.172333ms)
✔ transient copied extra transient-public.txt cannot survive source recapture (24.52825ms)
✔ native content rejects transient added JSON absent from authored path set (16.518ms)
ℹ tests 39
ℹ suites 0
ℹ pass 39
ℹ fail 0
ℹ cancelled 0
ℹ skipped 0
ℹ todo 0
ℹ duration_ms 967.435042
