✔ a new structural condition interrupts a current real ActorVisual launch and cannot revive it (2.353042ms)
✔ strategic activation respects structural low power while enemy charge privacy stays generic (0.145583ms)
✔ actual aircraft poses retain current owned empty payload through parked, service, damage and final-shot cues (2.738375ms)
✔ payload appearance checks current viewer, current owner and current private data every time (0.286459ms)
✔ all departure/recovery aliases keep canonical frame clocks and altitude when payload changes (0.327791ms)
✔ missing empty variants stay explicit incomplete art without changing authoritative state (0.135875ms)
✔ a decoding atlas cannot retain stale payload pixels across empty or viewer boundaries (0.6935ms)
✔ all four owned launchers retain disclosed empty payload through mobile and transition states (4.450166ms)
✔ IR first and last shots use separate real cue clocks and current post-shot charges (0.183375ms)
✔ partial pose aliases preserve progress and current action epoch when knowledge changes (0.165125ms)
✔ current ownership and private knowledge gate every mobile, ready and firing variant (0.182917ms)
✔ packing, undeployment and structural interruptions discard launcher shot cues (1.03925ms)
✔ missing variants are an explicit incomplete-art diagnostic and unrelated actors remain unchanged (0.155042ms)
✔ pending real atlas pages cannot keep stale payload or an expired departing missile (0.831084ms)
✔ final interceptor launch uses an empty rack only for disclosed owned charges (0.718167ms)
✔ owned structural battery art preserves priority and known charge count with legacy fallback (0.319458ms)
✔ cosmetic squad casualties follow only disclosed health and restore with healing (0.075208ms)
✔ authoritative support and channel names select their authored work animation (0.116833ms)
✔ deployment, packing and damage cannot disappear behind ordinary idle art (0.09025ms)
✔ boarding receiver context opens only authored doors and blocked unloading keeps them open (0.15175ms)
✔ building animations follow known power and service facts without disclosing enemy assignments (0.32675ms)
ℹ tests 21
ℹ suites 0
ℹ pass 21
ℹ fail 0
ℹ cancelled 0
ℹ skipped 0
ℹ todo 0
ℹ duration_ms 209.001125
