FC_BUILDING_FROZEN_INPUTS_OK building.IR.aa_post
FC_BUILDING_FROZEN_INPUTS_OK building.IR.barracks
FC_BUILDING_FROZEN_INPUTS_OK building.IR.bunker
FC_BUILDING_FROZEN_INPUTS_OK building.IR.drone_hub
FC_BUILDING_FROZEN_INPUTS_OK building.IR.factory
FC_BUILDING_FROZEN_INPUTS_OK building.IR.gun_turret
FC_BUILDING_FROZEN_INPUTS_OK building.IR.hq
FC_BUILDING_FROZEN_INPUTS_OK building.IR.interceptor_battery
FC_BUILDING_FROZEN_INPUTS_OK building.IR.outpost
FC_BUILDING_FROZEN_INPUTS_OK building.IR.power
FC_BUILDING_FROZEN_INPUTS_OK building.IR.radar
FC_BUILDING_FROZEN_INPUTS_OK building.IR.repair_depot
FC_BUILDING_FROZEN_INPUTS_OK building.IR.strategic_site
FC_BUILDING_FROZEN_INPUTS_OK building.IR.supply
FC_BUILDING_FROZEN_INPUTS_OK building.IR.tech
FC_BUILDING_FROZEN_INPUTS_OK building.SA.aa_post
FC_BUILDING_FROZEN_INPUTS_OK building.SA.airfield
FC_BUILDING_FROZEN_INPUTS_OK building.SA.barracks
FC_BUILDING_FROZEN_INPUTS_OK building.SA.bunker
FC_BUILDING_FROZEN_INPUTS_OK building.SA.factory
FC_BUILDING_FROZEN_INPUTS_OK building.SA.gun_turret
FC_BUILDING_FROZEN_INPUTS_OK building.SA.hq
FC_BUILDING_FROZEN_INPUTS_OK building.SA.interceptor_battery
FC_BUILDING_FROZEN_INPUTS_OK building.SA.outpost
FC_BUILDING_FROZEN_INPUTS_OK building.SA.power
FC_BUILDING_FROZEN_INPUTS_OK building.SA.radar
FC_BUILDING_FROZEN_INPUTS_OK building.SA.repair_depot
FC_BUILDING_FROZEN_INPUTS_OK building.SA.strategic_site
FC_BUILDING_FROZEN_INPUTS_OK building.SA.supply
FC_BUILDING_FROZEN_INPUTS_OK building.SA.tech
FC_BUILDING_FROZEN_INPUTS_OK building.SY.aa_post
FC_BUILDING_FROZEN_INPUTS_OK building.SY.air_workshop
FC_BUILDING_FROZEN_INPUTS_OK building.SY.barracks
FC_BUILDING_FROZEN_INPUTS_OK building.SY.bunker
FC_BUILDING_FROZEN_INPUTS_OK building.SY.factory
FC_BUILDING_FROZEN_INPUTS_OK building.SY.gun_turret
FC_BUILDING_FROZEN_INPUTS_OK building.SY.hq
FC_BUILDING_FROZEN_INPUTS_OK building.SY.interceptor_battery
FC_BUILDING_FROZEN_INPUTS_OK building.SY.outpost
FC_BUILDING_FROZEN_INPUTS_OK building.SY.power
FC_BUILDING_FROZEN_INPUTS_OK building.SY.radar
FC_BUILDING_FROZEN_INPUTS_OK building.SY.repair_depot
FC_BUILDING_FROZEN_INPUTS_OK building.SY.safehouse
FC_BUILDING_FROZEN_INPUTS_OK building.SY.strategic_site
FC_BUILDING_FROZEN_INPUTS_OK building.SY.supply
FC_BUILDING_FROZEN_INPUTS_OK building.SY.tech
FC_BUILDING_FROZEN_INPUTS_OK building.US.aa_post
FC_BUILDING_FROZEN_INPUTS_OK building.US.airfield
FC_BUILDING_FROZEN_INPUTS_OK building.US.barracks
FC_BUILDING_FROZEN_INPUTS_OK building.US.bunker
FC_BUILDING_FROZEN_INPUTS_OK building.US.factory
FC_BUILDING_FROZEN_INPUTS_OK building.US.gun_turret
FC_BUILDING_FROZEN_INPUTS_OK building.US.interceptor_battery
FC_BUILDING_FROZEN_INPUTS_OK building.US.outpost
FC_BUILDING_FROZEN_INPUTS_OK building.US.radar
FC_BUILDING_FROZEN_INPUTS_OK building.US.repair_depot
FC_BUILDING_FROZEN_INPUTS_OK building.US.strategic_site
FC_BUILDING_FROZEN_INPUTS_OK building.US.supply
FC_BUILDING_FROZEN_INPUTS_OK building.US.tech
FC_VEHICLE_PRODUCTION_PREFLIGHT_OK unit.IR.aa
FC_VEHICLE_PRODUCTION_PREFLIGHT_OK unit.IR.apc
FC_VEHICLE_PRODUCTION_PREFLIGHT_OK unit.IR.artillery
FC_VEHICLE_PRODUCTION_PREFLIGHT_OK unit.IR.car
FC_VEHICLE_PRODUCTION_PREFLIGHT_OK unit.IR.launcher
FC_VEHICLE_PRODUCTION_PREFLIGHT_OK unit.IR.repair
FC_VEHICLE_PRODUCTION_PREFLIGHT_OK unit.IR.tank
FC_VEHICLE_PRODUCTION_PREFLIGHT_OK unit.SA.aa
FC_VEHICLE_PRODUCTION_PREFLIGHT_OK unit.SA.apc
FC_VEHICLE_PRODUCTION_PREFLIGHT_OK unit.SA.artillery
FC_VEHICLE_PRODUCTION_PREFLIGHT_OK unit.SA.car
FC_VEHICLE_PRODUCTION_PREFLIGHT_OK unit.SA.launcher
FC_VEHICLE_PRODUCTION_PREFLIGHT_OK unit.SA.repair
FC_VEHICLE_PRODUCTION_PREFLIGHT_OK unit.SA.tank
FC_VEHICLE_PRODUCTION_PREFLIGHT_OK unit.SY.aa
FC_VEHICLE_PRODUCTION_PREFLIGHT_OK unit.SY.apc
FC_VEHICLE_PRODUCTION_PREFLIGHT_OK unit.SY.artillery
FC_VEHICLE_PRODUCTION_PREFLIGHT_OK unit.SY.buggy
FC_VEHICLE_PRODUCTION_PREFLIGHT_OK unit.SY.launcher
FC_VEHICLE_PRODUCTION_PREFLIGHT_OK unit.SY.repair
FC_VEHICLE_PRODUCTION_PREFLIGHT_OK unit.SY.tank
FC_VEHICLE_PRODUCTION_PREFLIGHT_OK unit.US.aa
FC_VEHICLE_PRODUCTION_PREFLIGHT_OK unit.US.apc
FC_VEHICLE_PRODUCTION_PREFLIGHT_OK unit.US.artillery
FC_VEHICLE_PRODUCTION_PREFLIGHT_OK unit.US.car
FC_VEHICLE_PRODUCTION_PREFLIGHT_OK unit.US.launcher
FC_VEHICLE_PRODUCTION_PREFLIGHT_OK unit.US.repair
FC_STAGED_AIRCRAFT_PREFLIGHT_OK unit.IR.fighter
FC_STAGED_AIRCRAFT_PREFLIGHT_OK unit.IR.gunship
FC_STAGED_AIRCRAFT_PREFLIGHT_OK unit.IR.isr
FC_STAGED_AIRCRAFT_PREFLIGHT_OK unit.SA.fighter
FC_STAGED_AIRCRAFT_PREFLIGHT_OK unit.SA.gunship
FC_STAGED_AIRCRAFT_PREFLIGHT_OK unit.SA.strike
FC_STAGED_AIRCRAFT_PREFLIGHT_OK unit.SY.scout_drone
FC_STAGED_AIRCRAFT_PREFLIGHT_OK unit.US.airlift
FC_STAGED_AIRCRAFT_PREFLIGHT_OK unit.US.fighter
FC_STAGED_AIRCRAFT_PREFLIGHT_OK unit.US.gunship
FC_STAGED_AIRCRAFT_PREFLIGHT_OK unit.US.strike
FC_INFANTRY_ALL_PRODUCTION_PREFLIGHT_OK 8
