FC_INK_PRIVATE_ASSET shipping building.IR.interceptor_battery 244
FC_INK_PRIVATE_ASSET shipping building.IR.repair_depot 166
FC_INK_PRIVATE_ASSET shipping building.SY.repair_depot 166
FC_INK_PRIVATE_ASSET shipping building.US.aa_post 898
FC_INK_PRIVATE_ASSET shipping building.US.barracks 166
FC_INK_PRIVATE_ASSET shipping building.US.bunker 142
FC_INK_PRIVATE_ASSET shipping building.US.factory 166
FC_INK_PRIVATE_ASSET shipping building.US.gun_turret 898
FC_INK_PRIVATE_ASSET shipping building.US.hq 166
FC_INK_PRIVATE_ASSET shipping building.US.interceptor_battery 244
FC_INK_PRIVATE_ASSET shipping building.US.outpost 130
FC_INK_PRIVATE_ASSET shipping building.US.power 118
FC_INK_PRIVATE_ASSET shipping building.US.radar 130
FC_INK_PRIVATE_ASSET shipping building.US.repair_depot 166
FC_INK_PRIVATE_ASSET shipping building.US.strategic_site 262
FC_INK_PRIVATE_ASSET shipping building.US.supply 166
FC_INK_PRIVATE_ASSET shipping building.US.tech 130
FC_INK_PRIVATE_ASSET shipping prop.bridge_permanent 64
FC_INK_PRIVATE_ASSET shipping prop.central_shipment_site 16
FC_INK_PRIVATE_ASSET shipping prop.command_relay_objective 16
FC_INK_PRIVATE_ASSET shipping prop.concrete_barrier 16
FC_INK_PRIVATE_ASSET shipping prop.container_stack 16
FC_INK_PRIVATE_ASSET shipping prop.decor_building_nongarrison 48
FC_INK_PRIVATE_ASSET shipping prop.depot_objective 16
FC_INK_PRIVATE_ASSET shipping prop.destructible_wall_hp_heavy 48
FC_INK_PRIVATE_ASSET shipping prop.destructible_wall_hp_light 48
FC_INK_PRIVATE_ASSET shipping prop.fence_chainlink 16
FC_INK_PRIVATE_ASSET shipping prop.forest_edge_scrub 16
FC_INK_PRIVATE_ASSET shipping prop.fuel_tanks 16
FC_INK_PRIVATE_ASSET shipping prop.palm 16
FC_INK_PRIVATE_ASSET shipping prop.power_pylon 16
FC_INK_PRIVATE_ASSET shipping prop.region_marker_editor 8
FC_INK_PRIVATE_ASSET shipping prop.relay_objective 16
FC_INK_PRIVATE_ASSET shipping prop.rocks 4
FC_INK_PRIVATE_ASSET shipping prop.rubble_cover 4
FC_INK_PRIVATE_ASSET shipping prop.ruined_house_garrisonable 48
FC_INK_PRIVATE_ASSET shipping prop.sandbags 4
FC_INK_PRIVATE_ASSET shipping prop.shrub 4
FC_INK_PRIVATE_ASSET shipping prop.spawn_marker_editor 8
FC_INK_PRIVATE_ASSET shipping prop.supply_field 16
FC_INK_PRIVATE_ASSET shipping prop.supply_station_neutral 16
FC_INK_PRIVATE_ASSET shipping prop.warehouse_garrisonable 48
FC_INK_PRIVATE_ASSET shipping prop.wreck_decor_vehicle 16
FC_INK_PRIVATE_ASSET shipping unit.IR.at 1104
FC_INK_PRIVATE_ASSET shipping unit.IR.elite 1392
FC_INK_PRIVATE_ASSET shipping unit.IR.engineer 1440
FC_INK_PRIVATE_ASSET shipping unit.IR.hauler 2368
FC_INK_PRIVATE_ASSET shipping unit.IR.medic 1152
FC_INK_PRIVATE_ASSET shipping unit.IR.recon 1296
FC_INK_PRIVATE_ASSET shipping unit.IR.rifle 1104
FC_INK_PRIVATE_ASSET shipping unit.IR.rig 1984
FC_INK_PRIVATE_ASSET shipping unit.IR.strike 1696
FC_INK_PRIVATE_ASSET shipping unit.SA.hauler 2368
FC_INK_PRIVATE_ASSET shipping unit.SA.mobile_abm 2368
FC_INK_PRIVATE_ASSET shipping unit.SA.rig 1984
FC_INK_PRIVATE_ASSET shipping unit.SY.car 1152
FC_INK_PRIVATE_ASSET shipping unit.SY.hauler 2368
FC_INK_PRIVATE_ASSET shipping unit.SY.rig 1984
FC_INK_PRIVATE_ASSET shipping unit.US.at 1104
FC_INK_PRIVATE_ASSET shipping unit.US.elite 1392
FC_INK_PRIVATE_ASSET shipping unit.US.engineer 1440
FC_INK_PRIVATE_ASSET shipping unit.US.hauler 2368
FC_INK_PRIVATE_ASSET shipping unit.US.medic 1152
FC_INK_PRIVATE_ASSET shipping unit.US.recon 1296
FC_INK_PRIVATE_ASSET shipping unit.US.rifle 1104
FC_INK_PRIVATE_ASSET shipping unit.US.rig 1984
FC_INK_PRIVATE_ASSET shipping unit.US.tank 1152
FC_INK_PRIVATE_ASSET stage-v2 unit.US.airlift 3840
FC_INK_PRIVATE_ASSET stage-v2 unit.US.fighter 3136
FC_INK_PREPARED 69 50646
