✔ selected ordinary-build artifact must bind exact product pack before any launch (2.499084ms)
✔ all preflight/course/memory budgets and selected controls remain finite (0.116208ms)
✔ art body beyond fixed hash cap, duplicate or unsafe URL is rejected (0.236459ms)
✔ control filtering removes only exact control URLs and preserves global observer faults (0.244375ms)
✔ paid construction needs matching accepted order, new owner structure and saved real price (0.960041ms)
✔ requested hash/body/concurrency ceilings are explicit and finite (0.403333ms)
✔ one exact original body may prove bytes while raw same-run abort remains failed (0.572125ms)
✔ wrong descriptor is never replaced by whichever bytes happened to match (0.1465ms)
✔ EOF, realm, unique native ID, execution context, SW and nonoverlap are mandatory (0.328334ms)
✔ unsupported native JSON remains listed, not turned into an original-byte proof (0.186833ms)
✔ an ambiguous FAILED native JSON is never waived by successful body or scene observations (0.112625ms)
✔ native Blob is delivered unchanged without a local body read in this course (2.188666ms)
✔ native rejection object is forwarded and incomplete/truncated bytes never become proof (0.790666ms)
✔ missing capture, overflow, open hashes and CDP/PW disagreement never pass strict diagnostics (0.198291ms)
✔ API query credentials are excluded; complete static URL identity is preserved (0.111667ms)
✔ original fetch/reader result identity is forwarded, with no clone or extra read (0.526875ms)
✔ actual original texture identity, size reallocation and disposal are observed without double counting (1.0355ms)
✔ retained detached GL objects and unknown/unobserved contexts cannot become cleanup pass (0.520041ms)
✔ bounded resource observer fails closed after overflow, and never changes native errors (0.241125ms)
✔ passive worker observer never sends calls and preserves original post arguments/termination (12.374542ms)
ℹ tests 20
ℹ suites 0
ℹ pass 20
ℹ fail 0
ℹ cancelled 0
ℹ skipped 0
ℹ todo 0
ℹ duration_ms 161.589
