✔ selected ordinary-build artifact must bind exact product pack before any launch (2.006208ms)
✔ all preflight/course/memory budgets and selected controls remain finite (0.158042ms)
✔ art body beyond fixed hash cap, duplicate or unsafe URL is rejected (0.39525ms)
✔ control filtering removes only exact control URLs and preserves global observer faults (0.314458ms)
✔ paid construction needs matching accepted order, new owner structure and saved real price (0.766292ms)
✔ requested hash/body/concurrency ceilings are explicit and finite (0.671334ms)
✔ one exact original body may prove bytes while raw same-run abort remains failed (0.699208ms)
✔ wrong descriptor is never replaced by whichever bytes happened to match (0.247541ms)
✔ EOF, realm, unique native ID, execution context, SW and nonoverlap are mandatory (0.400417ms)
✔ unsupported native JSON remains listed, not turned into an original-byte proof (0.239667ms)
✔ an ambiguous FAILED native JSON is never waived by successful body or scene observations (0.101458ms)
✔ native Blob is delivered unchanged without a local body read in this course (0.847917ms)
✔ native rejection object is forwarded and incomplete/truncated bytes never become proof (0.466917ms)
✔ missing capture, overflow, open hashes and CDP/PW disagreement never pass strict diagnostics (0.168459ms)
✔ API query credentials are excluded; complete static URL identity is preserved (0.090084ms)
✔ original fetch/reader result identity is forwarded, with no clone or extra read (0.304ms)
✔ actual original texture identity, size reallocation and disposal are observed without double counting (1.378792ms)
✔ retained detached GL objects and unknown/unobserved contexts cannot become cleanup pass (0.5395ms)
✔ bounded resource observer fails closed after overflow, and never changes native errors (0.256041ms)
✔ passive worker observer never sends calls and preserves original post arguments/termination (12.020292ms)
ℹ tests 20
ℹ suites 0
ℹ pass 20
ℹ fail 0
ℹ cancelled 0
ℹ skipped 0
ℹ todo 0
ℹ duration_ms 145.603667
