✔ selected ordinary-build artifact must bind exact product pack before any launch (2.127084ms)
✔ all preflight/course/memory budgets and selected controls remain finite (0.13325ms)
✔ art body beyond fixed hash cap, duplicate or unsafe URL is rejected (0.26225ms)
✔ control filtering removes only exact control URLs and preserves global observer faults (0.375208ms)
✔ paid construction needs matching accepted order, new owner structure and saved real price (1.056ms)
✔ requested hash/body/concurrency ceilings are explicit and finite (0.442541ms)
✔ one exact original body may prove bytes while raw same-run abort remains failed (0.615875ms)
✔ wrong descriptor is never replaced by whichever bytes happened to match (0.165792ms)
✔ EOF, realm, unique native ID, execution context, SW and nonoverlap are mandatory (0.343375ms)
✔ unsupported native JSON remains listed, not turned into an original-byte proof (0.117125ms)
✔ an ambiguous FAILED native JSON is never waived by successful body or scene observations (0.107584ms)
✔ native Blob is delivered unchanged without a local body read in this course (0.948958ms)
✔ native rejection object is forwarded and incomplete/truncated bytes never become proof (0.817208ms)
✔ missing capture, overflow, open hashes and CDP/PW disagreement never pass strict diagnostics (0.327459ms)
✔ API query credentials are excluded; complete static URL identity is preserved (0.149583ms)
✔ original fetch/reader result identity is forwarded, with no clone or extra read (0.39825ms)
✔ actual original texture identity, size reallocation and disposal are observed without double counting (1.513ms)
✔ retained detached GL objects and unknown/unobserved contexts cannot become cleanup pass (0.703667ms)
✔ bounded resource observer fails closed after overflow, and never changes native errors (0.368417ms)
ℹ tests 19
ℹ suites 0
ℹ pass 19
ℹ fail 0
ℹ cancelled 0
ℹ skipped 0
ℹ todo 0
ℹ duration_ms 61.081417
