✔ selected ordinary-build artifact must bind exact product pack before any launch (2.050583ms)
✔ all preflight/course/memory budgets and selected controls remain finite (0.125042ms)
✔ art body beyond fixed hash cap, duplicate or unsafe URL is rejected (0.271084ms)
✔ control filtering removes only exact control URLs and preserves global observer faults (0.264375ms)
✔ paid construction needs matching accepted order, new owner structure and saved real price (0.784125ms)
✔ requested hash/body/concurrency ceilings are explicit and finite (0.436708ms)
✔ one exact original body may prove bytes while raw same-run abort remains failed (1.159083ms)
✔ wrong descriptor is never replaced by whichever bytes happened to match (0.21275ms)
✔ EOF, realm, unique native ID, execution context, SW and nonoverlap are mandatory (0.369458ms)
✔ unsupported native JSON remains listed, not turned into an original-byte proof (0.127416ms)
✔ an ambiguous FAILED native JSON is never waived by successful body or scene observations (0.115417ms)
✔ native Blob is delivered unchanged without a local body read in this course (1.321292ms)
✔ native rejection object is forwarded and incomplete/truncated bytes never become proof (0.714334ms)
✔ missing capture, overflow, open hashes and CDP/PW disagreement never pass strict diagnostics (0.25425ms)
✔ API query credentials are excluded; complete static URL identity is preserved (0.112792ms)
✔ original fetch/reader result identity is forwarded, with no clone or extra read (0.469916ms)
ℹ tests 16
ℹ suites 0
ℹ pass 16
ℹ fail 0
ℹ cancelled 0
ℹ skipped 0
ℹ todo 0
ℹ duration_ms 64.944791
