✔ actor effect deadlines use exact Go ticks including indefinite aura and expire without cooldown guesses (1.1635ms)
✔ only the owner receives magazine, ambush, service and emergency countdown information (0.157917ms)
✔ runtime without new metadata never starts an invented emergency timer or active buff (0.111416ms)
✔ a retained Return order does not label a landed aircraft as still returning (0.104208ms)
✔ known public effects remain visible on foreign authorized actors without private economy (0.114083ms)
✔ channel progress and countdown come from Go state, and cancellation removes them (0.089542ms)
✔ charges use the actual Go catalog while ABM count does not invent a capacity (0.077292ms)
✔ unknown/malformed/internal effects and contained or destroyed actors have no labels (0.091709ms)
✔ air production service wait is an owner-only unavailable badge, not a guessed capacity count (0.132625ms)
✔ only the active Return order describes current return flight (0.119958ms)
✔ current owned inactive home distinguishes paused service from low power and unknown home data (0.130792ms)
✔ grounded emergency no-home warning remains distinct from takeoff deadline and airborne endurance (0.110042ms)
✔ audio manifest rejects unsafe URLs, malformed bounds and partial codec fallbacks (0.822667ms)
✔ audio byte read bounds hold without length headers (10.475042ms)
✔ warning bundles and selection cooldowns are location specific and resettable (0.082792ms)
✔ director consumes only new permitted events; rewind/reconnect/new perspective never burst old sound (0.744708ms)
✔ selection and command acknowledgment require owned actors or actual receipt; lost vision is not death (0.214291ms)
✔ owner economy, teammate and public endgame transitions produce captions without inventing hidden readiness (0.220916ms)
✔ service-loss audio warns only when the current living owned aircraft has no replacement home (0.911625ms)
✔ service-loss warning does not repeat across duplicate IDs, reset, rewind or foreign perspective (0.1695ms)
ℹ tests 20
ℹ suites 0
ℹ pass 20
ℹ fail 0
ℹ cancelled 0
ℹ skipped 0
ℹ todo 0
ℹ duration_ms 74.74625
