{
  "status": "PASS",
  "spriteIDs": 95,
  "worldPrefixIDs": 95,
  "otherIDs": [],
  "metadataPins": 1188,
  "totals": {
    "1x": {
      "pages": 546,
      "nominalRGBABytes": 1463589392,
      "pickingBytes": 30296518,
      "firstIdleRGBABytes": 569650016,
      "firstIdlePickingBytes": 11752987
    },
    "2x": {
      "pages": 546,
      "nominalRGBABytes": 5854357568,
      "pickingBytes": 121185878,
      "firstIdleRGBABytes": 2278600064,
      "firstIdlePickingBytes": 47011852
    }
  }
}
