{
  "status": "PASS",
  "verifiedChunks": 1620,
  "verifiedTriangles": 1787300,
  "verifiedVertices": 5361900,
  "samples": [
    {
      "size": 256,
      "windowWidth": 1280,
      "height": 720,
      "uiScale": 1,
      "canvasWidth": 1032,
      "zoom": 0.45,
      "baseline": {
        "cameraTiles": [
          128,
          128
        ],
        "shake": [
          0,
          0
        ],
        "requiredVisibleChunks": 28,
        "firstVisibleFrame": 21,
        "fullVisibleFrame": 52,
        "allocated": 144,
        "disposed": 0,
        "activeChunks": 144,
        "residentChunks": 144,
        "nominalRGBABytes": 329223168,
        "maxBakes": 2
      },
      "candidate": {
        "cameraTiles": [
          128,
          128
        ],
        "shake": [
          0,
          0
        ],
        "requiredVisibleChunks": 28,
        "firstVisibleFrame": 1,
        "fullVisibleFrame": 14,
        "allocated": 82,
        "disposed": 0,
        "activeChunks": 82,
        "residentChunks": 82,
        "nominalRGBABytes": 187474304,
        "maxBakes": 2
      }
    },
    {
      "size": 256,
      "windowWidth": 1600,
      "height": 900,
      "uiScale": 1,
      "canvasWidth": 1300,
      "zoom": 0.45,
      "baseline": {
        "cameraTiles": [
          128,
          128
        ],
        "shake": [
          0,
          0
        ],
        "requiredVisibleChunks": 32,
        "firstVisibleFrame": 25,
        "fullVisibleFrame": 74,
        "allocated": 196,
        "disposed": 0,
        "activeChunks": 196,
        "residentChunks": 196,
        "nominalRGBABytes": 448109312,
        "maxBakes": 2
      },
      "candidate": {
        "cameraTiles": [
          128,
          128
        ],
        "shake": [
          0,
          0
        ],
        "requiredVisibleChunks": 32,
        "firstVisibleFrame": 1,
        "fullVisibleFrame": 16,
        "allocated": 110,
        "disposed": 0,
        "activeChunks": 110,
        "residentChunks": 110,
        "nominalRGBABytes": 251489920,
        "maxBakes": 2
      }
    },
    {
      "size": 256,
      "windowWidth": 1920,
      "height": 1080,
      "uiScale": 1,
      "canvasWidth": 1620,
      "zoom": 0.45,
      "baseline": {
        "cameraTiles": [
          128,
          128
        ],
        "shake": [
          0,
          0
        ],
        "requiredVisibleChunks": 50,
        "firstVisibleFrame": 28,
        "fullVisibleFrame": 101,
        "allocated": 256,
        "disposed": 0,
        "activeChunks": 256,
        "residentChunks": 256,
        "nominalRGBABytes": 585285632,
        "maxBakes": 2
      },
      "candidate": {
        "cameraTiles": [
          128,
          128
        ],
        "shake": [
          0,
          0
        ],
        "requiredVisibleChunks": 50,
        "firstVisibleFrame": 1,
        "fullVisibleFrame": 25,
        "allocated": 142,
        "disposed": 0,
        "activeChunks": 142,
        "residentChunks": 142,
        "nominalRGBABytes": 324650624,
        "maxBakes": 2
      }
    },
    {
      "size": 256,
      "windowWidth": 2560,
      "height": 1440,
      "uiScale": 1,
      "canvasWidth": 2260,
      "zoom": 0.45,
      "baseline": {
        "cameraTiles": [
          128,
          128
        ],
        "shake": [
          0,
          0
        ],
        "requiredVisibleChunks": 82,
        "firstVisibleFrame": 20,
        "fullVisibleFrame": 109,
        "allocated": 256,
        "disposed": 0,
        "activeChunks": 256,
        "residentChunks": 256,
        "nominalRGBABytes": 585285632,
        "maxBakes": 2
      },
      "candidate": {
        "cameraTiles": [
          128,
          128
        ],
        "shake": [
          0,
          0
        ],
        "requiredVisibleChunks": 82,
        "firstVisibleFrame": 1,
        "fullVisibleFrame": 41,
        "allocated": 180,
        "disposed": 0,
        "activeChunks": 180,
        "residentChunks": 180,
        "nominalRGBABytes": 411528960,
        "maxBakes": 2
      }
    }
  ]
}
